{\rtf1\ansi\deff0 {\fonttbl {\f0 Times New Roman;}}{\colortbl;\red188\green230\blue138;}{\header\pard\qr\fs14 Wiss. Bericht Tumor2-Normal2 vom 19.10.2017, Seite \chpgn  von {\field{\*\fldinst  NUMPAGES }}\par}\titlepg{\headerf {\pard\sa2200 \par}}{\footerf {\pard\sa1200 \par}}{\pard\sa270\fs28\b Wissenschaftlicher Bericht zu Tumorsequenzierung\par}{\pard\sa45\fs24\b Allgemeine Informationen:\par}{\pard\fs20
{\trowd\trgaph70\fs20\cellx3000\cellx6500\pard\intbl\sa20\sb20 {Datum:}\cell\pard\intbl\sa20\sb20 {19.10.2017}\cell\row}
{\trowd\trgaph70\fs20\cellx3000\cellx6500\pard\intbl\sa20\sb20 {Tumor:}\cell\pard\intbl\sa20\sb20 {Tumor2}\cell\row}
{\trowd\trgaph70\fs20\cellx3000\cellx6500\pard\intbl\sa20\sb20 {Normal:}\cell\pard\intbl\sa20\sb20 {Normal2}\cell\row}
{\trowd\trgaph70\fs20\cellx3000\cellx6500\pard\intbl\sa20\sb20 {Tumoranteil histol./molekular:}\cell\pard\intbl\sa20\sb20 {\highlight1 ca. n/a % /  ca. 102 %\highlight0}\cell\row}
{\trowd\trgaph70\fs20\cellx3000\cellx6500\pard\intbl\sa20\sb20 {Diagnose:}\cell\pard\intbl\sa20\sb20 {\highlight1 keine Angabe\highlight0}\cell\row}\par}{\pard\fs24\sa45\b Varianten\par}
{\trowd\trgaph70\fs20\cellx9500\pard\intbl\sa20\sb20\qj {In dieser Analyse wurden nur kodierende, nicht-synonyme Varianten sowie Spleiß-Varianten berücksichtigt. Die ausführlich gelisteten Varianten sind Biomarker, die in der CGI-Datenbank (www.cancergenomeinterpreter.org) gelistet werden. Die verbleibenden Gene mit Varianten werden im Block 'weitere Gene mit Varianten' zusammengefasst. Details zu diesen Varianten sind auf Nachfrage erhältlich. Eine funktionelle Einschätzung der Varianten finden Sie im beigefügten QCI-Bericht. Bitte beachten Sie, dass bei geringem Tumoranteil die Ergebnisse aufgrund niedriger Allelfrequenzen ungenauer sein können. Veränderungen, die in der jeweils zugehörigen Blutprobe gefunden wurden, können ein Hinweis auf eine erbliche Erkrankung darstellen. In diesem Fall empfehlen wir eine Vorstellung in einer humangenetischen Beratungsstelle. Weitere Informationen zur Untersuchungstechnik, -umfang und Auswertung finden sich in der Rubrik Qualitätsparameter.}\cell\row}{\pard\fs20\sb180\sa45\b SNVs und kleine INDELs:\par}
{\trowd\trgaph70\fs20\cellx9500\pard\intbl\sa20\sb20\qj {Die Filterkriterien für SVNs und kleine Indels finden sich in der Sektion Qualitätsparameter.}\cell\row}
{\trowd\trgaph70\fs20\cellx9500\pard\intbl\sa20\sb20\qj {Mutationslast: high (29.44 var/Mb)}\cell\row}
{\trowd\trgaph70\fs20\clbrdrt\brdrw18\brdrs\clbrdrl\brdrw18\brdrs\clbrdrb\brdrw18\brdrs\clbrdrr\brdrw18\brdrs\cellx2550\clbrdrt\brdrw18\brdrs\clbrdrl\brdrw18\brdrs\clbrdrb\brdrw18\brdrs\clbrdrr\brdrw18\brdrs\cellx3200\clbrdrt\brdrw18\brdrs\clbrdrl\brdrw18\brdrs\clbrdrb\brdrw18\brdrs\clbrdrr\brdrw18\brdrs\cellx3850\clbrdrt\brdrw18\brdrs\clbrdrl\brdrw18\brdrs\clbrdrb\brdrw18\brdrs\clbrdrr\brdrw18\brdrs\cellx5050\clbrdrt\brdrw18\brdrs\clbrdrl\brdrw18\brdrs\clbrdrb\brdrw18\brdrs\clbrdrr\brdrw18\brdrs\cellx6250\clbrdrt\brdrw18\brdrs\clbrdrl\brdrw18\brdrs\clbrdrb\brdrw18\brdrs\clbrdrr\brdrw18\brdrs\cellx9500\pard\intbl\sa20\sb20\qc\b {Position}\cell\pard\intbl\sa20\sb20\qc\b {R}\cell\pard\intbl\sa20\sb20\qc\b {V}\cell\pard\intbl\sa20\sb20\qc\b {F/T Tumor}\cell\pard\intbl\sa20\sb20\qc\b {F/T Normal}\cell\pard\intbl\sa20\sb20\qc\b {cDNA}\cell\row}
{\trowd\trgaph70\fs20\clbrdrt\brdrw18\brdrs\clbrdrl\brdrw18\brdrs\clbrdrb\brdrw18\brdrs\clbrdrr\brdrw18\brdrs\cellx9500\pard\intbl\sa20\sb20\qc\b {Somatische Varianten mit möglicher therapeutischer Relevanz}\cell\row}
{\trowd\trgaph70\fs20\clbrdrt\brdrw18\brdrs\clbrdrl\brdrw18\brdrs\clbrdrb\brdrw18\brdrs\clbrdrr\brdrw18\brdrs\cellx2550\clbrdrt\brdrw18\brdrs\clbrdrl\brdrw18\brdrs\clbrdrb\brdrw18\brdrs\clbrdrr\brdrw18\brdrs\cellx3200\clbrdrt\brdrw18\brdrs\clbrdrl\brdrw18\brdrs\clbrdrb\brdrw18\brdrs\clbrdrr\brdrw18\brdrs\cellx3850\clbrdrt\brdrw18\brdrs\clbrdrl\brdrw18\brdrs\clbrdrb\brdrw18\brdrs\clbrdrr\brdrw18\brdrs\cellx5050\clbrdrt\brdrw18\brdrs\clbrdrl\brdrw18\brdrs\clbrdrb\brdrw18\brdrs\clbrdrr\brdrw18\brdrs\cellx6250\clbrdrt\brdrw18\brdrs\clbrdrl\brdrw18\brdrs\clbrdrb\brdrw18\brdrs\clbrdrr\brdrw18\brdrs\cellx9500\pard\intbl\sa20\sb20 {chr2:141625739-141625739}\cell\pard\intbl\sa20\sb20\qc {C}\cell\pard\intbl\sa20\sb20\qc {T}\cell\pard\intbl\sa20\sb20\qc {0.784/334}\cell\pard\intbl\sa20\sb20\qc {0.000/501}\cell\pard\intbl\sa20\sb20\ql {LRP1B c.4263G>A p.Met1421Ile (ENST00000389484)}\cell\row}
{\trowd\trgaph70\fs20\clbrdrt\brdrw18\brdrs\clbrdrl\brdrw18\brdrs\clbrdrb\brdrw18\brdrs\clbrdrr\brdrw18\brdrs\cellx2550\clbrdrt\brdrw18\brdrs\clbrdrl\brdrw18\brdrs\clbrdrb\brdrw18\brdrs\clbrdrr\brdrw18\brdrs\cellx3200\clbrdrt\brdrw18\brdrs\clbrdrl\brdrw18\brdrs\clbrdrb\brdrw18\brdrs\clbrdrr\brdrw18\brdrs\cellx3850\clbrdrt\brdrw18\brdrs\clbrdrl\brdrw18\brdrs\clbrdrb\brdrw18\brdrs\clbrdrr\brdrw18\brdrs\cellx5050\clbrdrt\brdrw18\brdrs\clbrdrl\brdrw18\brdrs\clbrdrb\brdrw18\brdrs\clbrdrr\brdrw18\brdrs\cellx6250\clbrdrt\brdrw18\brdrs\clbrdrl\brdrw18\brdrs\clbrdrb\brdrw18\brdrs\clbrdrr\brdrw18\brdrs\cellx9500\pard\intbl\sa20\sb20 {chr3:47142993-47142993}\cell\pard\intbl\sa20\sb20\qc {G}\cell\pard\intbl\sa20\sb20\qc {A}\cell\pard\intbl\sa20\sb20\qc {0.801/322}\cell\pard\intbl\sa20\sb20\qc {0.000/577}\cell\pard\intbl\sa20\sb20\ql {SETD2 c.4970C>T p.Pro1657Leu (ENST00000409792)}\cell\row}
{\trowd\trgaph70\fs20\clbrdrt\brdrw18\brdrs\clbrdrl\brdrw18\brdrs\clbrdrb\brdrw18\brdrs\clbrdrr\brdrw18\brdrs\cellx2550\clbrdrt\brdrw18\brdrs\clbrdrl\brdrw18\brdrs\clbrdrb\brdrw18\brdrs\clbrdrr\brdrw18\brdrs\cellx3200\clbrdrt\brdrw18\brdrs\clbrdrl\brdrw18\brdrs\clbrdrb\brdrw18\brdrs\clbrdrr\brdrw18\brdrs\cellx3850\clbrdrt\brdrw18\brdrs\clbrdrl\brdrw18\brdrs\clbrdrb\brdrw18\brdrs\clbrdrr\brdrw18\brdrs\cellx5050\clbrdrt\brdrw18\brdrs\clbrdrl\brdrw18\brdrs\clbrdrb\brdrw18\brdrs\clbrdrr\brdrw18\brdrs\cellx6250\clbrdrt\brdrw18\brdrs\clbrdrl\brdrw18\brdrs\clbrdrb\brdrw18\brdrs\clbrdrr\brdrw18\brdrs\cellx9500\pard\intbl\sa20\sb20 {chr7:140453135-140453135}\cell\pard\intbl\sa20\sb20\qc {C}\cell\pard\intbl\sa20\sb20\qc {T}\cell\pard\intbl\sa20\sb20\qc {0.517/568}\cell\pard\intbl\sa20\sb20\qc {0.000/656}\cell\pard\intbl\sa20\sb20\ql {BRAF c.1800G>A p.Val600Val (ENST00000288602)}\cell\row}
{\trowd\trgaph70\fs20\clbrdrt\brdrw18\brdrs\clbrdrl\brdrw18\brdrs\clbrdrb\brdrw18\brdrs\clbrdrr\brdrw18\brdrs\cellx2550\clbrdrt\brdrw18\brdrs\clbrdrl\brdrw18\brdrs\clbrdrb\brdrw18\brdrs\clbrdrr\brdrw18\brdrs\cellx3200\clbrdrt\brdrw18\brdrs\clbrdrl\brdrw18\brdrs\clbrdrb\brdrw18\brdrs\clbrdrr\brdrw18\brdrs\cellx3850\clbrdrt\brdrw18\brdrs\clbrdrl\brdrw18\brdrs\clbrdrb\brdrw18\brdrs\clbrdrr\brdrw18\brdrs\cellx5050\clbrdrt\brdrw18\brdrs\clbrdrl\brdrw18\brdrs\clbrdrb\brdrw18\brdrs\clbrdrr\brdrw18\brdrs\cellx6250\clbrdrt\brdrw18\brdrs\clbrdrl\brdrw18\brdrs\clbrdrb\brdrw18\brdrs\clbrdrr\brdrw18\brdrs\cellx9500\pard\intbl\sa20\sb20 {chr7:140453136-140453136}\cell\pard\intbl\sa20\sb20\qc {A}\cell\pard\intbl\sa20\sb20\qc {T}\cell\pard\intbl\sa20\sb20\qc {0.519/568}\cell\pard\intbl\sa20\sb20\qc {0.000/661}\cell\pard\intbl\sa20\sb20\ql {BRAF c.1799T>A p.Val600Glu (ENST00000288602)}\cell\row}
{\trowd\trgaph70\fs20\clbrdrt\brdrw18\brdrs\clbrdrl\brdrw18\brdrs\clbrdrb\brdrw18\brdrs\clbrdrr\brdrw18\brdrs\cellx2550\clbrdrt\brdrw18\brdrs\clbrdrl\brdrw18\brdrs\clbrdrb\brdrw18\brdrs\clbrdrr\brdrw18\brdrs\cellx3200\clbrdrt\brdrw18\brdrs\clbrdrl\brdrw18\brdrs\clbrdrb\brdrw18\brdrs\clbrdrr\brdrw18\brdrs\cellx3850\clbrdrt\brdrw18\brdrs\clbrdrl\brdrw18\brdrs\clbrdrb\brdrw18\brdrs\clbrdrr\brdrw18\brdrs\cellx5050\clbrdrt\brdrw18\brdrs\clbrdrl\brdrw18\brdrs\clbrdrb\brdrw18\brdrs\clbrdrr\brdrw18\brdrs\cellx6250\clbrdrt\brdrw18\brdrs\clbrdrl\brdrw18\brdrs\clbrdrb\brdrw18\brdrs\clbrdrr\brdrw18\brdrs\cellx9500\pard\intbl\sa20\sb20 {chr12:49434964-49434964}\cell\pard\intbl\sa20\sb20\qc {G}\cell\pard\intbl\sa20\sb20\qc {A}\cell\pard\intbl\sa20\sb20\qc {0.605/133}\cell\pard\intbl\sa20\sb20\qc {0.000/414}\cell\pard\intbl\sa20\sb20\ql {KMT2D c.6589C>T p.Pro2197Ser (ENST00000301067)}\cell\row}
{\trowd\trgaph70\fs20\clbrdrt\brdrw18\brdrs\clbrdrl\brdrw18\brdrs\clbrdrb\brdrw18\brdrs\clbrdrr\brdrw18\brdrs\cellx2550\clbrdrt\brdrw18\brdrs\clbrdrl\brdrw18\brdrs\clbrdrb\brdrw18\brdrs\clbrdrr\brdrw18\brdrs\cellx3200\clbrdrt\brdrw18\brdrs\clbrdrl\brdrw18\brdrs\clbrdrb\brdrw18\brdrs\clbrdrr\brdrw18\brdrs\cellx3850\clbrdrt\brdrw18\brdrs\clbrdrl\brdrw18\brdrs\clbrdrb\brdrw18\brdrs\clbrdrr\brdrw18\brdrs\cellx5050\clbrdrt\brdrw18\brdrs\clbrdrl\brdrw18\brdrs\clbrdrb\brdrw18\brdrs\clbrdrr\brdrw18\brdrs\cellx6250\clbrdrt\brdrw18\brdrs\clbrdrl\brdrw18\brdrs\clbrdrb\brdrw18\brdrs\clbrdrr\brdrw18\brdrs\cellx9500\pard\intbl\sa20\sb20 {chr19:1220504-1220504}\cell\pard\intbl\sa20\sb20\qc {G}\cell\pard\intbl\sa20\sb20\qc {A}\cell\pard\intbl\sa20\sb20\qc {0.465/214}\cell\pard\intbl\sa20\sb20\qc {0.000/376}\cell\pard\intbl\sa20\sb20\ql {STK11 c.597G>A p.Glu199Glu (ENST00000326873)}\cell\row}
{\trowd\trgaph70\fs20\clbrdrt\brdrw18\brdrs\clbrdrl\brdrw18\brdrs\clbrdrb\brdrw18\brdrs\clbrdrr\brdrw18\brdrs\cellx2550\clbrdrt\brdrw18\brdrs\clbrdrl\brdrw18\brdrs\clbrdrb\brdrw18\brdrs\clbrdrr\brdrw18\brdrs\cellx9500\pard\intbl\sa20\sb20\qr {weitere Gene mit Varianten:}\cell\pard\intbl\sa20\sb20\qj {ADH1B, ARID2, CARD11, IKBKE, PRKDC}\cell\row}
{\trowd\trgaph70\fs20\clbrdrt\brdrw18\brdrs\clbrdrl\brdrw18\brdrs\clbrdrb\brdrw18\brdrs\clbrdrr\brdrw18\brdrs\cellx9500\pard\intbl\sa20\sb20\qc\b {Keimbahnvarianten*}\cell\row}
{\trowd\trgaph70\fs20\clbrdrt\brdrw18\brdrs\clbrdrl\brdrw18\brdrs\clbrdrb\brdrw18\brdrs\clbrdrr\brdrw18\brdrs\cellx2550\clbrdrt\brdrw18\brdrs\clbrdrl\brdrw18\brdrs\clbrdrb\brdrw18\brdrs\clbrdrr\brdrw18\brdrs\cellx3200\clbrdrt\brdrw18\brdrs\clbrdrl\brdrw18\brdrs\clbrdrb\brdrw18\brdrs\clbrdrr\brdrw18\brdrs\cellx3850\clbrdrt\brdrw18\brdrs\clbrdrl\brdrw18\brdrs\clbrdrb\brdrw18\brdrs\clbrdrr\brdrw18\brdrs\cellx5050\clbrdrt\brdrw18\brdrs\clbrdrl\brdrw18\brdrs\clbrdrb\brdrw18\brdrs\clbrdrr\brdrw18\brdrs\cellx6250\clbrdrt\brdrw18\brdrs\clbrdrl\brdrw18\brdrs\clbrdrb\brdrw18\brdrs\clbrdrr\brdrw18\brdrs\cellx9500\pard\intbl\sa20\sb20 {chr13:32914438-32914438}\cell\pard\intbl\sa20\sb20\qc {T}\cell\pard\intbl\sa20\sb20\qc {-}\cell\pard\intbl\sa20\sb20\qc {0.890/200}\cell\pard\intbl\sa20\sb20\qc {0.400/120}\cell\pard\intbl\sa20\sb20\ql {BRCA2 c.5946delT p.Ser1982fs (ENST00000380152)}\cell\row}{\pard\sa45\sb20\fs14 Position - chromosomale Position (GRCh37); R - Allel Referenz; V - Allel Variante; F/T Tumor - Frequenz und Tiefe im Tumor; F/T Normal - Frequenz und Tiefe im Normal; cDNA - cDNA Position und Auswirkung Peptid.\fs20\par}{\pard\fs20\sb180\sa45\b CNVs:\par}
{\trowd\trgaph70\fs20\cellx9500\pard\intbl\sa20\sb20\qj {Die folgenden Tabellen zeigen das Ergebnis der CNV-Analysen, die mit CNVHunter (www.github.com/imgag/ngs-bits) durchgeführt wurden. Zur Validierung relevanter Veränderungen empfehlen wir eine zweite, unabhängige Methode. Die geschätzte Copy Number ist abhängig von Tumorgehalt und Verteilung der CNV-tragenden Zellen im Tumorgewebe.}\cell\row}
{\trowd\trgaph70\fs20\clbrdrt\brdrw18\brdrs\clbrdrl\brdrw18\brdrs\clbrdrb\brdrw18\brdrs\clbrdrr\brdrw18\brdrs\cellx2550\clbrdrt\brdrw18\brdrs\clbrdrl\brdrw18\brdrs\clbrdrb\brdrw18\brdrs\clbrdrr\brdrw18\brdrs\cellx3800\clbrdrt\brdrw18\brdrs\clbrdrl\brdrw18\brdrs\clbrdrb\brdrw18\brdrs\clbrdrr\brdrw18\brdrs\cellx4800\clbrdrt\brdrw18\brdrs\clbrdrl\brdrw18\brdrs\clbrdrb\brdrw18\brdrs\clbrdrr\brdrw18\brdrs\cellx5300\clbrdrt\brdrw18\brdrs\clbrdrl\brdrw18\brdrs\clbrdrb\brdrw18\brdrs\clbrdrr\brdrw18\brdrs\cellx9500\pard\intbl\sa20\sb20\qc\b {Position}\cell\pard\intbl\sa20\sb20\qc\b {Größe}\cell\pard\intbl\sa20\sb20\qc\b {Typ}\cell\pard\intbl\sa20\sb20\qc\b {CN}\cell\pard\intbl\sa20\sb20\qc\b {Gene in dieser Region}\cell\row}
{\trowd\trgaph70\fs20\clbrdrt\brdrw18\brdrs\clbrdrl\brdrw18\brdrs\clbrdrb\brdrw18\brdrs\clbrdrr\brdrw18\brdrs\cellx9500\pard\intbl\sa20\sb20\qc\b {Somatische Veränderungen mit möglicher therapeutischer Relevanz}\cell\row}
{\trowd\trgaph70\fs20\clbrdrt\brdrw18\brdrs\clbrdrl\brdrw18\brdrs\clbrdrb\brdrw18\brdrs\clbrdrr\brdrw18\brdrs\cellx2550\clbrdrt\brdrw18\brdrs\clbrdrl\brdrw18\brdrs\clbrdrb\brdrw18\brdrs\clbrdrr\brdrw18\brdrs\cellx3800\clbrdrt\brdrw18\brdrs\clbrdrl\brdrw18\brdrs\clbrdrb\brdrw18\brdrs\clbrdrr\brdrw18\brdrs\cellx4800\clbrdrt\brdrw18\brdrs\clbrdrl\brdrw18\brdrs\clbrdrb\brdrw18\brdrs\clbrdrr\brdrw18\brdrs\cellx5300\clbrdrt\brdrw18\brdrs\clbrdrl\brdrw18\brdrs\clbrdrb\brdrw18\brdrs\clbrdrr\brdrw18\brdrs\cellx9500\pard\intbl\sa20\sb20 {chr5:1253817-39074504}\cell\pard\intbl\sa20\sb20\qc {37820688}\cell\pard\intbl\sa20\sb20\qc {AMP}\cell\pard\intbl\sa20\sb20\qc {5}\cell\pard\intbl\sa20\sb20\ql {RICTOR}\cell\row}
{\trowd\trgaph70\fs20\clbrdrt\brdrw18\brdrs\clbrdrl\brdrw18\brdrs\clbrdrb\brdrw18\brdrs\clbrdrr\brdrw18\brdrs\cellx2550\clbrdrt\brdrw18\brdrs\clbrdrl\brdrw18\brdrs\clbrdrb\brdrw18\brdrs\clbrdrr\brdrw18\brdrs\cellx3800\clbrdrt\brdrw18\brdrs\clbrdrl\brdrw18\brdrs\clbrdrb\brdrw18\brdrs\clbrdrr\brdrw18\brdrs\cellx4800\clbrdrt\brdrw18\brdrs\clbrdrl\brdrw18\brdrs\clbrdrb\brdrw18\brdrs\clbrdrr\brdrw18\brdrs\cellx5300\clbrdrt\brdrw18\brdrs\clbrdrl\brdrw18\brdrs\clbrdrb\brdrw18\brdrs\clbrdrr\brdrw18\brdrs\cellx9500\pard\intbl\sa20\sb20 {chr5:170832280-180049864}\cell\pard\intbl\sa20\sb20\qc {9217585}\cell\pard\intbl\sa20\sb20\qc {AMP}\cell\pard\intbl\sa20\sb20\qc {3}\cell\pard\intbl\sa20\sb20\ql {NPM1}\cell\row}
{\trowd\trgaph70\fs20\clbrdrt\brdrw18\brdrs\clbrdrl\brdrw18\brdrs\clbrdrb\brdrw18\brdrs\clbrdrr\brdrw18\brdrs\cellx2550\clbrdrt\brdrw18\brdrs\clbrdrl\brdrw18\brdrs\clbrdrb\brdrw18\brdrs\clbrdrr\brdrw18\brdrs\cellx3800\clbrdrt\brdrw18\brdrs\clbrdrl\brdrw18\brdrs\clbrdrb\brdrw18\brdrs\clbrdrr\brdrw18\brdrs\cellx4800\clbrdrt\brdrw18\brdrs\clbrdrl\brdrw18\brdrs\clbrdrb\brdrw18\brdrs\clbrdrr\brdrw18\brdrs\cellx5300\clbrdrt\brdrw18\brdrs\clbrdrl\brdrw18\brdrs\clbrdrb\brdrw18\brdrs\clbrdrr\brdrw18\brdrs\cellx9500\pard\intbl\sa20\sb20 {chr6:18130873-43748616}\cell\pard\intbl\sa20\sb20\qc {25617744}\cell\pard\intbl\sa20\sb20\qc {AMP}\cell\pard\intbl\sa20\sb20\qc {3}\cell\pard\intbl\sa20\sb20\ql {TPMT, VEGFA}\cell\row}
{\trowd\trgaph70\fs20\clbrdrt\brdrw18\brdrs\clbrdrl\brdrw18\brdrs\clbrdrb\brdrw18\brdrs\clbrdrr\brdrw18\brdrs\cellx2550\clbrdrt\brdrw18\brdrs\clbrdrl\brdrw18\brdrs\clbrdrb\brdrw18\brdrs\clbrdrr\brdrw18\brdrs\cellx3800\clbrdrt\brdrw18\brdrs\clbrdrl\brdrw18\brdrs\clbrdrb\brdrw18\brdrs\clbrdrr\brdrw18\brdrs\cellx4800\clbrdrt\brdrw18\brdrs\clbrdrl\brdrw18\brdrs\clbrdrb\brdrw18\brdrs\clbrdrr\brdrw18\brdrs\cellx5300\clbrdrt\brdrw18\brdrs\clbrdrl\brdrw18\brdrs\clbrdrb\brdrw18\brdrs\clbrdrr\brdrw18\brdrs\cellx9500\pard\intbl\sa20\sb20 {chr7:2949658-77649318}\cell\pard\intbl\sa20\sb20\qc {74699661}\cell\pard\intbl\sa20\sb20\qc {AMP}\cell\pard\intbl\sa20\sb20\qc {3}\cell\pard\intbl\sa20\sb20\ql {EGFR}\cell\row}
{\trowd\trgaph70\fs20\clbrdrt\brdrw18\brdrs\clbrdrl\brdrw18\brdrs\clbrdrb\brdrw18\brdrs\clbrdrr\brdrw18\brdrs\cellx2550\clbrdrt\brdrw18\brdrs\clbrdrl\brdrw18\brdrs\clbrdrb\brdrw18\brdrs\clbrdrr\brdrw18\brdrs\cellx3800\clbrdrt\brdrw18\brdrs\clbrdrl\brdrw18\brdrs\clbrdrb\brdrw18\brdrs\clbrdrr\brdrw18\brdrs\cellx4800\clbrdrt\brdrw18\brdrs\clbrdrl\brdrw18\brdrs\clbrdrb\brdrw18\brdrs\clbrdrr\brdrw18\brdrs\cellx5300\clbrdrt\brdrw18\brdrs\clbrdrl\brdrw18\brdrs\clbrdrb\brdrw18\brdrs\clbrdrr\brdrw18\brdrs\cellx9500\pard\intbl\sa20\sb20 {chr7:78119052-151921726}\cell\pard\intbl\sa20\sb20\qc {73802675}\cell\pard\intbl\sa20\sb20\qc {AMP}\cell\pard\intbl\sa20\sb20\qc {3}\cell\pard\intbl\sa20\sb20\ql {BRAF, CDK6, MET, SMO}\cell\row}
{\trowd\trgaph70\fs20\clbrdrt\brdrw18\brdrs\clbrdrl\brdrw18\brdrs\clbrdrb\brdrw18\brdrs\clbrdrr\brdrw18\brdrs\cellx2550\clbrdrt\brdrw18\brdrs\clbrdrl\brdrw18\brdrs\clbrdrb\brdrw18\brdrs\clbrdrr\brdrw18\brdrs\cellx3800\clbrdrt\brdrw18\brdrs\clbrdrl\brdrw18\brdrs\clbrdrb\brdrw18\brdrs\clbrdrr\brdrw18\brdrs\cellx4800\clbrdrt\brdrw18\brdrs\clbrdrl\brdrw18\brdrs\clbrdrb\brdrw18\brdrs\clbrdrr\brdrw18\brdrs\cellx5300\clbrdrt\brdrw18\brdrs\clbrdrl\brdrw18\brdrs\clbrdrb\brdrw18\brdrs\clbrdrr\brdrw18\brdrs\cellx9500\pard\intbl\sa20\sb20 {chr15:90627472-90634901}\cell\pard\intbl\sa20\sb20\qc {7430}\cell\pard\intbl\sa20\sb20\qc {LOSS}\cell\pard\intbl\sa20\sb20\qc {1}\cell\pard\intbl\sa20\sb20\ql {IDH2}\cell\row}
{\trowd\trgaph70\fs20\clbrdrt\brdrw18\brdrs\clbrdrl\brdrw18\brdrs\clbrdrb\brdrw18\brdrs\clbrdrr\brdrw18\brdrs\cellx2550\clbrdrt\brdrw18\brdrs\clbrdrl\brdrw18\brdrs\clbrdrb\brdrw18\brdrs\clbrdrr\brdrw18\brdrs\cellx3800\clbrdrt\brdrw18\brdrs\clbrdrl\brdrw18\brdrs\clbrdrb\brdrw18\brdrs\clbrdrr\brdrw18\brdrs\cellx4800\clbrdrt\brdrw18\brdrs\clbrdrl\brdrw18\brdrs\clbrdrb\brdrw18\brdrs\clbrdrr\brdrw18\brdrs\cellx5300\clbrdrt\brdrw18\brdrs\clbrdrl\brdrw18\brdrs\clbrdrb\brdrw18\brdrs\clbrdrr\brdrw18\brdrs\cellx9500\pard\intbl\sa20\sb20 {chr19:2220081-3113507}\cell\pard\intbl\sa20\sb20\qc {893427}\cell\pard\intbl\sa20\sb20\qc {AMP}\cell\pard\intbl\sa20\sb20\qc {4}\cell\pard\intbl\sa20\sb20\ql {GNA11}\cell\row}
{\trowd\trgaph70\fs20\clbrdrt\brdrw18\brdrs\clbrdrl\brdrw18\brdrs\clbrdrb\brdrw18\brdrs\clbrdrr\brdrw18\brdrs\cellx2550\clbrdrt\brdrw18\brdrs\clbrdrl\brdrw18\brdrs\clbrdrb\brdrw18\brdrs\clbrdrr\brdrw18\brdrs\cellx9500\pard\intbl\sa20\sb20\qr {CNVs in weiteren Gene:}\cell\pard\intbl\sa20\sb20\qj {ABCB1 (CN 3); AHR (CN 3); CARD11 (CN 3); CCND3 (CN 3); CDKN1A (CN 3); CUX1 (CN 3); CYP3A4 (CN 3); CYP3A5 (CN 3); DAXX (CN 3); DOT1L (CN 4); EGFR-AS1 (CN 3); EPHB4 (CN 3); EPHB6 (CN 3); EZH2 (CN 3); FANCE (CN 3); FGFR4 (CN 3); FLT4 (CN 3); FOXP4 (CN 3); GPSM3 (CN 3); HGF (CN 3); HOXA-AS2 (CN 3); HOXA3 (CN 3); IKZF1 (CN 3); IL7R (CN 5); INHBA (CN 3); INHBA-AS1 (CN 3); JAG2 (CN 3); KCNH2 (CN 3); KMT2C (CN 3); MAGI2 (CN 3, CN3); MAGI2 (CN 3, CN3); MAGI2-AS3 (CN 3); MIR4641 (CN 3); NAT2 (CN 1); NOTCH4 (CN 3); NSD1 (CN 3); PFDN6 (CN 3); PIK3CG (CN 3); PMS2 (CN 3); POLD1 (CN 3); PPP2R1A (CN 3); RAC1 (CN 3); RGL2 (CN 3); TERT (CN 5); TNKS (CN 1)}\cell\row}
{\trowd\trgaph70\fs20\clbrdrt\brdrw18\brdrs\clbrdrl\brdrw18\brdrs\clbrdrb\brdrw18\brdrs\clbrdrr\brdrw18\brdrs\cellx9500\pard\intbl\sa20\sb20\qc\b {Keimbahn*}\cell\row}
{\trowd\trgaph70\fs20\clbrdrt\brdrw18\brdrs\clbrdrl\brdrw18\brdrs\clbrdrb\brdrw18\brdrs\clbrdrr\brdrw18\brdrs\cellx9500\pard\intbl\sa20\sb20\qj {keine}\cell\row}{\pard\sa180\sb20\fs14 Position - chromosomale Position (GRCh37); Größe - CNV-Größe in Basenpaaren; Typ - Verlust (LOSS) oder Amplifikation (AMP); CN - geschätzte mediane Copy Number in dieser chrom. Region;Gene - Gene in dieser Region.\par}
{\trowd\trgaph70\fs20\cellx1800\cellx9000\pard\intbl\sa20\sb20 {\highlight1Amplifzierte Gene:\highlight0}\cell\pard\intbl\sa20\sb20\qj {\highlight1 RICTOR, NPM1, TPMT,  VEGFA, EGFR, BRAF,  CDK6,  MET,  SMO, GNA11, ABCB1, AHR, CARD11, CCND3, CDKN1A, CUX1, CYP3A4, CYP3A5, DAXX, DOT1L, EGFR-AS1, EPHB4, EPHB6, EZH2, FANCE, FGFR4, FLT4, FOXP4, GPSM3, HGF, HOXA-AS2, HOXA3, IKZF1, IL7R, INHBA, INHBA-AS1, JAG2, KCNH2, KMT2C, MAGI2, MAGI2-AS3, MIR4641, NOTCH4, NSD1, PFDN6, PIK3CG, PMS2, POLD1, PPP2R1A, RAC1, RGL2, TERT\highlight0}\cell\row}
{\trowd\trgaph70\fs20\cellx1800\cellx9000\pard\intbl\sa20\sb20 {\highlight1Deletierte Gene:\highlight0}\cell\pard\intbl\sa20\sb20\qj {\highlight1 IDH2, NAT2, TNKS\highlight0}\cell\row}{\pard\fs24\sa45\sb180\b Qualitätsparameter:\par}
{\trowd\trgaph70\fs20\cellx3500\cellx9500\pard\intbl\sa20\sb20 {Revision der Analysepipeline:}\cell\pard\intbl\sa20\sb20 {megSAP 0.1-438-g765065e}\cell\row}
{\trowd\trgaph70\fs20\cellx3500\cellx9500\pard\intbl\sa20\sb20 {Coverage Tumor 100x:}\cell\pard\intbl\sa20\sb20 {96.48 %}\cell\row}
{\trowd\trgaph70\fs20\cellx3500\cellx9500\pard\intbl\sa20\sb20 {Durchschnittl. Tiefe Tumor:}\cell\pard\intbl\sa20\sb20 {291.64x}\cell\row}
{\trowd\trgaph70\fs20\cellx3500\cellx9500\pard\intbl\sa20\sb20 {Coverage Normal 100x:}\cell\pard\intbl\sa20\sb20 {98.17 %}\cell\row}
{\trowd\trgaph70\fs20\cellx3500\cellx9500\pard\intbl\sa20\sb20 {Durchschnittl. Tiefe Normal:}\cell\pard\intbl\sa20\sb20 {503.41x}\cell\row}
{\trowd\trgaph70\fs20\cellx3500\cellx9500\pard\intbl\sa20\sb20 {Prozessierungssystem Tumor:}\cell\pard\intbl\sa20\sb20 {SureSelect Somatic Cancer Panel v2}\cell\row}
{\trowd\trgaph70\fs20\cellx3500\cellx9500\pard\intbl\sa20\sb20 {Prozessierungssystem Normal:}\cell\pard\intbl\sa20\sb20 {SureSelect Somatic Cancer Panel v2}\cell\row}
{\trowd\trgaph70\fs20\cellx3500\cellx9500\pard\intbl\sa20\sb20 {verwendeter Variantenfilter für somatische SNVs / Indels:}\cell\pard\intbl\sa20\sb20 {fv.not_cod_spli, fv.off_target, fv.somca_depth_tum, fv.somca_depth_norm, fv.somca_all_freq}\cell\row}
{\trowd\trgaph70\fs20\cellx3500\cellx9500\pard\intbl\sa20\sb20 {verwendeter Genfilter für Keimbahnvarianten:}\cell\pard\intbl\sa20\sb20 {APC, BMPR1A, BRCA1, BRCA2, MEN1, MLH1, MSH2, MSH6, MUTYH, NF2, PMS2, PTEN, RB1, RET, SDHAF2, SDHB, SDHC, SDHD, SMAD4, STK11, TP53, TSC1, TSC2, VHL, WT1.}\cell\row}}