{\rtf1\ansi\deff0 {\fonttbl {\f0 Times New Roman;}}{\colortbl;\red188\green230\blue138;}{\header\pard\qr\fs14 Wiss. Bericht Tumor1-Normal1 vom 19.10.2017, Seite \chpgn  von {\field{\*\fldinst  NUMPAGES }}\par}\titlepg{\headerf {\pard\sa2200 \par}}{\footerf {\pard\sa1200 \par}}{\pard\sa270\fs28\b Wissenschaftlicher Bericht zu Tumorsequenzierung\par}{\pard\sa45\fs24\b Allgemeine Informationen:\par}{\pard\fs20
{\trowd\trgaph70\fs20\cellx3000\cellx6500\pard\intbl\sa20\sb20 {Datum:}\cell\pard\intbl\sa20\sb20 {19.10.2017}\cell\row}
{\trowd\trgaph70\fs20\cellx3000\cellx6500\pard\intbl\sa20\sb20 {Tumor:}\cell\pard\intbl\sa20\sb20 {Tumor1}\cell\row}
{\trowd\trgaph70\fs20\cellx3000\cellx6500\pard\intbl\sa20\sb20 {Normal:}\cell\pard\intbl\sa20\sb20 {Normal1}\cell\row}
{\trowd\trgaph70\fs20\cellx3000\cellx6500\pard\intbl\sa20\sb20 {Tumoranteil histol./molekular:}\cell\pard\intbl\sa20\sb20 {\highlight1 ca. n/a % / n/a (too few variants) %\highlight0}\cell\row}
{\trowd\trgaph70\fs20\cellx3000\cellx6500\pard\intbl\sa20\sb20 {Diagnose:}\cell\pard\intbl\sa20\sb20 {\highlight1 keine Angabe\highlight0}\cell\row}\par}{\pard\fs24\sa45\b Varianten\par}
{\trowd\trgaph70\fs20\cellx9500\pard\intbl\sa20\sb20\qj {In dieser Analyse wurden nur kodierende, nicht-synonyme Varianten sowie Spleiß-Varianten berücksichtigt. Die ausführlich gelisteten Varianten sind Biomarker, die in der CGI-Datenbank (www.cancergenomeinterpreter.org) gelistet werden. Die verbleibenden Gene mit Varianten werden im Block 'weitere Gene mit Varianten' zusammengefasst. Details zu diesen Varianten sind auf Nachfrage erhältlich. Eine funktionelle Einschätzung der Varianten finden Sie im beigefügten QCI-Bericht. Bitte beachten Sie, dass bei geringem Tumoranteil die Ergebnisse aufgrund niedriger Allelfrequenzen ungenauer sein können. Veränderungen, die in der jeweils zugehörigen Blutprobe gefunden wurden, können ein Hinweis auf eine erbliche Erkrankung darstellen. In diesem Fall empfehlen wir eine Vorstellung in einer humangenetischen Beratungsstelle. Weitere Informationen zur Untersuchungstechnik, -umfang und Auswertung finden sich in der Rubrik Qualitätsparameter.}\cell\row}{\pard\fs20\sb180\sa45\b SNVs und kleine INDELs:\par}
{\trowd\trgaph70\fs20\cellx9500\pard\intbl\sa20\sb20\qj {Die Filterkriterien für SVNs und kleine Indels finden sich in der Sektion Qualitätsparameter.}\cell\row}
{\trowd\trgaph70\fs20\cellx9500\pard\intbl\sa20\sb20\qj {Mutationslast: intermediate (7.16 var/Mb)}\cell\row}
{\trowd\trgaph70\fs20\clbrdrt\brdrw18\brdrs\clbrdrl\brdrw18\brdrs\clbrdrb\brdrw18\brdrs\clbrdrr\brdrw18\brdrs\cellx2550\clbrdrt\brdrw18\brdrs\clbrdrl\brdrw18\brdrs\clbrdrb\brdrw18\brdrs\clbrdrr\brdrw18\brdrs\cellx3200\clbrdrt\brdrw18\brdrs\clbrdrl\brdrw18\brdrs\clbrdrb\brdrw18\brdrs\clbrdrr\brdrw18\brdrs\cellx3850\clbrdrt\brdrw18\brdrs\clbrdrl\brdrw18\brdrs\clbrdrb\brdrw18\brdrs\clbrdrr\brdrw18\brdrs\cellx5050\clbrdrt\brdrw18\brdrs\clbrdrl\brdrw18\brdrs\clbrdrb\brdrw18\brdrs\clbrdrr\brdrw18\brdrs\cellx6250\clbrdrt\brdrw18\brdrs\clbrdrl\brdrw18\brdrs\clbrdrb\brdrw18\brdrs\clbrdrr\brdrw18\brdrs\cellx9500\pard\intbl\sa20\sb20\qc\b {Position}\cell\pard\intbl\sa20\sb20\qc\b {R}\cell\pard\intbl\sa20\sb20\qc\b {V}\cell\pard\intbl\sa20\sb20\qc\b {F/T Tumor}\cell\pard\intbl\sa20\sb20\qc\b {F/T Normal}\cell\pard\intbl\sa20\sb20\qc\b {cDNA}\cell\row}
{\trowd\trgaph70\fs20\clbrdrt\brdrw18\brdrs\clbrdrl\brdrw18\brdrs\clbrdrb\brdrw18\brdrs\clbrdrr\brdrw18\brdrs\cellx9500\pard\intbl\sa20\sb20\qc\b {Somatische Varianten mit möglicher therapeutischer Relevanz}\cell\row}
{\trowd\trgaph70\fs20\clbrdrt\brdrw18\brdrs\clbrdrl\brdrw18\brdrs\clbrdrb\brdrw18\brdrs\clbrdrr\brdrw18\brdrs\cellx2550\clbrdrt\brdrw18\brdrs\clbrdrl\brdrw18\brdrs\clbrdrb\brdrw18\brdrs\clbrdrr\brdrw18\brdrs\cellx3200\clbrdrt\brdrw18\brdrs\clbrdrl\brdrw18\brdrs\clbrdrb\brdrw18\brdrs\clbrdrr\brdrw18\brdrs\cellx3850\clbrdrt\brdrw18\brdrs\clbrdrl\brdrw18\brdrs\clbrdrb\brdrw18\brdrs\clbrdrr\brdrw18\brdrs\cellx5050\clbrdrt\brdrw18\brdrs\clbrdrl\brdrw18\brdrs\clbrdrb\brdrw18\brdrs\clbrdrr\brdrw18\brdrs\cellx6250\clbrdrt\brdrw18\brdrs\clbrdrl\brdrw18\brdrs\clbrdrb\brdrw18\brdrs\clbrdrr\brdrw18\brdrs\cellx9500\pard\intbl\sa20\sb20 {chr17:7577106-7577106}\cell\pard\intbl\sa20\sb20\qc {G}\cell\pard\intbl\sa20\sb20\qc {C}\cell\pard\intbl\sa20\sb20\qc {0.633/109}\cell\pard\intbl\sa20\sb20\qc {0.000/290}\cell\pard\intbl\sa20\sb20\ql {TP53 c.832C>G p.Pro278Ala (ENST00000269305)}\cell\row}
{\trowd\trgaph70\fs20\clbrdrt\brdrw18\brdrs\clbrdrl\brdrw18\brdrs\clbrdrb\brdrw18\brdrs\clbrdrr\brdrw18\brdrs\cellx2550\clbrdrt\brdrw18\brdrs\clbrdrl\brdrw18\brdrs\clbrdrb\brdrw18\brdrs\clbrdrr\brdrw18\brdrs\cellx9500\pard\intbl\sa20\sb20\qr {weitere Gene mit Varianten:}\cell\pard\intbl\sa20\sb20\qj {CDH5, LRP6}\cell\row}
{\trowd\trgaph70\fs20\clbrdrt\brdrw18\brdrs\clbrdrl\brdrw18\brdrs\clbrdrb\brdrw18\brdrs\clbrdrr\brdrw18\brdrs\cellx9500\pard\intbl\sa20\sb20\qc\b {Keimbahnvarianten*}\cell\row}
{\trowd\trgaph70\fs20\clbrdrt\brdrw18\brdrs\clbrdrl\brdrw18\brdrs\clbrdrb\brdrw18\brdrs\clbrdrr\brdrw18\brdrs\cellx9500\pard\intbl\sa20\sb20\qj {keine}\cell\row}{\pard\sa45\sb20\fs14 Position - chromosomale Position (GRCh37); R - Allel Referenz; V - Allel Variante; F/T Tumor - Frequenz und Tiefe im Tumor; F/T Normal - Frequenz und Tiefe im Normal; cDNA - cDNA Position und Auswirkung Peptid.\fs20\par}{\pard\fs20\sb180\sa45\b CNVs:\par}
{\trowd\trgaph70\fs20\cellx9500\pard\intbl\sa20\sb20\qj {Die folgenden Tabellen zeigen das Ergebnis der CNV-Analysen, die mit CNVHunter (www.github.com/imgag/ngs-bits) durchgeführt wurden. Zur Validierung relevanter Veränderungen empfehlen wir eine zweite, unabhängige Methode. Die geschätzte Copy Number ist abhängig von Tumorgehalt und Verteilung der CNV-tragenden Zellen im Tumorgewebe.}\cell\row}
{\trowd\trgaph70\fs20\clbrdrt\brdrw18\brdrs\clbrdrl\brdrw18\brdrs\clbrdrb\brdrw18\brdrs\clbrdrr\brdrw18\brdrs\cellx2550\clbrdrt\brdrw18\brdrs\clbrdrl\brdrw18\brdrs\clbrdrb\brdrw18\brdrs\clbrdrr\brdrw18\brdrs\cellx3800\clbrdrt\brdrw18\brdrs\clbrdrl\brdrw18\brdrs\clbrdrb\brdrw18\brdrs\clbrdrr\brdrw18\brdrs\cellx4800\clbrdrt\brdrw18\brdrs\clbrdrl\brdrw18\brdrs\clbrdrb\brdrw18\brdrs\clbrdrr\brdrw18\brdrs\cellx5300\clbrdrt\brdrw18\brdrs\clbrdrl\brdrw18\brdrs\clbrdrb\brdrw18\brdrs\clbrdrr\brdrw18\brdrs\cellx9500\pard\intbl\sa20\sb20\qc\b {Position}\cell\pard\intbl\sa20\sb20\qc\b {Größe}\cell\pard\intbl\sa20\sb20\qc\b {Typ}\cell\pard\intbl\sa20\sb20\qc\b {CN}\cell\pard\intbl\sa20\sb20\qc\b {Gene in dieser Region}\cell\row}
{\trowd\trgaph70\fs20\clbrdrt\brdrw18\brdrs\clbrdrl\brdrw18\brdrs\clbrdrb\brdrw18\brdrs\clbrdrr\brdrw18\brdrs\cellx9500\pard\intbl\sa20\sb20\qc\b {Somatische Veränderungen mit möglicher therapeutischer Relevanz}\cell\row}
{\trowd\trgaph70\fs20\clbrdrt\brdrw18\brdrs\clbrdrl\brdrw18\brdrs\clbrdrb\brdrw18\brdrs\clbrdrr\brdrw18\brdrs\cellx2550\clbrdrt\brdrw18\brdrs\clbrdrl\brdrw18\brdrs\clbrdrb\brdrw18\brdrs\clbrdrr\brdrw18\brdrs\cellx3800\clbrdrt\brdrw18\brdrs\clbrdrl\brdrw18\brdrs\clbrdrb\brdrw18\brdrs\clbrdrr\brdrw18\brdrs\cellx4800\clbrdrt\brdrw18\brdrs\clbrdrl\brdrw18\brdrs\clbrdrb\brdrw18\brdrs\clbrdrr\brdrw18\brdrs\cellx5300\clbrdrt\brdrw18\brdrs\clbrdrl\brdrw18\brdrs\clbrdrb\brdrw18\brdrs\clbrdrr\brdrw18\brdrs\cellx9500\pard\intbl\sa20\sb20 {chr1:11297874-59248767}\cell\pard\intbl\sa20\sb20\qc {47950894}\cell\pard\intbl\sa20\sb20\qc {LOSS}\cell\pard\intbl\sa20\sb20\qc {1}\cell\pard\intbl\sa20\sb20\ql {MTOR}\cell\row}
{\trowd\trgaph70\fs20\clbrdrt\brdrw18\brdrs\clbrdrl\brdrw18\brdrs\clbrdrb\brdrw18\brdrs\clbrdrr\brdrw18\brdrs\cellx2550\clbrdrt\brdrw18\brdrs\clbrdrl\brdrw18\brdrs\clbrdrb\brdrw18\brdrs\clbrdrr\brdrw18\brdrs\cellx3800\clbrdrt\brdrw18\brdrs\clbrdrl\brdrw18\brdrs\clbrdrb\brdrw18\brdrs\clbrdrr\brdrw18\brdrs\cellx4800\clbrdrt\brdrw18\brdrs\clbrdrl\brdrw18\brdrs\clbrdrb\brdrw18\brdrs\clbrdrr\brdrw18\brdrs\cellx5300\clbrdrt\brdrw18\brdrs\clbrdrl\brdrw18\brdrs\clbrdrb\brdrw18\brdrs\clbrdrr\brdrw18\brdrs\cellx9500\pard\intbl\sa20\sb20 {chr1:155158585-156849974}\cell\pard\intbl\sa20\sb20\qc {1691390}\cell\pard\intbl\sa20\sb20\qc {LOSS}\cell\pard\intbl\sa20\sb20\qc {1}\cell\pard\intbl\sa20\sb20\ql {NTRK1}\cell\row}
{\trowd\trgaph70\fs20\clbrdrt\brdrw18\brdrs\clbrdrl\brdrw18\brdrs\clbrdrb\brdrw18\brdrs\clbrdrr\brdrw18\brdrs\cellx2550\clbrdrt\brdrw18\brdrs\clbrdrl\brdrw18\brdrs\clbrdrb\brdrw18\brdrs\clbrdrr\brdrw18\brdrs\cellx3800\clbrdrt\brdrw18\brdrs\clbrdrl\brdrw18\brdrs\clbrdrb\brdrw18\brdrs\clbrdrr\brdrw18\brdrs\cellx4800\clbrdrt\brdrw18\brdrs\clbrdrl\brdrw18\brdrs\clbrdrb\brdrw18\brdrs\clbrdrr\brdrw18\brdrs\cellx5300\clbrdrt\brdrw18\brdrs\clbrdrl\brdrw18\brdrs\clbrdrb\brdrw18\brdrs\clbrdrr\brdrw18\brdrs\cellx9500\pard\intbl\sa20\sb20 {chr2:25464405-25471146}\cell\pard\intbl\sa20\sb20\qc {6742}\cell\pard\intbl\sa20\sb20\qc {LOSS}\cell\pard\intbl\sa20\sb20\qc {1}\cell\pard\intbl\sa20\sb20\ql {DNMT3A}\cell\row}
{\trowd\trgaph70\fs20\clbrdrt\brdrw18\brdrs\clbrdrl\brdrw18\brdrs\clbrdrb\brdrw18\brdrs\clbrdrr\brdrw18\brdrs\cellx2550\clbrdrt\brdrw18\brdrs\clbrdrl\brdrw18\brdrs\clbrdrb\brdrw18\brdrs\clbrdrr\brdrw18\brdrs\cellx3800\clbrdrt\brdrw18\brdrs\clbrdrl\brdrw18\brdrs\clbrdrb\brdrw18\brdrs\clbrdrr\brdrw18\brdrs\cellx4800\clbrdrt\brdrw18\brdrs\clbrdrl\brdrw18\brdrs\clbrdrb\brdrw18\brdrs\clbrdrr\brdrw18\brdrs\cellx5300\clbrdrt\brdrw18\brdrs\clbrdrl\brdrw18\brdrs\clbrdrb\brdrw18\brdrs\clbrdrr\brdrw18\brdrs\cellx9500\pard\intbl\sa20\sb20 {chr2:141072478-141264512}\cell\pard\intbl\sa20\sb20\qc {192035}\cell\pard\intbl\sa20\sb20\qc {AMP}\cell\pard\intbl\sa20\sb20\qc {3}\cell\pard\intbl\sa20\sb20\ql {LRP1B}\cell\row}
{\trowd\trgaph70\fs20\clbrdrt\brdrw18\brdrs\clbrdrl\brdrw18\brdrs\clbrdrb\brdrw18\brdrs\clbrdrr\brdrw18\brdrs\cellx2550\clbrdrt\brdrw18\brdrs\clbrdrl\brdrw18\brdrs\clbrdrb\brdrw18\brdrs\clbrdrr\brdrw18\brdrs\cellx3800\clbrdrt\brdrw18\brdrs\clbrdrl\brdrw18\brdrs\clbrdrb\brdrw18\brdrs\clbrdrr\brdrw18\brdrs\cellx4800\clbrdrt\brdrw18\brdrs\clbrdrl\brdrw18\brdrs\clbrdrb\brdrw18\brdrs\clbrdrr\brdrw18\brdrs\cellx5300\clbrdrt\brdrw18\brdrs\clbrdrl\brdrw18\brdrs\clbrdrb\brdrw18\brdrs\clbrdrr\brdrw18\brdrs\cellx9500\pard\intbl\sa20\sb20 {chr2:141272196-142238144}\cell\pard\intbl\sa20\sb20\qc {965949}\cell\pard\intbl\sa20\sb20\qc {AMP}\cell\pard\intbl\sa20\sb20\qc {3}\cell\pard\intbl\sa20\sb20\ql {LRP1B}\cell\row}
{\trowd\trgaph70\fs20\clbrdrt\brdrw18\brdrs\clbrdrl\brdrw18\brdrs\clbrdrb\brdrw18\brdrs\clbrdrr\brdrw18\brdrs\cellx2550\clbrdrt\brdrw18\brdrs\clbrdrl\brdrw18\brdrs\clbrdrb\brdrw18\brdrs\clbrdrr\brdrw18\brdrs\cellx3800\clbrdrt\brdrw18\brdrs\clbrdrl\brdrw18\brdrs\clbrdrb\brdrw18\brdrs\clbrdrr\brdrw18\brdrs\cellx4800\clbrdrt\brdrw18\brdrs\clbrdrl\brdrw18\brdrs\clbrdrb\brdrw18\brdrs\clbrdrr\brdrw18\brdrs\cellx5300\clbrdrt\brdrw18\brdrs\clbrdrl\brdrw18\brdrs\clbrdrb\brdrw18\brdrs\clbrdrr\brdrw18\brdrs\cellx9500\pard\intbl\sa20\sb20 {chr3:178916588-178952177}\cell\pard\intbl\sa20\sb20\qc {35590}\cell\pard\intbl\sa20\sb20\qc {AMP}\cell\pard\intbl\sa20\sb20\qc {3}\cell\pard\intbl\sa20\sb20\ql {PIK3CA}\cell\row}
{\trowd\trgaph70\fs20\clbrdrt\brdrw18\brdrs\clbrdrl\brdrw18\brdrs\clbrdrb\brdrw18\brdrs\clbrdrr\brdrw18\brdrs\cellx2550\clbrdrt\brdrw18\brdrs\clbrdrl\brdrw18\brdrs\clbrdrb\brdrw18\brdrs\clbrdrr\brdrw18\brdrs\cellx3800\clbrdrt\brdrw18\brdrs\clbrdrl\brdrw18\brdrs\clbrdrb\brdrw18\brdrs\clbrdrr\brdrw18\brdrs\cellx4800\clbrdrt\brdrw18\brdrs\clbrdrl\brdrw18\brdrs\clbrdrb\brdrw18\brdrs\clbrdrr\brdrw18\brdrs\cellx5300\clbrdrt\brdrw18\brdrs\clbrdrl\brdrw18\brdrs\clbrdrb\brdrw18\brdrs\clbrdrr\brdrw18\brdrs\cellx9500\pard\intbl\sa20\sb20 {chr4:1800955-1809439}\cell\pard\intbl\sa20\sb20\qc {8485}\cell\pard\intbl\sa20\sb20\qc {LOSS}\cell\pard\intbl\sa20\sb20\qc {1}\cell\pard\intbl\sa20\sb20\ql {FGFR3}\cell\row}
{\trowd\trgaph70\fs20\clbrdrt\brdrw18\brdrs\clbrdrl\brdrw18\brdrs\clbrdrb\brdrw18\brdrs\clbrdrr\brdrw18\brdrs\cellx2550\clbrdrt\brdrw18\brdrs\clbrdrl\brdrw18\brdrs\clbrdrb\brdrw18\brdrs\clbrdrr\brdrw18\brdrs\cellx3800\clbrdrt\brdrw18\brdrs\clbrdrl\brdrw18\brdrs\clbrdrb\brdrw18\brdrs\clbrdrr\brdrw18\brdrs\cellx4800\clbrdrt\brdrw18\brdrs\clbrdrl\brdrw18\brdrs\clbrdrb\brdrw18\brdrs\clbrdrr\brdrw18\brdrs\cellx5300\clbrdrt\brdrw18\brdrs\clbrdrl\brdrw18\brdrs\clbrdrb\brdrw18\brdrs\clbrdrr\brdrw18\brdrs\cellx9500\pard\intbl\sa20\sb20 {chr4:55138535-55564756}\cell\pard\intbl\sa20\sb20\qc {426222}\cell\pard\intbl\sa20\sb20\qc {LOSS}\cell\pard\intbl\sa20\sb20\qc {1}\cell\pard\intbl\sa20\sb20\ql {KIT, PDGFRA}\cell\row}
{\trowd\trgaph70\fs20\clbrdrt\brdrw18\brdrs\clbrdrl\brdrw18\brdrs\clbrdrb\brdrw18\brdrs\clbrdrr\brdrw18\brdrs\cellx2550\clbrdrt\brdrw18\brdrs\clbrdrl\brdrw18\brdrs\clbrdrb\brdrw18\brdrs\clbrdrr\brdrw18\brdrs\cellx3800\clbrdrt\brdrw18\brdrs\clbrdrl\brdrw18\brdrs\clbrdrb\brdrw18\brdrs\clbrdrr\brdrw18\brdrs\cellx4800\clbrdrt\brdrw18\brdrs\clbrdrl\brdrw18\brdrs\clbrdrb\brdrw18\brdrs\clbrdrr\brdrw18\brdrs\cellx5300\clbrdrt\brdrw18\brdrs\clbrdrl\brdrw18\brdrs\clbrdrb\brdrw18\brdrs\clbrdrr\brdrw18\brdrs\cellx9500\pard\intbl\sa20\sb20 {chr5:35857054-39021263}\cell\pard\intbl\sa20\sb20\qc {3164210}\cell\pard\intbl\sa20\sb20\qc {AMP}\cell\pard\intbl\sa20\sb20\qc {4}\cell\pard\intbl\sa20\sb20\ql {RICTOR}\cell\row}
{\trowd\trgaph70\fs20\clbrdrt\brdrw18\brdrs\clbrdrl\brdrw18\brdrs\clbrdrb\brdrw18\brdrs\clbrdrr\brdrw18\brdrs\cellx2550\clbrdrt\brdrw18\brdrs\clbrdrl\brdrw18\brdrs\clbrdrb\brdrw18\brdrs\clbrdrr\brdrw18\brdrs\cellx3800\clbrdrt\brdrw18\brdrs\clbrdrl\brdrw18\brdrs\clbrdrb\brdrw18\brdrs\clbrdrr\brdrw18\brdrs\cellx4800\clbrdrt\brdrw18\brdrs\clbrdrl\brdrw18\brdrs\clbrdrb\brdrw18\brdrs\clbrdrr\brdrw18\brdrs\cellx5300\clbrdrt\brdrw18\brdrs\clbrdrl\brdrw18\brdrs\clbrdrb\brdrw18\brdrs\clbrdrr\brdrw18\brdrs\cellx9500\pard\intbl\sa20\sb20 {chr5:149433859-149516635}\cell\pard\intbl\sa20\sb20\qc {82777}\cell\pard\intbl\sa20\sb20\qc {LOSS}\cell\pard\intbl\sa20\sb20\qc {1}\cell\pard\intbl\sa20\sb20\ql {PDGFRB}\cell\row}
{\trowd\trgaph70\fs20\clbrdrt\brdrw18\brdrs\clbrdrl\brdrw18\brdrs\clbrdrb\brdrw18\brdrs\clbrdrr\brdrw18\brdrs\cellx2550\clbrdrt\brdrw18\brdrs\clbrdrl\brdrw18\brdrs\clbrdrb\brdrw18\brdrs\clbrdrr\brdrw18\brdrs\cellx3800\clbrdrt\brdrw18\brdrs\clbrdrl\brdrw18\brdrs\clbrdrb\brdrw18\brdrs\clbrdrr\brdrw18\brdrs\cellx4800\clbrdrt\brdrw18\brdrs\clbrdrl\brdrw18\brdrs\clbrdrb\brdrw18\brdrs\clbrdrr\brdrw18\brdrs\cellx5300\clbrdrt\brdrw18\brdrs\clbrdrl\brdrw18\brdrs\clbrdrb\brdrw18\brdrs\clbrdrr\brdrw18\brdrs\cellx9500\pard\intbl\sa20\sb20 {chr7:128843199-128852317}\cell\pard\intbl\sa20\sb20\qc {9119}\cell\pard\intbl\sa20\sb20\qc {LOSS}\cell\pard\intbl\sa20\sb20\qc {1}\cell\pard\intbl\sa20\sb20\ql {SMO}\cell\row}
{\trowd\trgaph70\fs20\clbrdrt\brdrw18\brdrs\clbrdrl\brdrw18\brdrs\clbrdrb\brdrw18\brdrs\clbrdrr\brdrw18\brdrs\cellx2550\clbrdrt\brdrw18\brdrs\clbrdrl\brdrw18\brdrs\clbrdrb\brdrw18\brdrs\clbrdrr\brdrw18\brdrs\cellx3800\clbrdrt\brdrw18\brdrs\clbrdrl\brdrw18\brdrs\clbrdrb\brdrw18\brdrs\clbrdrr\brdrw18\brdrs\cellx4800\clbrdrt\brdrw18\brdrs\clbrdrl\brdrw18\brdrs\clbrdrb\brdrw18\brdrs\clbrdrr\brdrw18\brdrs\cellx5300\clbrdrt\brdrw18\brdrs\clbrdrl\brdrw18\brdrs\clbrdrb\brdrw18\brdrs\clbrdrr\brdrw18\brdrs\cellx9500\pard\intbl\sa20\sb20 {chr8:37691180-38275916}\cell\pard\intbl\sa20\sb20\qc {584737}\cell\pard\intbl\sa20\sb20\qc {LOSS}\cell\pard\intbl\sa20\sb20\qc {1}\cell\pard\intbl\sa20\sb20\ql {FGFR1}\cell\row}
{\trowd\trgaph70\fs20\clbrdrt\brdrw18\brdrs\clbrdrl\brdrw18\brdrs\clbrdrb\brdrw18\brdrs\clbrdrr\brdrw18\brdrs\cellx2550\clbrdrt\brdrw18\brdrs\clbrdrl\brdrw18\brdrs\clbrdrb\brdrw18\brdrs\clbrdrr\brdrw18\brdrs\cellx3800\clbrdrt\brdrw18\brdrs\clbrdrl\brdrw18\brdrs\clbrdrb\brdrw18\brdrs\clbrdrr\brdrw18\brdrs\cellx4800\clbrdrt\brdrw18\brdrs\clbrdrl\brdrw18\brdrs\clbrdrb\brdrw18\brdrs\clbrdrr\brdrw18\brdrs\cellx5300\clbrdrt\brdrw18\brdrs\clbrdrl\brdrw18\brdrs\clbrdrb\brdrw18\brdrs\clbrdrr\brdrw18\brdrs\cellx9500\pard\intbl\sa20\sb20 {chr9:21968202-37002798}\cell\pard\intbl\sa20\sb20\qc {15034597}\cell\pard\intbl\sa20\sb20\qc {LOSS}\cell\pard\intbl\sa20\sb20\qc {1}\cell\pard\intbl\sa20\sb20\ql {CDKN2A}\cell\row}
{\trowd\trgaph70\fs20\clbrdrt\brdrw18\brdrs\clbrdrl\brdrw18\brdrs\clbrdrb\brdrw18\brdrs\clbrdrr\brdrw18\brdrs\cellx2550\clbrdrt\brdrw18\brdrs\clbrdrl\brdrw18\brdrs\clbrdrb\brdrw18\brdrs\clbrdrr\brdrw18\brdrs\cellx3800\clbrdrt\brdrw18\brdrs\clbrdrl\brdrw18\brdrs\clbrdrb\brdrw18\brdrs\clbrdrr\brdrw18\brdrs\cellx4800\clbrdrt\brdrw18\brdrs\clbrdrl\brdrw18\brdrs\clbrdrb\brdrw18\brdrs\clbrdrr\brdrw18\brdrs\cellx5300\clbrdrt\brdrw18\brdrs\clbrdrl\brdrw18\brdrs\clbrdrb\brdrw18\brdrs\clbrdrr\brdrw18\brdrs\cellx9500\pard\intbl\sa20\sb20 {chr9:98268663-133761095}\cell\pard\intbl\sa20\sb20\qc {35492433}\cell\pard\intbl\sa20\sb20\qc {LOSS}\cell\pard\intbl\sa20\sb20\qc {1}\cell\pard\intbl\sa20\sb20\ql {ABL1, PTCH1, TSC1}\cell\row}
{\trowd\trgaph70\fs20\clbrdrt\brdrw18\brdrs\clbrdrl\brdrw18\brdrs\clbrdrb\brdrw18\brdrs\clbrdrr\brdrw18\brdrs\cellx2550\clbrdrt\brdrw18\brdrs\clbrdrl\brdrw18\brdrs\clbrdrb\brdrw18\brdrs\clbrdrr\brdrw18\brdrs\cellx3800\clbrdrt\brdrw18\brdrs\clbrdrl\brdrw18\brdrs\clbrdrb\brdrw18\brdrs\clbrdrr\brdrw18\brdrs\cellx4800\clbrdrt\brdrw18\brdrs\clbrdrl\brdrw18\brdrs\clbrdrb\brdrw18\brdrs\clbrdrr\brdrw18\brdrs\cellx5300\clbrdrt\brdrw18\brdrs\clbrdrl\brdrw18\brdrs\clbrdrb\brdrw18\brdrs\clbrdrr\brdrw18\brdrs\cellx9500\pard\intbl\sa20\sb20 {chr10:89653756-89725254}\cell\pard\intbl\sa20\sb20\qc {71499}\cell\pard\intbl\sa20\sb20\qc {AMP}\cell\pard\intbl\sa20\sb20\qc {3}\cell\pard\intbl\sa20\sb20\ql {PTEN}\cell\row}
{\trowd\trgaph70\fs20\clbrdrt\brdrw18\brdrs\clbrdrl\brdrw18\brdrs\clbrdrb\brdrw18\brdrs\clbrdrr\brdrw18\brdrs\cellx2550\clbrdrt\brdrw18\brdrs\clbrdrl\brdrw18\brdrs\clbrdrb\brdrw18\brdrs\clbrdrr\brdrw18\brdrs\cellx3800\clbrdrt\brdrw18\brdrs\clbrdrl\brdrw18\brdrs\clbrdrb\brdrw18\brdrs\clbrdrr\brdrw18\brdrs\cellx4800\clbrdrt\brdrw18\brdrs\clbrdrl\brdrw18\brdrs\clbrdrb\brdrw18\brdrs\clbrdrr\brdrw18\brdrs\cellx5300\clbrdrt\brdrw18\brdrs\clbrdrl\brdrw18\brdrs\clbrdrb\brdrw18\brdrs\clbrdrr\brdrw18\brdrs\cellx9500\pard\intbl\sa20\sb20 {chr11:532610-17409663}\cell\pard\intbl\sa20\sb20\qc {16877054}\cell\pard\intbl\sa20\sb20\qc {LOSS}\cell\pard\intbl\sa20\sb20\qc {1}\cell\pard\intbl\sa20\sb20\ql {HRAS}\cell\row}
{\trowd\trgaph70\fs20\clbrdrt\brdrw18\brdrs\clbrdrl\brdrw18\brdrs\clbrdrb\brdrw18\brdrs\clbrdrr\brdrw18\brdrs\cellx2550\clbrdrt\brdrw18\brdrs\clbrdrl\brdrw18\brdrs\clbrdrb\brdrw18\brdrs\clbrdrr\brdrw18\brdrs\cellx3800\clbrdrt\brdrw18\brdrs\clbrdrl\brdrw18\brdrs\clbrdrb\brdrw18\brdrs\clbrdrr\brdrw18\brdrs\cellx4800\clbrdrt\brdrw18\brdrs\clbrdrl\brdrw18\brdrs\clbrdrb\brdrw18\brdrs\clbrdrr\brdrw18\brdrs\cellx5300\clbrdrt\brdrw18\brdrs\clbrdrl\brdrw18\brdrs\clbrdrb\brdrw18\brdrs\clbrdrr\brdrw18\brdrs\cellx9500\pard\intbl\sa20\sb20 {chr11:64571780-69466075}\cell\pard\intbl\sa20\sb20\qc {4894296}\cell\pard\intbl\sa20\sb20\qc {LOSS}\cell\pard\intbl\sa20\sb20\qc {1}\cell\pard\intbl\sa20\sb20\ql {CCND1}\cell\row}
{\trowd\trgaph70\fs20\clbrdrt\brdrw18\brdrs\clbrdrl\brdrw18\brdrs\clbrdrb\brdrw18\brdrs\clbrdrr\brdrw18\brdrs\cellx2550\clbrdrt\brdrw18\brdrs\clbrdrl\brdrw18\brdrs\clbrdrb\brdrw18\brdrs\clbrdrr\brdrw18\brdrs\cellx3800\clbrdrt\brdrw18\brdrs\clbrdrl\brdrw18\brdrs\clbrdrb\brdrw18\brdrs\clbrdrr\brdrw18\brdrs\cellx4800\clbrdrt\brdrw18\brdrs\clbrdrl\brdrw18\brdrs\clbrdrb\brdrw18\brdrs\clbrdrr\brdrw18\brdrs\cellx5300\clbrdrt\brdrw18\brdrs\clbrdrl\brdrw18\brdrs\clbrdrb\brdrw18\brdrs\clbrdrr\brdrw18\brdrs\cellx9500\pard\intbl\sa20\sb20 {chr12:12873973-25398343}\cell\pard\intbl\sa20\sb20\qc {12524371}\cell\pard\intbl\sa20\sb20\qc {AMP}\cell\pard\intbl\sa20\sb20\qc {4}\cell\pard\intbl\sa20\sb20\ql {KRAS}\cell\row}
{\trowd\trgaph70\fs20\clbrdrt\brdrw18\brdrs\clbrdrl\brdrw18\brdrs\clbrdrb\brdrw18\brdrs\clbrdrr\brdrw18\brdrs\cellx2550\clbrdrt\brdrw18\brdrs\clbrdrl\brdrw18\brdrs\clbrdrb\brdrw18\brdrs\clbrdrr\brdrw18\brdrs\cellx3800\clbrdrt\brdrw18\brdrs\clbrdrl\brdrw18\brdrs\clbrdrb\brdrw18\brdrs\clbrdrr\brdrw18\brdrs\cellx4800\clbrdrt\brdrw18\brdrs\clbrdrl\brdrw18\brdrs\clbrdrb\brdrw18\brdrs\clbrdrr\brdrw18\brdrs\cellx5300\clbrdrt\brdrw18\brdrs\clbrdrl\brdrw18\brdrs\clbrdrb\brdrw18\brdrs\clbrdrr\brdrw18\brdrs\cellx9500\pard\intbl\sa20\sb20 {chr12:69202962-69233654}\cell\pard\intbl\sa20\sb20\qc {30693}\cell\pard\intbl\sa20\sb20\qc {AMP}\cell\pard\intbl\sa20\sb20\qc {4}\cell\pard\intbl\sa20\sb20\ql {MDM2}\cell\row}
{\trowd\trgaph70\fs20\clbrdrt\brdrw18\brdrs\clbrdrl\brdrw18\brdrs\clbrdrb\brdrw18\brdrs\clbrdrr\brdrw18\brdrs\cellx2550\clbrdrt\brdrw18\brdrs\clbrdrl\brdrw18\brdrs\clbrdrb\brdrw18\brdrs\clbrdrr\brdrw18\brdrs\cellx3800\clbrdrt\brdrw18\brdrs\clbrdrl\brdrw18\brdrs\clbrdrb\brdrw18\brdrs\clbrdrr\brdrw18\brdrs\cellx4800\clbrdrt\brdrw18\brdrs\clbrdrl\brdrw18\brdrs\clbrdrb\brdrw18\brdrs\clbrdrr\brdrw18\brdrs\cellx5300\clbrdrt\brdrw18\brdrs\clbrdrl\brdrw18\brdrs\clbrdrb\brdrw18\brdrs\clbrdrr\brdrw18\brdrs\cellx9500\pard\intbl\sa20\sb20 {chr13:48881390-49051565}\cell\pard\intbl\sa20\sb20\qc {170176}\cell\pard\intbl\sa20\sb20\qc {AMP}\cell\pard\intbl\sa20\sb20\qc {4}\cell\pard\intbl\sa20\sb20\ql {RB1}\cell\row}
{\trowd\trgaph70\fs20\clbrdrt\brdrw18\brdrs\clbrdrl\brdrw18\brdrs\clbrdrb\brdrw18\brdrs\clbrdrr\brdrw18\brdrs\cellx2550\clbrdrt\brdrw18\brdrs\clbrdrl\brdrw18\brdrs\clbrdrb\brdrw18\brdrs\clbrdrr\brdrw18\brdrs\cellx3800\clbrdrt\brdrw18\brdrs\clbrdrl\brdrw18\brdrs\clbrdrb\brdrw18\brdrs\clbrdrr\brdrw18\brdrs\cellx4800\clbrdrt\brdrw18\brdrs\clbrdrl\brdrw18\brdrs\clbrdrb\brdrw18\brdrs\clbrdrr\brdrw18\brdrs\cellx5300\clbrdrt\brdrw18\brdrs\clbrdrl\brdrw18\brdrs\clbrdrb\brdrw18\brdrs\clbrdrr\brdrw18\brdrs\cellx9500\pard\intbl\sa20\sb20 {chr14:102568186-105624125}\cell\pard\intbl\sa20\sb20\qc {3055940}\cell\pard\intbl\sa20\sb20\qc {LOSS}\cell\pard\intbl\sa20\sb20\qc {1}\cell\pard\intbl\sa20\sb20\ql {AKT1}\cell\row}
{\trowd\trgaph70\fs20\clbrdrt\brdrw18\brdrs\clbrdrl\brdrw18\brdrs\clbrdrb\brdrw18\brdrs\clbrdrr\brdrw18\brdrs\cellx2550\clbrdrt\brdrw18\brdrs\clbrdrl\brdrw18\brdrs\clbrdrb\brdrw18\brdrs\clbrdrr\brdrw18\brdrs\cellx3800\clbrdrt\brdrw18\brdrs\clbrdrl\brdrw18\brdrs\clbrdrb\brdrw18\brdrs\clbrdrr\brdrw18\brdrs\cellx4800\clbrdrt\brdrw18\brdrs\clbrdrl\brdrw18\brdrs\clbrdrb\brdrw18\brdrs\clbrdrr\brdrw18\brdrs\cellx5300\clbrdrt\brdrw18\brdrs\clbrdrl\brdrw18\brdrs\clbrdrb\brdrw18\brdrs\clbrdrr\brdrw18\brdrs\cellx9500\pard\intbl\sa20\sb20 {chr15:41221841-66679790}\cell\pard\intbl\sa20\sb20\qc {25457950}\cell\pard\intbl\sa20\sb20\qc {LOSS}\cell\pard\intbl\sa20\sb20\qc {1}\cell\pard\intbl\sa20\sb20\ql {MAP2K1}\cell\row}
{\trowd\trgaph70\fs20\clbrdrt\brdrw18\brdrs\clbrdrl\brdrw18\brdrs\clbrdrb\brdrw18\brdrs\clbrdrr\brdrw18\brdrs\cellx2550\clbrdrt\brdrw18\brdrs\clbrdrl\brdrw18\brdrs\clbrdrb\brdrw18\brdrs\clbrdrr\brdrw18\brdrs\cellx3800\clbrdrt\brdrw18\brdrs\clbrdrl\brdrw18\brdrs\clbrdrb\brdrw18\brdrs\clbrdrr\brdrw18\brdrs\cellx4800\clbrdrt\brdrw18\brdrs\clbrdrl\brdrw18\brdrs\clbrdrb\brdrw18\brdrs\clbrdrr\brdrw18\brdrs\cellx5300\clbrdrt\brdrw18\brdrs\clbrdrl\brdrw18\brdrs\clbrdrb\brdrw18\brdrs\clbrdrr\brdrw18\brdrs\cellx9500\pard\intbl\sa20\sb20 {chr15:88678306-90634901}\cell\pard\intbl\sa20\sb20\qc {1956596}\cell\pard\intbl\sa20\sb20\qc {LOSS}\cell\pard\intbl\sa20\sb20\qc {1}\cell\pard\intbl\sa20\sb20\ql {IDH2}\cell\row}
{\trowd\trgaph70\fs20\clbrdrt\brdrw18\brdrs\clbrdrl\brdrw18\brdrs\clbrdrb\brdrw18\brdrs\clbrdrr\brdrw18\brdrs\cellx2550\clbrdrt\brdrw18\brdrs\clbrdrl\brdrw18\brdrs\clbrdrb\brdrw18\brdrs\clbrdrr\brdrw18\brdrs\cellx3800\clbrdrt\brdrw18\brdrs\clbrdrl\brdrw18\brdrs\clbrdrb\brdrw18\brdrs\clbrdrr\brdrw18\brdrs\cellx4800\clbrdrt\brdrw18\brdrs\clbrdrl\brdrw18\brdrs\clbrdrb\brdrw18\brdrs\clbrdrr\brdrw18\brdrs\cellx5300\clbrdrt\brdrw18\brdrs\clbrdrl\brdrw18\brdrs\clbrdrb\brdrw18\brdrs\clbrdrr\brdrw18\brdrs\cellx9500\pard\intbl\sa20\sb20 {chr16:338096-3786841}\cell\pard\intbl\sa20\sb20\qc {3448746}\cell\pard\intbl\sa20\sb20\qc {LOSS}\cell\pard\intbl\sa20\sb20\qc {1}\cell\pard\intbl\sa20\sb20\ql {TSC2}\cell\row}
{\trowd\trgaph70\fs20\clbrdrt\brdrw18\brdrs\clbrdrl\brdrw18\brdrs\clbrdrb\brdrw18\brdrs\clbrdrr\brdrw18\brdrs\cellx2550\clbrdrt\brdrw18\brdrs\clbrdrl\brdrw18\brdrs\clbrdrb\brdrw18\brdrs\clbrdrr\brdrw18\brdrs\cellx3800\clbrdrt\brdrw18\brdrs\clbrdrl\brdrw18\brdrs\clbrdrb\brdrw18\brdrs\clbrdrr\brdrw18\brdrs\cellx4800\clbrdrt\brdrw18\brdrs\clbrdrl\brdrw18\brdrs\clbrdrb\brdrw18\brdrs\clbrdrr\brdrw18\brdrs\cellx5300\clbrdrt\brdrw18\brdrs\clbrdrl\brdrw18\brdrs\clbrdrb\brdrw18\brdrs\clbrdrr\brdrw18\brdrs\cellx9500\pard\intbl\sa20\sb20 {chr16:89805264-89871825}\cell\pard\intbl\sa20\sb20\qc {66562}\cell\pard\intbl\sa20\sb20\qc {LOSS}\cell\pard\intbl\sa20\sb20\qc {1}\cell\pard\intbl\sa20\sb20\ql {FANCA}\cell\row}
{\trowd\trgaph70\fs20\clbrdrt\brdrw18\brdrs\clbrdrl\brdrw18\brdrs\clbrdrb\brdrw18\brdrs\clbrdrr\brdrw18\brdrs\cellx2550\clbrdrt\brdrw18\brdrs\clbrdrl\brdrw18\brdrs\clbrdrb\brdrw18\brdrs\clbrdrr\brdrw18\brdrs\cellx3800\clbrdrt\brdrw18\brdrs\clbrdrl\brdrw18\brdrs\clbrdrb\brdrw18\brdrs\clbrdrr\brdrw18\brdrs\cellx4800\clbrdrt\brdrw18\brdrs\clbrdrl\brdrw18\brdrs\clbrdrb\brdrw18\brdrs\clbrdrr\brdrw18\brdrs\cellx5300\clbrdrt\brdrw18\brdrs\clbrdrl\brdrw18\brdrs\clbrdrb\brdrw18\brdrs\clbrdrr\brdrw18\brdrs\cellx9500\pard\intbl\sa20\sb20 {chr17:29482975-29552293}\cell\pard\intbl\sa20\sb20\qc {69319}\cell\pard\intbl\sa20\sb20\qc {AMP}\cell\pard\intbl\sa20\sb20\qc {4}\cell\pard\intbl\sa20\sb20\ql {NF1}\cell\row}
{\trowd\trgaph70\fs20\clbrdrt\brdrw18\brdrs\clbrdrl\brdrw18\brdrs\clbrdrb\brdrw18\brdrs\clbrdrr\brdrw18\brdrs\cellx2550\clbrdrt\brdrw18\brdrs\clbrdrl\brdrw18\brdrs\clbrdrb\brdrw18\brdrs\clbrdrr\brdrw18\brdrs\cellx3800\clbrdrt\brdrw18\brdrs\clbrdrl\brdrw18\brdrs\clbrdrb\brdrw18\brdrs\clbrdrr\brdrw18\brdrs\cellx4800\clbrdrt\brdrw18\brdrs\clbrdrl\brdrw18\brdrs\clbrdrb\brdrw18\brdrs\clbrdrr\brdrw18\brdrs\cellx5300\clbrdrt\brdrw18\brdrs\clbrdrl\brdrw18\brdrs\clbrdrb\brdrw18\brdrs\clbrdrr\brdrw18\brdrs\cellx9500\pard\intbl\sa20\sb20 {chr17:29554515-29677361}\cell\pard\intbl\sa20\sb20\qc {122847}\cell\pard\intbl\sa20\sb20\qc {AMP}\cell\pard\intbl\sa20\sb20\qc {3}\cell\pard\intbl\sa20\sb20\ql {NF1}\cell\row}
{\trowd\trgaph70\fs20\clbrdrt\brdrw18\brdrs\clbrdrl\brdrw18\brdrs\clbrdrb\brdrw18\brdrs\clbrdrr\brdrw18\brdrs\cellx2550\clbrdrt\brdrw18\brdrs\clbrdrl\brdrw18\brdrs\clbrdrb\brdrw18\brdrs\clbrdrr\brdrw18\brdrs\cellx3800\clbrdrt\brdrw18\brdrs\clbrdrl\brdrw18\brdrs\clbrdrb\brdrw18\brdrs\clbrdrr\brdrw18\brdrs\cellx4800\clbrdrt\brdrw18\brdrs\clbrdrl\brdrw18\brdrs\clbrdrb\brdrw18\brdrs\clbrdrr\brdrw18\brdrs\cellx5300\clbrdrt\brdrw18\brdrs\clbrdrl\brdrw18\brdrs\clbrdrb\brdrw18\brdrs\clbrdrr\brdrw18\brdrs\cellx9500\pard\intbl\sa20\sb20 {chr17:37855787-37884322}\cell\pard\intbl\sa20\sb20\qc {28536}\cell\pard\intbl\sa20\sb20\qc {AMP}\cell\pard\intbl\sa20\sb20\qc {41}\cell\pard\intbl\sa20\sb20\ql {ERBB2}\cell\row}
{\trowd\trgaph70\fs20\clbrdrt\brdrw18\brdrs\clbrdrl\brdrw18\brdrs\clbrdrb\brdrw18\brdrs\clbrdrr\brdrw18\brdrs\cellx2550\clbrdrt\brdrw18\brdrs\clbrdrl\brdrw18\brdrs\clbrdrb\brdrw18\brdrs\clbrdrr\brdrw18\brdrs\cellx3800\clbrdrt\brdrw18\brdrs\clbrdrl\brdrw18\brdrs\clbrdrb\brdrw18\brdrs\clbrdrr\brdrw18\brdrs\cellx4800\clbrdrt\brdrw18\brdrs\clbrdrl\brdrw18\brdrs\clbrdrb\brdrw18\brdrs\clbrdrr\brdrw18\brdrs\cellx5300\clbrdrt\brdrw18\brdrs\clbrdrl\brdrw18\brdrs\clbrdrb\brdrw18\brdrs\clbrdrr\brdrw18\brdrs\cellx9500\pard\intbl\sa20\sb20 {chr17:38554784-38572789}\cell\pard\intbl\sa20\sb20\qc {18006}\cell\pard\intbl\sa20\sb20\qc {AMP}\cell\pard\intbl\sa20\sb20\qc {3}\cell\pard\intbl\sa20\sb20\ql {TOP2A}\cell\row}
{\trowd\trgaph70\fs20\clbrdrt\brdrw18\brdrs\clbrdrl\brdrw18\brdrs\clbrdrb\brdrw18\brdrs\clbrdrr\brdrw18\brdrs\cellx2550\clbrdrt\brdrw18\brdrs\clbrdrl\brdrw18\brdrs\clbrdrb\brdrw18\brdrs\clbrdrr\brdrw18\brdrs\cellx3800\clbrdrt\brdrw18\brdrs\clbrdrl\brdrw18\brdrs\clbrdrb\brdrw18\brdrs\clbrdrr\brdrw18\brdrs\cellx4800\clbrdrt\brdrw18\brdrs\clbrdrl\brdrw18\brdrs\clbrdrb\brdrw18\brdrs\clbrdrr\brdrw18\brdrs\cellx5300\clbrdrt\brdrw18\brdrs\clbrdrl\brdrw18\brdrs\clbrdrb\brdrw18\brdrs\clbrdrr\brdrw18\brdrs\cellx9500\pard\intbl\sa20\sb20 {chr19:1206887-30303969}\cell\pard\intbl\sa20\sb20\qc {29097083}\cell\pard\intbl\sa20\sb20\qc {LOSS}\cell\pard\intbl\sa20\sb20\qc {1}\cell\pard\intbl\sa20\sb20\ql {GNA11, MAP2K2, SMARCA4, STK11}\cell\row}
{\trowd\trgaph70\fs20\clbrdrt\brdrw18\brdrs\clbrdrl\brdrw18\brdrs\clbrdrb\brdrw18\brdrs\clbrdrr\brdrw18\brdrs\cellx2550\clbrdrt\brdrw18\brdrs\clbrdrl\brdrw18\brdrs\clbrdrb\brdrw18\brdrs\clbrdrr\brdrw18\brdrs\cellx3800\clbrdrt\brdrw18\brdrs\clbrdrl\brdrw18\brdrs\clbrdrb\brdrw18\brdrs\clbrdrr\brdrw18\brdrs\cellx4800\clbrdrt\brdrw18\brdrs\clbrdrl\brdrw18\brdrs\clbrdrb\brdrw18\brdrs\clbrdrr\brdrw18\brdrs\cellx5300\clbrdrt\brdrw18\brdrs\clbrdrl\brdrw18\brdrs\clbrdrb\brdrw18\brdrs\clbrdrr\brdrw18\brdrs\cellx9500\pard\intbl\sa20\sb20 {chr19:30313327-52729259}\cell\pard\intbl\sa20\sb20\qc {22415933}\cell\pard\intbl\sa20\sb20\qc {LOSS}\cell\pard\intbl\sa20\sb20\qc {1}\cell\pard\intbl\sa20\sb20\ql {ERCC2}\cell\row}
{\trowd\trgaph70\fs20\clbrdrt\brdrw18\brdrs\clbrdrl\brdrw18\brdrs\clbrdrb\brdrw18\brdrs\clbrdrr\brdrw18\brdrs\cellx2550\clbrdrt\brdrw18\brdrs\clbrdrl\brdrw18\brdrs\clbrdrb\brdrw18\brdrs\clbrdrr\brdrw18\brdrs\cellx3800\clbrdrt\brdrw18\brdrs\clbrdrl\brdrw18\brdrs\clbrdrb\brdrw18\brdrs\clbrdrr\brdrw18\brdrs\cellx4800\clbrdrt\brdrw18\brdrs\clbrdrl\brdrw18\brdrs\clbrdrb\brdrw18\brdrs\clbrdrr\brdrw18\brdrs\cellx5300\clbrdrt\brdrw18\brdrs\clbrdrl\brdrw18\brdrs\clbrdrb\brdrw18\brdrs\clbrdrr\brdrw18\brdrs\cellx9500\pard\intbl\sa20\sb20 {chr22:19950024-29083999}\cell\pard\intbl\sa20\sb20\qc {9133976}\cell\pard\intbl\sa20\sb20\qc {LOSS}\cell\pard\intbl\sa20\sb20\qc {1}\cell\pard\intbl\sa20\sb20\ql {CHEK2, SMARCB1}\cell\row}
{\trowd\trgaph70\fs20\clbrdrt\brdrw18\brdrs\clbrdrl\brdrw18\brdrs\clbrdrb\brdrw18\brdrs\clbrdrr\brdrw18\brdrs\cellx2550\clbrdrt\brdrw18\brdrs\clbrdrl\brdrw18\brdrs\clbrdrb\brdrw18\brdrs\clbrdrr\brdrw18\brdrs\cellx3800\clbrdrt\brdrw18\brdrs\clbrdrl\brdrw18\brdrs\clbrdrb\brdrw18\brdrs\clbrdrr\brdrw18\brdrs\cellx4800\clbrdrt\brdrw18\brdrs\clbrdrl\brdrw18\brdrs\clbrdrb\brdrw18\brdrs\clbrdrr\brdrw18\brdrs\cellx5300\clbrdrt\brdrw18\brdrs\clbrdrl\brdrw18\brdrs\clbrdrb\brdrw18\brdrs\clbrdrr\brdrw18\brdrs\cellx9500\pard\intbl\sa20\sb20 {chrX:47032501-53227083}\cell\pard\intbl\sa20\sb20\qc {6194583}\cell\pard\intbl\sa20\sb20\qc {LOSS}\cell\pard\intbl\sa20\sb20\qc {1}\cell\pard\intbl\sa20\sb20\ql {ARAF}\cell\row}
{\trowd\trgaph70\fs20\clbrdrt\brdrw18\brdrs\clbrdrl\brdrw18\brdrs\clbrdrb\brdrw18\brdrs\clbrdrr\brdrw18\brdrs\cellx2550\clbrdrt\brdrw18\brdrs\clbrdrl\brdrw18\brdrs\clbrdrb\brdrw18\brdrs\clbrdrr\brdrw18\brdrs\cellx3800\clbrdrt\brdrw18\brdrs\clbrdrl\brdrw18\brdrs\clbrdrb\brdrw18\brdrs\clbrdrr\brdrw18\brdrs\cellx4800\clbrdrt\brdrw18\brdrs\clbrdrl\brdrw18\brdrs\clbrdrb\brdrw18\brdrs\clbrdrr\brdrw18\brdrs\cellx5300\clbrdrt\brdrw18\brdrs\clbrdrl\brdrw18\brdrs\clbrdrb\brdrw18\brdrs\clbrdrr\brdrw18\brdrs\cellx9500\pard\intbl\sa20\sb20 {chrX:153760189-153774403}\cell\pard\intbl\sa20\sb20\qc {14215}\cell\pard\intbl\sa20\sb20\qc {LOSS}\cell\pard\intbl\sa20\sb20\qc {1}\cell\pard\intbl\sa20\sb20\ql {G6PD}\cell\row}
{\trowd\trgaph70\fs20\clbrdrt\brdrw18\brdrs\clbrdrl\brdrw18\brdrs\clbrdrb\brdrw18\brdrs\clbrdrr\brdrw18\brdrs\cellx2550\clbrdrt\brdrw18\brdrs\clbrdrl\brdrw18\brdrs\clbrdrb\brdrw18\brdrs\clbrdrr\brdrw18\brdrs\cellx9500\pard\intbl\sa20\sb20\qr {CNVs in weiteren Gene:}\cell\pard\intbl\sa20\sb20\qj {ACE (CN 1); ADGRA2 (CN 1); AHR (CN 3); AKT2 (CN 1); AKT3 (CN 4); ARID1A (CN 1); ASXL1 (CN 1); ATRX (CN 3); AXIN1 (CN 1); BAP1 (CN 1); BARD1 (CN 3); BCL2L14 (CN 3); BRD4 (CN 1); BRIP1 (CN 3); C12ORF43 (CN 1); CARD11 (CN 1); CBFB (CN 1); CCND3 (CN 1); CCNE1 (CN 1, CN1); CCNE1 (CN 1, CN1); CD38 (CN 1); CD79A (CN 1); CD79B (CN 1); CDC73 (CN 4); CDH2 (CN 3); CDH5 (CN 1); CDKN1A (CN 1); CDKN1B (CN 4); CDKN2B (CN 1); CDKN2B-AS1 (CN 1); CDKN2C (CN 1); CEBPA (CN 1); CHFR (CN 1); CIC (CN 1); COMT (CN 1); CREBBP (CN 1); CRKL (CN 1); CSF1R (CN 1); CSF3R (CN 1); CUX1 (CN 1); CYP1A2 (CN 1); CYP2A6 (CN 1); CYP2B6 (CN 1); CYP2D6 (CN 1); CYP2D7 (CN 1); CYP3A4 (CN 1); DAXX (CN 1); DLL1 (CN 1); DLL3 (CN 1); DLL4 (CN 1); DOT1L (CN 1); EP300 (CN 1); EPHB1 (CN 1); EPHB4 (CN 1); EPHB6 (CN 1); FANCE (CN 1); FANCG (CN 1); FANCL (CN 3); FBXO11 (CN 3); FGFR4 (CN 1); FIP1L1 (CN 1); FLT4 (CN 1); FOXP4 (CN 1); GABRA6 (CN 1); GATA1 (CN 1); GATA2 (CN 1); GPSM3 (CN 1); GSTP1 (CN 1); HNF1A (CN 1); HNF1A-AS1 (CN 1); HSP90AA1 (CN 1); IGF2R (CN 1); IKBKE (CN 1); IKBKG (CN 1); IL7R (CN 4); INSR (CN 1); INSRR (CN 1); ITPKA (CN 1); JAG2 (CN 1); JAK3 (CN 1); JUN (CN 1); KCNH2 (CN 1); KCNJ11 (CN 1); KDM5A (CN 3); KDM5C (CN 1); KEAP1 (CN 1); KMT2C (CN 1); LMO1 (CN 1); LRP6 (CN 3); LTK (CN 1); MDM4 (CN 4, CN4, CN3); MDM4 (CN 4, CN4, CN3); MDM4 (CN 4, CN4, CN3); MEN1 (CN 1); MIR4641 (CN 1); MIR4673 (CN 1); MIR4728 (CN 41); MIR4761 (CN 1); MPL (CN 1); MRE11 (CN 3); MSH6 (CN 3); MTHFR (CN 1); MUC1 (CN 1); MUTYH (CN 1); MYCL (CN 1); MYD88 (CN 1); NDUFA6-AS1 (CN 1); NOTCH1 (CN 1); NOTCH3 (CN 1); NOTCH4 (CN 1); NR1I2 (CN 1); NSD1 (CN 1); NTRK3 (CN 1); NTRK3-AS1 (CN 1); PACRG (CN 1); PAX5 (CN 1); PFDN6 (CN 1); PHF6 (CN 3); PIK3CG (CN 1); PKHD1 (CN 1); PLCG1 (CN 1); PMS2 (CN 1); POLD1 (CN 1); POLE (CN 1); PPP2R1A (CN 1); PRAM1 (CN 1); PRKN (CN 1, CN1); PRKN (CN 1, CN1); PTCH2 (CN 1); RARA (CN 1); RBM10 (CN 1); RGL2 (CN 1); RPTOR (CN 1); SCN5A (CN 1); SETD2 (CN 1); SF3B1 (CN 3); SH2D2A (CN 1); SLCO1B1 (CN 4); SMAD3 (CN 1); SOX9 (CN 1); SRC (CN 1); STAG2 (CN 3); TOE1 (CN 1); USP9X (CN 3); VRK2 (CN 3); ZNF276 (CN 1)}\cell\row}
{\trowd\trgaph70\fs20\clbrdrt\brdrw18\brdrs\clbrdrl\brdrw18\brdrs\clbrdrb\brdrw18\brdrs\clbrdrr\brdrw18\brdrs\cellx9500\pard\intbl\sa20\sb20\qc\b {Keimbahn*}\cell\row}
{\trowd\trgaph70\fs20\clbrdrt\brdrw18\brdrs\clbrdrl\brdrw18\brdrs\clbrdrb\brdrw18\brdrs\clbrdrr\brdrw18\brdrs\cellx2550\clbrdrt\brdrw18\brdrs\clbrdrl\brdrw18\brdrs\clbrdrb\brdrw18\brdrs\clbrdrr\brdrw18\brdrs\cellx3800\clbrdrt\brdrw18\brdrs\clbrdrl\brdrw18\brdrs\clbrdrb\brdrw18\brdrs\clbrdrr\brdrw18\brdrs\cellx4800\clbrdrt\brdrw18\brdrs\clbrdrl\brdrw18\brdrs\clbrdrb\brdrw18\brdrs\clbrdrr\brdrw18\brdrs\cellx5300\clbrdrt\brdrw18\brdrs\clbrdrl\brdrw18\brdrs\clbrdrb\brdrw18\brdrs\clbrdrr\brdrw18\brdrs\cellx9500\pard\intbl\sa20\sb20 {chr8:48866872-48868533}\cell\pard\intbl\sa20\sb20\qc {1662}\cell\pard\intbl\sa20\sb20\qc {AMP}\cell\pard\intbl\sa20\sb20\qc {4}\cell\pard\intbl\sa20\sb20\ql {MSH6}\cell\row}{\pard\sa180\sb20\fs14 Position - chromosomale Position (GRCh37); Größe - CNV-Größe in Basenpaaren; Typ - Verlust (LOSS) oder Amplifikation (AMP); CN - geschätzte mediane Copy Number in dieser chrom. Region;Gene - Gene in dieser Region.\par}
{\trowd\trgaph70\fs20\cellx1800\cellx9000\pard\intbl\sa20\sb20 {\highlight1Amplifzierte Gene:\highlight0}\cell\pard\intbl\sa20\sb20\qj {\highlight1 LRP1B, PIK3CA, RICTOR, PTEN, KRAS, MDM2, RB1, NF1, ERBB2, TOP2A, AHR, AKT3, ATRX, BARD1, BCL2L14, BRIP1, CDC73, CDH2, CDKN1B, FANCL, FBXO11, IL7R, KDM5A, LRP6, MDM4, MIR4728, MRE11, MSH6, PHF6, SF3B1, SLCO1B1, STAG2, USP9X, VRK2\highlight0}\cell\row}
{\trowd\trgaph70\fs20\cellx1800\cellx9000\pard\intbl\sa20\sb20 {\highlight1Deletierte Gene:\highlight0}\cell\pard\intbl\sa20\sb20\qj {\highlight1 MTOR, NTRK1, DNMT3A, FGFR3, KIT,  PDGFRA, PDGFRB, SMO, FGFR1, CDKN2A, ABL1,  PTCH1,  TSC1, HRAS, CCND1, AKT1, MAP2K1, IDH2, TSC2, FANCA, GNA11,  MAP2K2,  SMARCA4,  STK11, ERCC2, CHEK2,  SMARCB1, ARAF, G6PD, ACE, ADGRA2, AKT2, ARID1A, ASXL1, AXIN1, BAP1, BRD4, C12ORF43, CARD11, CBFB, CCND3, CCNE1, CD38, CD79A, CD79B, CDH5, CDKN1A, CDKN2B, CDKN2B-AS1, CDKN2C, CEBPA, CHFR, CIC, COMT, CREBBP, CRKL, CSF1R, CSF3R, CUX1, CYP1A2, CYP2A6, CYP2B6, CYP2D6, CYP2D7, CYP3A4, DAXX, DLL1, DLL3, DLL4, DOT1L, EP300, EPHB1, EPHB4, EPHB6, FANCE, FANCG, FGFR4, FIP1L1, FLT4, FOXP4, GABRA6, GATA1, GATA2, GPSM3, GSTP1, HNF1A, HNF1A-AS1, HSP90AA1, IGF2R, IKBKE, IKBKG, INSR, INSRR, ITPKA, JAG2, JAK3, JUN, KCNH2, KCNJ11, KDM5C, KEAP1, KMT2C, LMO1, LTK, MEN1, MIR4641, MIR4673, MIR4761, MPL, MTHFR, MUC1, MUTYH, MYCL, MYD88, NDUFA6-AS1, NOTCH1, NOTCH3, NOTCH4, NR1I2, NSD1, NTRK3, NTRK3-AS1, PACRG, PAX5, PFDN6, PIK3CG, PKHD1, PLCG1, PMS2, POLD1, POLE, PPP2R1A, PRAM1, PRKN, PTCH2, RARA, RBM10, RGL2, RPTOR, SCN5A, SETD2, SH2D2A, SMAD3, SOX9, SRC, TOE1, ZNF276\highlight0}\cell\row}{\pard\fs24\sa45\sb180\b Qualitätsparameter:\par}
{\trowd\trgaph70\fs20\cellx3500\cellx9500\pard\intbl\sa20\sb20 {Revision der Analysepipeline:}\cell\pard\intbl\sa20\sb20 {megSAP 0.1-438-g765065e}\cell\row}
{\trowd\trgaph70\fs20\cellx3500\cellx9500\pard\intbl\sa20\sb20 {Coverage Tumor 100x:}\cell\pard\intbl\sa20\sb20 {72.71 %}\cell\row}
{\trowd\trgaph70\fs20\cellx3500\cellx9500\pard\intbl\sa20\sb20 {Durchschnittl. Tiefe Tumor:}\cell\pard\intbl\sa20\sb20 {221.39x}\cell\row}
{\trowd\trgaph70\fs20\cellx3500\cellx9500\pard\intbl\sa20\sb20 {Coverage Normal 100x:}\cell\pard\intbl\sa20\sb20 {97.56 %}\cell\row}
{\trowd\trgaph70\fs20\cellx3500\cellx9500\pard\intbl\sa20\sb20 {Durchschnittl. Tiefe Normal:}\cell\pard\intbl\sa20\sb20 {460.64x}\cell\row}
{\trowd\trgaph70\fs20\cellx3500\cellx9500\pard\intbl\sa20\sb20 {Prozessierungssystem Tumor:}\cell\pard\intbl\sa20\sb20 {SureSelect Somatic Cancer Panel v2}\cell\row}
{\trowd\trgaph70\fs20\cellx3500\cellx9500\pard\intbl\sa20\sb20 {Prozessierungssystem Normal:}\cell\pard\intbl\sa20\sb20 {SureSelect Somatic Cancer Panel v2}\cell\row}
{\trowd\trgaph70\fs20\cellx3500\cellx9500\pard\intbl\sa20\sb20 {verwendeter Variantenfilter für somatische SNVs / Indels:}\cell\pard\intbl\sa20\sb20 {fv.not_cod_spli, fv.off_target, fv.somca_depth_tum, fv.somca_depth_norm, fv.somca_db_frequencies, fv.somca_all_freq}\cell\row}
{\trowd\trgaph70\fs20\cellx3500\cellx9500\pard\intbl\sa20\sb20 {verwendeter Genfilter für Keimbahnvarianten:}\cell\pard\intbl\sa20\sb20 {APC, BMPR1A, BRCA1, BRCA2, MEN1, MLH1, MSH2, MSH6, MUTYH, NF2, PMS2, PTEN, RB1, RET, SDHAF2, SDHB, SDHC, SDHD, SMAD4, STK11, TP53, TSC1, TSC2, VHL, WT1.}\cell\row}}