OMIM	CNV_OVERLAP
163890 [GENE=SNCA PHENOS=Dementia, Lewy body, 127750 (3), Autosomal dominant; Parkinson disease 1, 168601 (3), Autosomal dominant; Parkinson disease 4, 605543 (3), Autosomal dominant]	
609007 [GENE=LRRK2 PHENOS={Parkinson disease 8}, 607060 (3), Autosomal dominant]	0
609007 [GENE=LRRK2 PHENOS={Parkinson disease 8}, 607060 (3), Autosomal dominant]	0
