##ANALYSISTYPE=CNVHUNTER_GERMLINE_SINGLE
##CnvHunter version: 2020_03-49-g89d426ea
##NA12878_17 ref_correl: 0.988 (median: 0.992)
##NA12878_17 cnvs: 0 (median: 0)
##NA12878_17 qc_errors:
#chr	start	end	sample	size	region_count	region_copy_numbers	region_zscores	region_cnv_af	region_coordinates	overlaps_cnp_region	genes	dosage_sensitive_disease_genes	cn_pathogenic	clinvar_cnvs	hgmd_cnvs	omim	gene_info	ngsd_pathogenic_cnvs
