#CHROM_A	START_A	END_A	CHROM_B	START_B	END_B	ID	QUAL	STRAND_A	STRAND_B	TYPE	FILTER	NAME_A	REF_A	ALT_A	NAME_B	REF_B	ALT_B	INFO_A	INFO_B	FORMAT	NA12878_17
chr4	90742442	90742445	chr4	90742442	90742442	MantaINS:50:0:0:0:4:0	999	.	.	INS	PASS	MantaINS:50:0:0:0:4:0	G	GAAGAAAGGGAAAAGAAAGAAAAGGAAAGAAGGAAGGAAGGAAGCAAGAAAGAAAAAAGAGAAAGAAAGAAAGGGAGA	.	.	.	END=90742442;SVTYPE=INS;POS=90742442;SVLEN=77;CIGAR=1M77I;CONTIG=AACACTTTGGCAAAGAAAGGAAAAAGAAAGAAAAGGAAAGAAGGAAGGAAGAAAGCAAGAAAGAAAAAAGAGAAAGAAAGAAAGGGAGGAAGGAAGGGAGGGAGAGAGGGAGGAAGAAAGGGAAAAGAAAGAAAAGGAAAGAAGGAAGGAAGGAAGCAAGAAAGAAAAAAGAGAAAGAAAGAAAGGGAGAAAGGAAGGAAGGGAAGAAGGAAGGAAGGAAGGGAAAAGAAAGAAAGGAAAGAAAGTAAAGAAAGAAAGAAAAGAGAGAAAGAAGGAAAGAAAGAAAGAAAAAGAAAAAGAAAGAAAGAAGGAAAAAAAGTAGGGAGACTGGGAATACCAGAGGTGAGAAGAATGGCTCCAATTTTATATAGATTAGGGCAGGCCTCCCCAAGAACGTGTCAGGGCAAGGGTATGCTTGATTTATTCAAGAAATAGCAAGGAGGTCATTGTGGCAGGGAAAAAGCAAAAATTATTTTGCTGTTGTGG;CIPOS=0,3;HOMLEN=3;HOMSEQ=AAG	.	GT:FT:GQ:PL:PR:SR	1/1:PASS:275:999,278,0:0,0:0,126
chr12	40641307	40641326	chr12	40641389	40641389	MantaDEL:138:0:1:0:0:0	163	.	.	DEL	PASS	MantaDEL:138:0:1:0:0:0	CATGTATATAAATATACATACAAATGTATATAAATATACATATTTATACACAGATGTATATAAATATACATATTTATACACAG	C	.	.	.	END=40641389;SVTYPE=DEL;POS=40641307;SVLEN=-82;CIGAR=1M82D;CONTIG=CAAAGTGTATATATATACTCACATACTTCATATATATGAATCTACTTATATACTGTATATAAAAATATGTATATAAATATATACACATTGTATATAAATGTGTATATATATTTACACATGTATATAAATATACATATTTATACACAGATGTATATAAATATACATATTTATACACAGATGTATATAAATATACAAATATAAATATATACATTTATATATAAATATACATATTTATACACAGATGTATATAAATATACAAATATAAA;CIPOS=0,19;HOMLEN=19;HOMSEQ=ATGTATATAAATATACATA	.	GT:FT:GQ:PL:PR:SR	0/1:PASS:122:213,0,119:0,0:9,6
chr12	40641326	40641326	chr12	40641550	40641550	MantaDEL:163:0:1:0:1:0	234	.	.	DEL	PASS	MantaDEL:163:0:1:0:1:0	ACAAATGTATATAAATATACATATTTATACACAGATGTATATAAATATACATATTTATACACAGATGTATATAAATATACATATTTATACACAGATGTATATAAATATACATATTTATACACAGATGTATATAAATATACAAATATAAATATATACATTTATATATAAATATACATATTTATACACAGATGTATATAAATATACAAATATAAATATATACATTTA	ATTTATACACAGATG	.	.	.	END=40641550;SVTYPE=DEL;POS=40641326;SVLEN=-224;CIGAR=1M14I224D;CONTIG=CAAAGTGTATATATATACTCACATACTTCATATATATGAATCTACTTATATACTGTATATAAAAATATGTATATAAATATATACACATTGTATATAAATGTGTATATATATTTACACATGTATATAAATATACATATTTATACACAGATGTATATAAATATACATATTTATACACAGATGTATATAAATATACAAATATAAATATATACATTTATATATAAATATATATATTTTTTGATACGTACAACTATCTTGGGAGATGGGATATTGTTATTATTTCCACATT	.	GT:FT:GQ:PL:PR:SR	0/1:PASS:142:284,0,139:1,0:11,10
chrhs37d5	676521	676521	chrX	148956425	148956425	MantaBND:251:0:1:0:0:0:0	335	.	.	BND	off-target	MantaBND:251:0:1:0:0:0:0	A	AG[CHRX:148956425[	MantaBND:251:0:1:0:0:0:1	A	]CHRHS37D5:676521]GA	SVTYPE=BND;MATEID=MantaBND:251:0:1:0:0:0:1;CONTIG=GTCAGAGAGAGAGAGAGGAAGAGAGAGAGACAAAGAGGGAGTCAGAGAGAGAGAGACAGAAAGTCAAAGAGAGACAGAGAAAAAGAGAGGCAGAGAGAGAGGAAGAGACAGACAAAGAGGGAGTCAAAGAGAGAGAGGCAGAGACGGAGTCAAAGGGAGAGAAAGAGAGAGACAGAAAGTCAAAGAAAGAAAGATAGAAGTAGTGAAGAAGAAACAGTGTACCCTATTCCTTTAAAAGCCAGGGTAAATTTAAAACCTATAATTGATAATTGAAGGTCTTCTCCATGACCCTATAACACTCCAATAC;SVINSLEN=1;SVINSSEQ=G;BND_DEPTH=4;MATE_BND_DEPTH=11	SVTYPE=BND;MATEID=MantaBND:251:0:1:0:0:0:0;CONTIG=GTCAGAGAGAGAGAGAGGAAGAGAGAGAGACAAAGAGGGAGTCAGAGAGAGAGAGACAGAAAGTCAAAGAGAGACAGAGAAAAAGAGAGGCAGAGAGAGAGGAAGAGACAGACAAAGAGGGAGTCAAAGAGAGAGAGGCAGAGACGGAGTCAAAGGGAGAGAAAGAGAGAGACAGAAAGTCAAAGAAAGAAAGATAGAAGTAGTGAAGAAGAAACAGTGTACCCTATTCCTTTAAAAGCCAGGGTAAATTTAAAACCTATAATTGATAATTGAAGGTCTTCTCCATGACCCTATAACACTCCAATAC;SVINSLEN=1;SVINSSEQ=G;BND_DEPTH=11;MATE_BND_DEPTH=4	GT:FT:GQ:PL:PR:SR	1/1:PASS:18:388,21,0:0,4:0,6
