##fileformat=VCFv4.1
##filedate=2024-04-17T17:30:55
##source=ExpansionHunter v5.0.0
##reference=/tmp/local_ngs_data_GRCh38//GRCh38.fa
##INFO=<ID=VARID,Number=1,Type=String,Description="Variant identifier as specified in the variant catalog">
##FILTER=<ID=LowDepth,Description="The overall locus depth is below 10x or number of reads spanning one or both breakends is below 5">
##FILTER=<ID=PASS,Description="All filters passed">
##FORMAT=<ID=GT,Number=1,Type=String,Description="Genotype">
##FORMAT=<ID=LC,Number=1,Type=Float,Description="Locus coverage">
#CHROM	POS	ID	REF	ALT	QUAL	FILTER	INFO	FORMAT	NA12878_17
chr1	1435798	.	T	.	.	LowDepth	END=1435818;REF=2;RL=20;RU=GGCGCGGAGC;VARID=VWA1;REPID=VWA1	GT:SO:REPCN:REPCI:ADSP:ADFL:ADIR:LC	./.:./.:./.:./.:./.:./.:.:0.000000
chr1	57367043	.	C	.	.	LowDepth	END=57367118;REF=15;RL=75;RU=RAAAT;VARID=DAB1;REPID=DAB1	GT:SO:REPCN:REPCI:ADSP:ADFL:ADIR:LC	./.:./.:./.:./.:./.:./.:.:0.000000
chr1	94418421	.	A	.	.	LowDepth	END=94418442;REF=7;RL=21;RU=GCC;VARID=ABCD3;REPID=ABCD3	GT:SO:REPCN:REPCI:ADSP:ADFL:ADIR:LC	./.:./.:./.:./.:./.:./.:.:0.000000
chr1	146228800	.	C	.	.	LowDepth	END=146228821;REF=7;RL=21;RU=GCC;VARID=NOTCH2NLA;REPID=NOTCH2NLA	GT:SO:REPCN:REPCI:ADSP:ADFL:ADIR:LC	./.:./.:./.:./.:./.:./.:.:0.000000
chr1	149390802	.	A	.	.	LowDepth	END=149390841;REF=13;RL=39;RU=GGC;VARID=NOTCH2NLC;REPID=NOTCH2NLC	GT:SO:REPCN:REPCI:ADSP:ADFL:ADIR:LC	./.:./.:./.:./.:./.:./.:.:0.000000
chr2	96197066	.	C	.	.	LowDepth	END=96197121;REF=11;RL=55;RU=RAAAT;VARID=STARD7;REPID=STARD7	GT:SO:REPCN:REPCI:ADSP:ADFL:ADIR:LC	./.:./.:./.:./.:./.:./.:.:0.000000
chr2	100104798	.	A	.	.	LowDepth	END=100104822;REF=8;RL=24;RU=GCC;VARID=AFF3;REPID=AFF3	GT:SO:REPCN:REPCI:ADSP:ADFL:ADIR:LC	./.:./.:./.:./.:./.:./.:.:0.000000
chr2	176093058	.	G	.	.	LowDepth	END=176093103;REF=15;RL=45;RU=GCG;VARID=HOXD13;REPID=HOXD13	GT:SO:REPCN:REPCI:ADSP:ADFL:ADIR:LC	./.:./.:./.:./.:./.:./.:.:0.000000
chr2	190880872	.	C	.	.	LowDepth	END=190880920;REF=16;RL=48;RU=GCA;VARID=GLS;REPID=GLS	GT:SO:REPCN:REPCI:ADSP:ADFL:ADIR:LC	./.:./.:./.:./.:./.:./.:.:0.000000
chr3	63912684	.	G	.	.	LowDepth	END=63912714;REF=10;RL=30;RU=GCA;VARID=ATXN7;REPID=ATXN7	GT:SO:REPCN:REPCI:ADSP:ADFL:ADIR:LC	./.:./.:./.:./.:./.:./.:.:0.000000
chr3	63912714	.	A	.	.	LowDepth	END=63912726;REF=4;RL=12;RU=GCC;VARID=ATXN7_GCC;REPID=ATXN7_GCC	GT:SO:REPCN:REPCI:ADSP:ADFL:ADIR:LC	./.:./.:./.:./.:./.:./.:.:0.000000
chr3	129172576	.	A	.	.	LowDepth	END=129172656;REF=20;RL=80;RU=CAGG;VARID=CNBP;REPID=CNBP	GT:SO:REPCN:REPCI:ADSP:ADFL:ADIR:LC	./.:./.:./.:./.:./.:./.:.:0.000000
chr3	129172656	.	G	.	.	LowDepth	END=129172696;REF=10;RL=40;RU=CAGA;VARID=CNBP_CAGA;REPID=CNBP_CAGA	GT:SO:REPCN:REPCI:ADSP:ADFL:ADIR:LC	./.:./.:./.:./.:./.:./.:.:0.000000
chr3	129172696	.	A	.	.	LowDepth	END=129172732;REF=18;RL=36;RU=CA;VARID=CNBP_CA;REPID=CNBP_CA	GT:SO:REPCN:REPCI:ADSP:ADFL:ADIR:LC	./.:./.:./.:./.:./.:./.:.:0.000000
chr3	138946020	.	C	.	.	LowDepth	END=138946062;REF=14;RL=42;RU=NGC;VARID=FOXL2;REPID=FOXL2	GT:SO:REPCN:REPCI:ADSP:ADFL:ADIR:LC	./.:./.:./.:./.:./.:./.:.:0.000000
chr3	183712187	.	C	.	.	LowDepth	END=183712222;REF=7;RL=35;RU=TTTYA;VARID=YEATS2;REPID=YEATS2	GT:SO:REPCN:REPCI:ADSP:ADFL:ADIR:LC	./.:./.:./.:./.:./.:./.:.:0.000000
chr4	3074876	.	C	.	.	LowDepth	END=3074933;REF=19;RL=57;RU=CAG;VARID=HTT;REPID=HTT	GT:SO:REPCN:REPCI:ADSP:ADFL:ADIR:LC	./.:./.:./.:./.:./.:./.:.:0.000000
chr4	3074939	.	G	.	.	LowDepth	END=3074966;REF=9;RL=27;RU=CCG;VARID=HTT_CCG;REPID=HTT_CCG	GT:SO:REPCN:REPCI:ADSP:ADFL:ADIR:LC	./.:./.:./.:./.:./.:./.:.:0.000000
chr4	39348424	.	A	.	.	LowDepth	END=39348479;REF=11;RL=55;RU=AARRG;VARID=RFC1;REPID=RFC1	GT:SO:REPCN:REPCI:ADSP:ADFL:ADIR:LC	./.:./.:./.:./.:./.:./.:.:0.000000
chr4	41745972	.	A	.	.	LowDepth	END=41746032;REF=20;RL=60;RU=GCN;VARID=PHOX2B;REPID=PHOX2B	GT:SO:REPCN:REPCI:ADSP:ADFL:ADIR:LC	./.:./.:./.:./.:./.:./.:.:0.000000
chr4	159342526	.	C	.	.	LowDepth	END=159342616;REF=18;RL=90;RU=TTTYA;VARID=RAPGEF2;REPID=RAPGEF2	GT:SO:REPCN:REPCI:ADSP:ADFL:ADIR:LC	./.:./.:./.:./.:./.:./.:.:0.000000
chr5	10356346	.	T	.	.	LowDepth	END=10356411;REF=13;RL=65;RU=ATTTY;VARID=MARCHF6;REPID=MARCHF6	GT:SO:REPCN:REPCI:ADSP:ADFL:ADIR:LC	./.:./.:./.:./.:./.:./.:.:0.000000
chr5	146878727	.	A	.	.	LowDepth	END=146878757;REF=10;RL=30;RU=GCT;VARID=PPP2R2B;REPID=PPP2R2B	GT:SO:REPCN:REPCI:ADSP:ADFL:ADIR:LC	./.:./.:./.:./.:./.:./.:.:0.000000
chr6	16327633	.	G	.	.	LowDepth	END=16327723;REF=30;RL=90;RU=TGC;VARID=ATXN1;REPID=ATXN1	GT:SO:REPCN:REPCI:ADSP:ADFL:ADIR:LC	./.:./.:./.:./.:./.:./.:.:0.000000
chr6	45422750	.	G	.	.	LowDepth	END=45422792;REF=14;RL=42;RU=GCN;VARID=RUNX2;REPID=RUNX2	GT:SO:REPCN:REPCI:ADSP:ADFL:ADIR:LC	./.:./.:./.:./.:./.:./.:.:0.000000
chr6	170561906	.	G	.	.	LowDepth	END=170562017;REF=37;RL=111;RU=GCA;VARID=TBP;REPID=TBP	GT:SO:REPCN:REPCI:ADSP:ADFL:ADIR:LC	./.:./.:./.:./.:./.:./.:.:0.000000
chr7	27199678	.	A	.	.	LowDepth	END=27199732;REF=18;RL=54;RU=NGC;VARID=HOXA13_3;REPID=HOXA13_3	GT:SO:REPCN:REPCI:ADSP:ADFL:ADIR:LC	./.:./.:./.:./.:./.:./.:.:0.000000
chr7	27199825	.	T	.	.	LowDepth	END=27199861;REF=12;RL=36;RU=NGC;VARID=HOXA13_2;REPID=HOXA13_2	GT:SO:REPCN:REPCI:ADSP:ADFL:ADIR:LC	./.:./.:./.:./.:./.:./.:.:0.000000
chr7	27199924	.	C	.	.	LowDepth	END=27199966;REF=14;RL=42;RU=NGC;VARID=HOXA13_1;REPID=HOXA13_1	GT:SO:REPCN:REPCI:ADSP:ADFL:ADIR:LC	./.:./.:./.:./.:./.:./.:.:0.000000
chr7	55887600	.	C	.	.	LowDepth	END=55887639;REF=13;RL=39;RU=GCG;VARID=ZNF713;REPID=ZNF713	GT:SO:REPCN:REPCI:ADSP:ADFL:ADIR:LC	./.:./.:./.:./.:./.:./.:.:0.000000
chr8	104588970	.	A	.	.	LowDepth	END=104588997;REF=9;RL=27;RU=CGC;VARID=LRP12;REPID=LRP12	GT:SO:REPCN:REPCI:ADSP:ADFL:ADIR:LC	./.:./.:./.:./.:./.:./.:.:0.000000
chr8	118366812	.	C	.	.	LowDepth	END=118366918;REF=21;RL=106;RU=TRAAA;VARID=SAMD12;REPID=SAMD12	GT:SO:REPCN:REPCI:ADSP:ADFL:ADIR:LC	./.:./.:./.:./.:./.:./.:.:0.000000
chr9	27573528	.	C	.	.	LowDepth	END=27573546;REF=3;RL=18;RU=GGCCCC;VARID=C9ORF72;REPID=C9ORF72	GT:SO:REPCN:REPCI:ADSP:ADFL:ADIR:LC	./.:./.:./.:./.:./.:./.:.:0.000000
chr9	69037261	.	T	.	.	LowDepth	END=69037286;REF=25;RL=25;RU=A;VARID=FXN_A;REPID=FXN_A	GT:SO:REPCN:REPCI:ADSP:ADFL:ADIR:LC	./.:./.:./.:./.:./.:./.:.:0.000000
chr9	69037286	.	A	.	.	LowDepth	END=69037304;REF=6;RL=18;RU=GAA;VARID=FXN;REPID=FXN	GT:SO:REPCN:REPCI:ADSP:ADFL:ADIR:LC	./.:./.:./.:./.:./.:./.:.:0.000000
chr9	130681606	.	C	.	.	LowDepth	END=130681639;REF=11;RL=33;RU=GCC;VARID=PRDM12;REPID=PRDM12	GT:SO:REPCN:REPCI:ADSP:ADFL:ADIR:LC	./.:./.:./.:./.:./.:./.:.:0.000000
chr10	79826383	.	G	.	.	LowDepth	END=79826404;REF=7;RL=21;RU=GGC;VARID=NUTM2B-AS1;REPID=NUTM2B-AS1	GT:SO:REPCN:REPCI:ADSP:ADFL:ADIR:LC	./.:./.:./.:./.:./.:./.:.:0.000000
chr10	93702516	.	A	.	.	LowDepth	END=93702522;REF=2;RL=6;RU=CCA;VARID=FRA10AC1_CCA;REPID=FRA10AC1_CCA	GT:SO:REPCN:REPCI:ADSP:ADFL:ADIR:LC	./.:./.:./.:./.:./.:./.:.:0.000000
chr10	93702522	.	A	.	.	LowDepth	END=93702546;REF=8;RL=24;RU=CCG;VARID=FRA10AC1;REPID=FRA10AC1	GT:SO:REPCN:REPCI:ADSP:ADFL:ADIR:LC	./.:./.:./.:./.:./.:./.:.:0.000000
chr11	66744819	.	G	.	.	LowDepth	END=66744843;REF=8;RL=24;RU=GGC;VARID=C11ORF80;REPID=C11ORF80	GT:SO:REPCN:REPCI:ADSP:ADFL:ADIR:LC	./.:./.:./.:./.:./.:./.:.:0.000000
chr11	119206289	.	C	.	.	LowDepth	END=119206322;REF=11;RL=33;RU=CGG;VARID=CBL;REPID=CBL	GT:SO:REPCN:REPCI:ADSP:ADFL:ADIR:LC	./.:./.:./.:./.:./.:./.:.:0.000000
chr12	6936716	.	C	.	.	LowDepth	END=6936773;REF=19;RL=57;RU=CAG;VARID=ATN1;REPID=ATN1	GT:SO:REPCN:REPCI:ADSP:ADFL:ADIR:LC	./.:./.:./.:./.:./.:./.:.:0.000000
chr12	50505001	.	T	.	.	LowDepth	END=50505022;REF=7;RL=21;RU=GGC;VARID=DIP2B;REPID=DIP2B	GT:SO:REPCN:REPCI:ADSP:ADFL:ADIR:LC	./.:./.:./.:./.:./.:./.:.:0.000000
chr12	111598949	.	G	.	.	LowDepth	END=111599018;REF=23;RL=69;RU=GCT;VARID=ATXN2;REPID=ATXN2	GT:SO:REPCN:REPCI:ADSP:ADFL:ADIR:LC	./.:./.:./.:./.:./.:./.:.:0.000000
chr12	123533720	.	G	.	.	LowDepth	END=123533750;REF=10;RL=30;RU=GGC;VARID=RILPL1;REPID=RILPL1	GT:SO:REPCN:REPCI:ADSP:ADFL:ADIR:LC	./.:./.:./.:./.:./.:./.:.:0.000000
chr13	70139353	.	A	.	.	LowDepth	END=70139383;REF=10;RL=30;RU=CTA;VARID=ATXN8OS_CTA;REPID=ATXN8OS_CTA	GT:SO:REPCN:REPCI:ADSP:ADFL:ADIR:LC	./.:./.:./.:./.:./.:./.:.:0.000000
chr13	70139383	.	A	.	.	LowDepth	END=70139428;REF=15;RL=45;RU=CTG;VARID=ATXN8OS;REPID=ATXN8OS	GT:SO:REPCN:REPCI:ADSP:ADFL:ADIR:LC	./.:./.:./.:./.:./.:./.:.:0.000000
chr13	99985448	.	A	.	.	LowDepth	END=99985493;REF=15;RL=45;RU=GCN;VARID=ZIC2;REPID=ZIC2	GT:SO:REPCN:REPCI:ADSP:ADFL:ADIR:LC	./.:./.:./.:./.:./.:./.:.:0.000000
chr13	102161566	.	G	.	.	LowDepth	END=102161574;REF=2;RL=8;RU=AAGA;VARID=FGF14_AAGA;REPID=FGF14_AAGA	GT:SO:REPCN:REPCI:ADSP:ADFL:ADIR:LC	./.:./.:./.:./.:./.:./.:.:0.000000
chr13	102161574	.	A	.	.	LowDepth	END=102161724;REF=50;RL=150;RU=AAG;VARID=FGF14;REPID=FGF14	GT:SO:REPCN:REPCI:ADSP:ADFL:ADIR:LC	./.:./.:./.:./.:./.:./.:.:0.000000
chr14	23321472	.	G	.	.	LowDepth	END=23321502;REF=10;RL=30;RU=GCN;VARID=PABPN1;REPID=PABPN1	GT:SO:REPCN:REPCI:ADSP:ADFL:ADIR:LC	./.:./.:./.:./.:./.:./.:.:0.000000
chr14	92071010	.	C	.	.	LowDepth	END=92071040;REF=10;RL=30;RU=CTG;VARID=ATXN3;REPID=ATXN3	GT:SO:REPCN:REPCI:ADSP:ADFL:ADIR:LC	./.:./.:./.:./.:./.:./.:.:0.000000
chr15	22786677	.	A	.	.	LowDepth	END=22786701;REF=8;RL=24;RU=GCG;VARID=NIPA1;REPID=NIPA1	GT:SO:REPCN:REPCI:ADSP:ADFL:ADIR:LC	./.:./.:./.:./.:./.:./.:.:0.000000
chr16	17470907	.	G	.	.	LowDepth	END=17470922;REF=5;RL=15;RU=GCC;VARID=XYLT1;REPID=XYLT1	GT:SO:REPCN:REPCI:ADSP:ADFL:ADIR:LC	./.:./.:./.:./.:./.:./.:.:0.000000
chr16	24613439	.	A	.	.	LowDepth	END=24613529;REF=18;RL=90;RU=TTTYA;VARID=TNRC6A;REPID=TNRC6A	GT:SO:REPCN:REPCI:ADSP:ADFL:ADIR:LC	./.:./.:./.:./.:./.:./.:.:0.000000
chr16	66490398	.	A	.	.	LowDepth	END=66490453;REF=11;RL=55;RU=TAAAA;VARID=BEAN1;REPID=BEAN1	GT:SO:REPCN:REPCI:ADSP:ADFL:ADIR:LC	./.:./.:./.:./.:./.:./.:.:0.000000
chr16	67842863	.	G	.	.	LowDepth	END=67842950;REF=29;RL=87;RU=CAG;VARID=THAP11;REPID=THAP11	GT:SO:REPCN:REPCI:ADSP:ADFL:ADIR:LC	./.:./.:./.:./.:./.:./.:.:0.000000
chr16	72787694	.	A	.	.	LowDepth	END=72787757;REF=21;RL=63;RU=GCC;VARID=ZFHX3;REPID=ZFHX3	GT:SO:REPCN:REPCI:ADSP:ADFL:ADIR:LC	./.:./.:./.:./.:./.:./.:.:0.000000
chr16	87604287	.	C	.	.	LowDepth	END=87604329;REF=14;RL=42;RU=CTG;VARID=JPH3;REPID=JPH3	GT:SO:REPCN:REPCI:ADSP:ADFL:ADIR:LC	./.:./.:./.:./.:./.:./.:.:0.000000
chr17	80147003	.	A	.	.	LowDepth	END=80147139;REF=6;RL=136;RU=CCTCGCTGYGCCGCTGCCGA;VARID=EIF4A3;REPID=EIF4A3	GT:SO:REPCN:REPCI:ADSP:ADFL:ADIR:LC	./.:./.:./.:./.:./.:./.:.:0.000000
chr18	55586155	.	G	.	.	LowDepth	END=55586227;REF=24;RL=72;RU=CAG;VARID=TCF4;REPID=TCF4	GT:SO:REPCN:REPCI:ADSP:ADFL:ADIR:LC	./.:./.:./.:./.:./.:./.:.:0.000000
chr19	13207858	.	C	.	.	LowDepth	END=13207897;REF=13;RL=39;RU=CTG;VARID=CACNA1A;REPID=CACNA1A	GT:SO:REPCN:REPCI:ADSP:ADFL:ADIR:LC	./.:./.:./.:./.:./.:./.:.:0.000000
chr19	14496041	.	T	.	.	LowDepth	END=14496074;REF=11;RL=33;RU=CCG;VARID=GIPC1;REPID=GIPC1	GT:SO:REPCN:REPCI:ADSP:ADFL:ADIR:LC	./.:./.:./.:./.:./.:./.:.:0.000000
chr19	18786034	.	T	.	.	LowDepth	END=18786049;REF=5;RL=15;RU=GTC;VARID=COMP;REPID=COMP	GT:SO:REPCN:REPCI:ADSP:ADFL:ADIR:LC	./.:./.:./.:./.:./.:./.:.:0.000000
chr19	45770204	.	C	.	.	LowDepth	END=45770264;REF=20;RL=60;RU=CAG;VARID=DMPK;REPID=DMPK	GT:SO:REPCN:REPCI:ADSP:ADFL:ADIR:LC	./.:./.:./.:./.:./.:./.:.:0.000000
chr20	2652733	.	G	.	.	LowDepth	END=2652757;REF=4;RL=24;RU=GGCCTG;VARID=NOP56;REPID=NOP56	GT:SO:REPCN:REPCI:ADSP:ADFL:ADIR:LC	./.:./.:./.:./.:./.:./.:.:0.000000
chr20	2652757	.	G	.	.	LowDepth	END=2652775;REF=3;RL=18;RU=CGCCTG;VARID=NOP56_CGCCTG;REPID=NOP56_CGCCTG	GT:SO:REPCN:REPCI:ADSP:ADFL:ADIR:LC	./.:./.:./.:./.:./.:./.:.:0.000000
chr20	4699370	.	A	.	.	LowDepth	END=4699397;REF=1;RL=27;RU=CCTCAGGGCGGTGGTGGCTGGGGGCAG;VARID=PRNP_CCTCAGGGCGGTGGTGGCTGGGGGCAG;REPID=PRNP_CCTCAGGGCGGTGGTGGCTGGGGGCAG	GT:SO:REPCN:REPCI:ADSP:ADFL:ADIR:LC	./.:./.:./.:./.:./.:./.:.:0.000000
chr20	4699397	.	G	.	.	LowDepth	END=4699493;REF=4;RL=96;RU=CCTCATGGTGGTGGCTGGGGGCAG;VARID=PRNP;REPID=PRNP	GT:SO:REPCN:REPCI:ADSP:ADFL:ADIR:LC	./.:./.:./.:./.:./.:./.:.:0.000000
chr21	43776443	.	G	.	.	LowDepth	END=43776479;REF=3;RL=36;RU=CGCGGGGCGGGG;VARID=CSTB;REPID=CSTB	GT:SO:REPCN:REPCI:ADSP:ADFL:ADIR:LC	./.:./.:./.:./.:./.:./.:.:0.000000
chr22	19766762	.	A	.	.	LowDepth	END=19766807;REF=15;RL=45;RU=GCN;VARID=TBX1;REPID=TBX1	GT:SO:REPCN:REPCI:ADSP:ADFL:ADIR:LC	./.:./.:./.:./.:./.:./.:.:0.000000
chr22	38317282	.	A	.	.	LowDepth	END=38317306;REF=8;RL=24;RU=GCC;VARID=CSNK1E;REPID=CSNK1E	GT:SO:REPCN:REPCI:ADSP:ADFL:ADIR:LC	./.:./.:./.:./.:./.:./.:.:0.000000
chr22	45795354	.	G	.	.	LowDepth	END=45795424;REF=14;RL=70;RU=ATTCT;VARID=ATXN10;REPID=ATXN10	GT:SO:REPCN:REPCI:ADSP:ADFL:ADIR:LC	./.:./.:./.:./.:./.:./.:.:0.000000
chrX	19990922	.	C	.	.	LowDepth	END=19990973;REF=17;RL=51;RU=CCG;VARID=BCLAF3;REPID=BCLAF3	GT:SO:REPCN:REPCI:ADSP:ADFL:ADIR:LC	./.:./.:./.:./.:./.:./.:.:0.000000
chrX	25013529	.	A	.	.	LowDepth	END=25013565;REF=12;RL=36;RU=NGC;VARID=ARX_2;REPID=ARX_2	GT:SO:REPCN:REPCI:ADSP:ADFL:ADIR:LC	./.:./.:./.:./.:./.:./.:.:0.000000
chrX	25013649	.	T	.	.	LowDepth	END=25013697;REF=16;RL=48;RU=NGC;VARID=ARX_1;REPID=ARX_1	GT:SO:REPCN:REPCI:ADSP:ADFL:ADIR:LC	./.:./.:./.:./.:./.:./.:.:0.000000
chrX	31284557	.	T	.	.	LowDepth	END=31284605;REF=16;RL=48;RU=TTC;VARID=DMD;REPID=DMD	GT:SO:REPCN:REPCI:ADSP:ADFL:ADIR:LC	./.:./.:./.:./.:./.:./.:.:0.000000
chrX	67545316	.	T	.	.	LowDepth	END=67545385;REF=23;RL=69;RU=GCA;VARID=AR;REPID=AR	GT:SO:REPCN:REPCI:ADSP:ADFL:ADIR:LC	./.:./.:./.:./.:./.:./.:.:0.000000
chrX	137566826	.	C	.	.	LowDepth	END=137566856;REF=10;RL=30;RU=GCC;VARID=ZIC3;REPID=ZIC3	GT:SO:REPCN:REPCI:ADSP:ADFL:ADIR:LC	./.:./.:./.:./.:./.:./.:.:0.000000
chrX	140504316	.	T	.	.	LowDepth	END=140504361;REF=15;RL=45;RU=NGC;VARID=SOX3;REPID=SOX3	GT:SO:REPCN:REPCI:ADSP:ADFL:ADIR:LC	./.:./.:./.:./.:./.:./.:.:0.000000
chrX	147912050	.	G	.	.	LowDepth	END=147912110;REF=20;RL=60;RU=CGG;VARID=FMR1;REPID=FMR1	GT:SO:REPCN:REPCI:ADSP:ADFL:ADIR:LC	./.:./.:./.:./.:./.:./.:.:0.000000
chrX	148500631	.	A	.	.	LowDepth	END=148500691;REF=20;RL=60;RU=GCC;VARID=AFF2;REPID=AFF2	GT:SO:REPCN:REPCI:ADSP:ADFL:ADIR:LC	./.:./.:./.:./.:./.:./.:.:0.000000
chrX	149631723	.	T	.	.	LowDepth	END=149631735;REF=2;RL=12;RU=CGCCGT;VARID=TMEM185A_CGCCGT;REPID=TMEM185A_CGCCGT	GT:SO:REPCN:REPCI:ADSP:ADFL:ADIR:LC	./.:./.:./.:./.:./.:./.:.:0.000000
chrX	149631735	.	T	.	.	LowDepth	END=149631780;REF=15;RL=45;RU=CGC;VARID=TMEM185A;REPID=TMEM185A	GT:SO:REPCN:REPCI:ADSP:ADFL:ADIR:LC	./.:./.:./.:./.:./.:./.:.:0.000000
