##ANALYSISTYPE=CLINCNV_GERMLINE_SINGLE
##ClinCNV version: v1.16.6
##Analysis finished on: 2020-04-27 10:24:58
##high-quality cnvs: 0
##mean correlation to reference samples: 0.966
##gender of sample: M
##number of iterations: 1
##quality used at final iteration: 20
##was it outlier after clustering: FALSE
##fraction of outliers: 0.056
#chr	start	end	CN_change	loglikelihood	no_of_regions	length_KB	potential_AF	genes	overlap af_genomes_imgag	cn_pathogenic	dosage_sensitive_disease_genes	clinvar_cnvs	hgmd_cnvs	omim	gene_info	ngsd_pathogenic_cnvs
