OMIM	CNV_OVERLAP
602023 [GENE=CLCNKB PHENOS=Bartter syndrome, type 3, 607364 (3), Autosomal recessive; Bartter syndrome, type 4b, digenic, 613090 (3), Digenic recessive]	0
602023 [GENE=CLCNKB PHENOS=Bartter syndrome, type 3, 607364 (3), Autosomal recessive; Bartter syndrome, type 4b, digenic, 613090 (3), Digenic recessive]	
135940 [GENE=FLG PHENOS=Ichthyosis vulgaris, 146700 (3), Autosomal dominant, Autosomal recessive; {Dermatitis, atopic, susceptibility to, 2}, 605803 (3)]	0
135940 [GENE=FLG PHENOS=Ichthyosis vulgaris, 146700 (3), Autosomal dominant, Autosomal recessive; {Dermatitis, atopic, susceptibility to, 2}, 605803 (3)]	0
113811 [GENE=COL17A1 PHENOS=Epithelial recurrent erosion dystrophy, 122400 (3), Autosomal dominant; Epidermolysis bullosa, junctional 4, intermediate, 619787 (3)]	
605518 [GENE=LPIN1 PHENOS=Myoglobinuria, acute recurrent, autosomal recessive, 268200 (3), Autosomal recessive]	0
	
600565 [GENE=NRXN1 PHENOS=Pitt-Hopkins-like syndrome 2, 614325 (3), Autosomal recessive; {Schizophrenia, susceptibility to, 17}, 614332 (3)]	
182389 [GENE=SCN1A PHENOS=Developmental and epileptic encephalopathy 6B, non-Dravet, 619317 (3), Autosomal dominant; Migraine, familial hemiplegic, 3, 609634 (3), Autosomal dominant; Dravet syndrome, 607208 (3), Autosomal dominant; Febrile seizures, familial, 3A, 604403 (3), Autosomal dominant; Generalized epilepsy with febrile seizures plus, type 2, 604403 (3), Autosomal dominant]	0
	0
613984 [GENE=FANCD2 PHENOS=Fanconi anemia, complementation group D2, 227646 (3), Autosomal recessive];608537 [GENE=VHL PHENOS=Hemangioblastoma, cerebellar, somatic (3); Erythrocytosis, familial, 2, 263400 (3), Autosomal recessive; von Hippel-Lindau syndrome, 193300 (3), Autosomal dominant; Renal cell carcinoma, somatic, 144700 (3); Pheochromocytoma, 171300 (3), Autosomal dominant];605353 [GENE=GHRL PHENOS={Obesity, susceptibility to}, 601665 (3), Autosomal dominant, Multifactorial, Autosomal recessive];108733 [GENE=ATP2B2 PHENOS=Deafness, autosomal dominant 82, 619804 (3), Autosomal dominant; {Deafness, autosomal recessive 12, modifier of}, 601386 (3), Autosomal recessive];137165 [GENE=SLC6A1 PHENOS=Myoclonic-atonic epilepsy, 616421 (3), Autosomal dominant];608760 [GENE=ATG7 PHENOS=Spinocerebellar ataxia, autosomal recessive 31, 619422 (3), Autosomal recessive]	0
	0
	
	0
	
	0
604831 [GENE=EVC PHENOS=Ellis-van Creveld syndrome, 225500 (3), Autosomal recessive; ?Weyers acrofacial dysostosis, 193530 (3), Autosomal dominant]	0
604831 [GENE=EVC PHENOS=Ellis-van Creveld syndrome, 225500 (3), Autosomal recessive; ?Weyers acrofacial dysostosis, 193530 (3), Autosomal dominant]	0
	
	
	0
	0
	0
	0
	
	
170261 [GENE=TAP2 PHENOS=Bare lymphocyte syndrome, type I, due to TAP2 deficiency, 604571 (3), Autosomal recessive]	0
156225 [GENE=LAMA2 PHENOS=Muscular dystrophy, limb-girdle, autosomal recessive 23, 618138 (3), Autosomal recessive; Muscular dystrophy, congenital, merosin deficient or partially deficient, 607855 (3), Autosomal recessive]	0
611061 [GENE=FAM20C PHENOS=Raine syndrome, 259775 (3), Autosomal recessive]	0
611061 [GENE=FAM20C PHENOS=Raine syndrome, 259775 (3), Autosomal recessive]	0
	0
	0
	0
	0
	0
607340 [GENE=GABBR2 PHENOS={Nicotine dependence, protection against}, 188890 (3); {Nicotine dependence, susceptibility to}, 188890 (3); Developmental and epileptic encephalopathy 59, 617904 (3), Autosomal dominant; Neurodevelopmental disorder with poor language and loss of hand skills, 617903 (3), Autosomal dominant]	0
	
	
	0
	
	
	0
	
	
602113 [GENE=KMT2D PHENOS=Kabuki syndrome 1, 147920 (3), Autosomal dominant]	
608896 [GENE=SGCG PHENOS=Muscular dystrophy, limb-girdle, autosomal recessive 5, 253700 (3), Autosomal recessive]	
	
	0
	0
	0
102610 [GENE=ACTA1 PHENOS=?Myopathy, scapulohumeroperoneal, 616852 (3), Autosomal dominant; Nemaline myopathy 3, autosomal dominant or recessive, 161800 (3), Autosomal dominant, Autosomal recessive; Myopathy, actin, congenital, with excess of thin myofilaments, 161800 (3), Autosomal dominant, Autosomal recessive; Myopathy, actin, congenital, with cores, 161800 (3), Autosomal dominant, Autosomal recessive; Myopathy, congenital, with fiber-type disproportion 1, 255310 (3), Autosomal dominant, Autosomal recessive]	
174763 [GENE=POLG PHENOS=Mitochondrial recessive ataxia syndrome (includes SANDO and SCAE), 607459 (3), Autosomal recessive; Mitochondrial DNA depletion syndrome 4B (MNGIE type), 613662 (3), Autosomal recessive; Mitochondrial DNA depletion syndrome 4A (Alpers type), 203700 (3), Autosomal recessive; Progressive external ophthalmoplegia, autosomal dominant 1, 157640 (3), Autosomal dominant; Progressive external ophthalmoplegia, autosomal recessive 1, 258450 (3), Autosomal recessive]	0
611254 [GENE=KIF7 PHENOS=Joubert syndrome 12, 200990 (3), Autosomal recessive; Acrocallosal syndrome, 200990 (3), Autosomal recessive; ?Hydrolethalus syndrome 2, 614120 (3), Autosomal recessive; ?Al-Gazali-Bakalinova syndrome, 607131 (3), Autosomal recessive]	0
601615 [GENE=ABCA3 PHENOS=Surfactant metabolism dysfunction, pulmonary, 3, 610921 (3), Autosomal recessive]	0
160745 [GENE=MYH11 PHENOS=Megacystis-microcolon-intestinal hypoperistalsis syndrome 2, 619351 (3), Autosomal recessive; Aortic aneurysm, familial thoracic 4, 132900 (3), Autosomal dominant; Visceral myopathy 2, 619350 (3), Autosomal dominant]	0
	0
608508 [GENE=CYBA PHENOS=Chronic granulomatous disease 4, autosomal recessive, 233690 (3), Autosomal recessive]	0
608508 [GENE=CYBA PHENOS=Chronic granulomatous disease 4, autosomal recessive, 233690 (3), Autosomal recessive]	
614245 [GENE=ACSF3 PHENOS=Combined malonic and methylmalonic aciduria, 614265 (3)]	
611577 [GENE=KDM6B PHENOS=Neurodevelopmental disorder with coarse facies and mild distal skeletal abnormalities, 618505 (3), Autosomal dominant]	0
604061 [GENE=SEPTIN9 PHENOS=Amyotrophy, hereditary neuralgic, 162100 (3), Autosomal dominant]	0
610063 [GENE=DNAH17 PHENOS=Spermatogenic failure 39, 618643 (3), Autosomal recessive]	
	0
609226 [GENE=WDR45B PHENOS=Neurodevelopmental disorder with spastic quadriplegia and brain abnormalities with or without seizures, 617977 (3), Autosomal recessive]	0
	
601825 [GENE=NDUFS7 PHENOS=Mitochondrial complex I deficiency, nuclear type 3, 618224 (3), Autosomal recessive]	
	0
	
	0
	
600065 [GENE=ITGB2 PHENOS=Leukocyte adhesion deficiency, 116920 (3), Autosomal recessive]	0
120328 [GENE=COL18A1 PHENOS=Knobloch syndrome, type 1, 267750 (3), Autosomal recessive; Glaucoma, primary closed-angle, 618880 (3), Autosomal dominant]	0
120328 [GENE=COL18A1 PHENOS=Knobloch syndrome, type 1, 267750 (3), Autosomal recessive; Glaucoma, primary closed-angle, 618880 (3), Autosomal dominant];600424 [GENE=SLC19A1 PHENOS=?Megaloblastic anemia, folate-responsive, 601775 (3), Autosomal recessive]	0
	0
124030 [GENE=CYP2D6 PHENOS={Codeine sensitivity}, 608902 (3), Autosomal recessive; {Debrisoquine sensitivity}, 608902 (3), Autosomal recessive]	0
605908 [GENE=MLC1 PHENOS=Megalencephalic leukoencephalopathy with subcortical cysts, 604004 (3), Autosomal recessive]	0
300499 [GENE=FTSJ1 PHENOS=Intellectual developmental disorder, X-linked 9, 309549 (3), X-linked recessive];300651 [GENE=PORCN PHENOS=Focal dermal hypoplasia, 305600 (3), X-linked dominant];300205 [GENE=EBP PHENOS=MEND syndrome, 300960 (3), X-linked recessive; Chondrodysplasia punctata, X-linked dominant, 302960 (3), X-linked dominant];300392 [GENE=WAS PHENOS=Wiskott-Aldrich syndrome, 301000 (3), X-linked recessive; Neutropenia, severe congenital, X-linked, 300299 (3), X-linked recessive; Thrombocytopenia, X-linked, intermittent, 313900 (3), X-linked recessive; Thrombocytopenia, X-linked, 313900 (3), X-linked recessive];305371 [GENE=GATA1 PHENOS=Leukemia, megakaryoblastic, with or without Down syndrome, somatic, 190685 (3); Thrombocytopenia, X-linked, with or without dyserythropoietic anemia, 300367 (3), X-linked recessive; Anemia, X-linked, with/without neutropenia and/or platelet abnormalities, 300835 (3), X-linked recessive; Thrombocytopenia with beta-thalassemia, X-linked, 314050 (3), X-linked recessive];300272 [GENE=HDAC6 PHENOS=?Chondrodysplasia with platyspondyly, distinctive brachydactyly, hydrocephaly, and microphthalmia, 300863 (3), X-linked dominant];300463 [GENE=PQBP1 PHENOS=Renpenning syndrome, 309500 (3), X-linked recessive];314375 [GENE=SLC35A2 PHENOS=Congenital disorder of glycosylation, type IIm, 300896 (3), Somatic mosaicism, X-linked dominant];300713 [GENE=OTUD5 PHENOS=Multiple congenital anomalies-neurodevelopmental syndrome, X-linked, 301056 (3), X-linked recessive];314310 [GENE=TFE3 PHENOS=Intellectual developmental disorder, X-linked, syndromic, with pigmentary mosaicism and coarse facies, 301066 (3), X-linked; Renal cell carcinoma, papillary, 1, 300854 (3)];300526 [GENE=WDR45 PHENOS=Neurodegeneration with brain iron accumulation 5, 300894 (3), X-linked dominant];300111 [GENE=PRICKLE3 PHENOS={Leber hereditary optic neuropathy, modifier of}, 308905 (3), X-linked dominant];313475 [GENE=SYP PHENOS=Intellectual developmental disorder, X-linked 96, 300802 (3), X-linked recessive];300110 [GENE=CACNA1F PHENOS=Cone-rod dystrophy, X-linked, 3, 300476 (3), X-linked recessive; Night blindness, congenital stationary (incomplete), 2A, X-linked, 300071 (3), X-linked; Aland Island eye disease, 300600 (3), X-linked];300859 [GENE=CCDC22 PHENOS=Ritscher-Schinzel syndrome 2, 300963 (3), X-linked recessive];300292 [GENE=FOXP3 PHENOS=Immunodysregulation, polyendocrinopathy, and enteropathy, X-linked, 304790 (3), X-linked recessive];300975 [GENE=USP27X PHENOS=Intellectual developmental disorder, X-linked 105, 300984 (3), X-linked recessive];300008 [GENE=CLCN5 PHENOS=Proteinuria, low molecular weight, with hypercalciuric nephrocalcinosis, 308990 (3), X-linked recessive; Hypophosphatemic rickets, 300554 (3), X-linked recessive; Dent disease 1, 300009 (3), X-linked recessive; Nephrolithiasis, type I, 310468 (3), X-linked recessive];300579 [GENE=SHROOM4 PHENOS=Intellectual developmental disorder, X-linked syndromic, Stocco dos Santos type, 300434 (3), X-linked];300247 [GENE=BMP15 PHENOS=Premature ovarian failure 4, 300510 (3), X-linked; Ovarian dysgenesis 2, 300510 (3), X-linked]	0
300499 [GENE=FTSJ1 PHENOS=Intellectual developmental disorder, X-linked 9, 309549 (3), X-linked recessive];300651 [GENE=PORCN PHENOS=Focal dermal hypoplasia, 305600 (3), X-linked dominant];300205 [GENE=EBP PHENOS=MEND syndrome, 300960 (3), X-linked recessive; Chondrodysplasia punctata, X-linked dominant, 302960 (3), X-linked dominant];300392 [GENE=WAS PHENOS=Wiskott-Aldrich syndrome, 301000 (3), X-linked recessive; Neutropenia, severe congenital, X-linked, 300299 (3), X-linked recessive; Thrombocytopenia, X-linked, intermittent, 313900 (3), X-linked recessive; Thrombocytopenia, X-linked, 313900 (3), X-linked recessive];305371 [GENE=GATA1 PHENOS=Leukemia, megakaryoblastic, with or without Down syndrome, somatic, 190685 (3); Thrombocytopenia, X-linked, with or without dyserythropoietic anemia, 300367 (3), X-linked recessive; Anemia, X-linked, with/without neutropenia and/or platelet abnormalities, 300835 (3), X-linked recessive; Thrombocytopenia with beta-thalassemia, X-linked, 314050 (3), X-linked recessive];300272 [GENE=HDAC6 PHENOS=?Chondrodysplasia with platyspondyly, distinctive brachydactyly, hydrocephaly, and microphthalmia, 300863 (3), X-linked dominant];300463 [GENE=PQBP1 PHENOS=Renpenning syndrome, 309500 (3), X-linked recessive];314375 [GENE=SLC35A2 PHENOS=Congenital disorder of glycosylation, type IIm, 300896 (3), Somatic mosaicism, X-linked dominant];300713 [GENE=OTUD5 PHENOS=Multiple congenital anomalies-neurodevelopmental syndrome, X-linked, 301056 (3), X-linked recessive];314310 [GENE=TFE3 PHENOS=Intellectual developmental disorder, X-linked, syndromic, with pigmentary mosaicism and coarse facies, 301066 (3), X-linked; Renal cell carcinoma, papillary, 1, 300854 (3)];300526 [GENE=WDR45 PHENOS=Neurodegeneration with brain iron accumulation 5, 300894 (3), X-linked dominant];300111 [GENE=PRICKLE3 PHENOS={Leber hereditary optic neuropathy, modifier of}, 308905 (3), X-linked dominant];313475 [GENE=SYP PHENOS=Intellectual developmental disorder, X-linked 96, 300802 (3), X-linked recessive];300110 [GENE=CACNA1F PHENOS=Cone-rod dystrophy, X-linked, 3, 300476 (3), X-linked recessive; Night blindness, congenital stationary (incomplete), 2A, X-linked, 300071 (3), X-linked; Aland Island eye disease, 300600 (3), X-linked];300859 [GENE=CCDC22 PHENOS=Ritscher-Schinzel syndrome 2, 300963 (3), X-linked recessive];300292 [GENE=FOXP3 PHENOS=Immunodysregulation, polyendocrinopathy, and enteropathy, X-linked, 304790 (3), X-linked recessive];300975 [GENE=USP27X PHENOS=Intellectual developmental disorder, X-linked 105, 300984 (3), X-linked recessive];300008 [GENE=CLCN5 PHENOS=Proteinuria, low molecular weight, with hypercalciuric nephrocalcinosis, 308990 (3), X-linked recessive; Hypophosphatemic rickets, 300554 (3), X-linked recessive; Dent disease 1, 300009 (3), X-linked recessive; Nephrolithiasis, type I, 310468 (3), X-linked recessive];300579 [GENE=SHROOM4 PHENOS=Intellectual developmental disorder, X-linked syndromic, Stocco dos Santos type, 300434 (3), X-linked];300247 [GENE=BMP15 PHENOS=Premature ovarian failure 4, 300510 (3), X-linked; Ovarian dysgenesis 2, 300510 (3), X-linked]	0
312173 [GENE=RPL10 PHENOS={Autism, susceptibility to, X-linked 5}, 300847 (3); Intellectual developmental disorder, X-linked, syndromic, 35, 300998 (3), X-linked recessive]	0
	0
	0
	0
	0
	
	
	0
188450 [GENE=TG PHENOS={Autoimmune thyroid disease, susceptibility to, 3}, 608175 (3); Thyroid dyshormonogenesis 3, 274700 (3), Autosomal recessive]	
	
