#MRD_log10	MRD_pval	SUM_DP	SUM_ALT	Mean_AF	Stddev_AF	Median_AF	duplication	error_rate	BG_REF	BG_other	monitoring_count_pre_filter	monitoring_count_post_filter	monitoring_count_post_filter_with_counts	proportion_Z_statistic	minimal_detectable_af
-20.000	0.00000	6444	61	0.00938	0.00133	0.00941	1-fold	0.00052268	392002	205	2	2	2	4.40835	0.00107610
-20.000	0.00000	3809	35	0.00911	0.00012	0.00910	2-fold	0.00031983	234425	75	2	2	2	5.58868	0.00078044
-20.000	0.00000	3195	30	0.00930	0.00177	0.00929	3-fold	0.00009190	195847	18	2	2	2	10.93006	0.00031008
-20.000	0.00000	2897	29	0.00991	0.00230	0.00989	4-fold	0.00005099	176497	9	2	2	2	15.71781	0.00034176
