##fileformat=VCFv4.1
##fileDate=05/07/2024
##source=umiVar2
##reference=/tmp/local_ngs_data_GRCh38/GRCh38.fa
##INFO=<ID=Variant_Dist,Number=1,Type=Integer,Description="Distance to the closest short variant">
##INFO=<ID=Upstream,Number=.,Type=String,Description="Upstream sequence (5 nucleotides)">
##INFO=<ID=Downstream,Number=.,Type=String,Description="Downstream sequence (5 nucleotides)">
##INFO=<ID=PValue,Number=.,Type=String,Description="Uncorrected p-value">
##INFO=<ID=Variant_dist,Number=1,Type=String,Description="no description available">
##INFO=<ID=Vicinity,Number=1,Type=String,Description="no description available">
##FILTER=<ID=PASS,Description="Passed filter">
##FILTER=<ID=Low_COV,Description="Low coverage">
##FILTER=<ID=Strand_imbalanced,Description="All alternative reads found in only one strand">
##FILTER=<ID=Low_AC,Description="Less than defined minimum of alternative counts">
##FILTER=<ID=Clustered_Variant,Description="Clustered variants">
##FILTER=<ID=LC_Upstream,Description="Low complexity region (5bps) upstream. ≥ 80% of bases show the same nucleotide or tandem of ≥ 3 equal nucleotides in a row">
##FILTER=<ID=LC_Downstream,Description="Low complexity region (5bps) downstream. ≥ 80% of bases show the same nucleotide  or tandem of ≥ 3 equal nucleotides in a row">
##FILTER=<ID=Error,Description="Alternative counts inside the expected error rate distribution">
##FILTER=<ID=Fisher_Strand,Description="Strand bias based on fisher test">
##FILTER=<ID=Low_qual_pos,Description="Position enriched with too many low quality bases">
##FILTER=<ID=Variant_contamination,Description="Reads supporting other alleles outside of the error rate distribution">
##FILTER=<ID=No_Coverage,Description="No read coverage for this monitoring/ID variant in BAM file.">
##FILTER=<ID=FDR,Description="no description available">
##FILTER=<ID=off-target,Description="Variant marked as 'off-target'.">
##FORMAT=<ID=GT,Number=1,Type=String,Description="Genotype">
##FORMAT=<ID=DP,Number=1,Type=Integer,Description="Read Depth">
##FORMAT=<ID=AC,Number=.,Type=Integer,Description="Allele read counts">
##FORMAT=<ID=AF,Number=1,Type=Float,Description="Alternative allele fraction">
##FORMAT=<ID=M_REF,Number=1,Type=Integer,Description="Multi-UMI reference-like read counts">
##FORMAT=<ID=M_AC,Number=.,Type=Integer,Description="Multi-UMI alternative read counts">
##FORMAT=<ID=M_AF,Number=1,Type=Float,Description="Multi-UMI alternative allele fraction">
##FORMAT=<ID=Pval,Number=1,Type=Float,Description="P-value to belong to the error rate distribution (beta binomial distribution)">
##FORMAT=<ID=FDR,Number=1,Type=Float,Description="Q-value to belong to the error rate distribution (beta binomial distribution) after Benjamini-Hochberg correction (FDR)">
##FORMAT=<ID=Strand,Number=1,Type=String,Description="Alleles in strands: Alternative forward, Alternative reverse, Reference forward, Reference reverse">
##FORMAT=<ID=FS,Number=1,Type=Float,Description="Fisher strand bias test (q-value)">
##FORMAT=<ID=OAAC,Number=1,Type=Integer,Description="Other Alternative Allele Coun">
##FORMAT=<ID=MAL,Number=1,Type=Float,Description="Multi-allele likelihoo">
#CHROM	POS	ID	REF	ALT	QUAL	FILTER	INFO	FORMAT	CFDNA_01
chr1	114713909	.	G	T	.	PASS	Variant_dist=30;Vicinity=TTCTTGTCCAG	GT:DP:AC:AF:M_REF:M_AC:M_AF:Pval:FDR:Strand:FS:OAAC:MAL	./.:3165:34:0.010742:1876:17:0.00898:1.57e-04:9.96e-03:25-9-2443-688:1.00e+00:0:1.00e+00
chr1	114713915	.	C	T	.	FDR	Variant_dist=6;Vicinity=TCCAGCTGTAT	GT:DP:AC:AF:M_REF:M_AC:M_AF:Pval:FDR:Strand:FS:OAAC:MAL	./.:3342:27:0.008079:1933:18:0.009226:5.96e-03:1.26e-01:10-17-2613-700:4.41e-04:2:1.00e+00
