chr	pos	REF	ALT	m_REF_1-fold	m_ALT_1-fold	m_OTHER_1-fold	m_AF_1-fold	p_value_1-fold	outlier_1-fold	fold-change_1-fold	z_stats_mean-1-fold	z_stats_median-1-fold	z_stats_median_wo0-1-fold	m_REF_2-fold	m_ALT_2-fold	m_OTHER_2-fold	m_AF_2-fold	p_value_2-fold	outlier_2-fold	fold-change_2-fold	z_stats_mean-2-fold	z_stats_median-2-fold	z_stats_median_wo0-2-fold	m_REF_3-fold	m_ALT_3-fold	m_OTHER_3-fold	m_AF_3-fold	p_value_3-fold	outlier_3-fold	fold-change_3-fold	z_stats_mean-3-fold	z_stats_median-3-fold	z_stats_median_wo0-3-fold	m_REF_4-fold	m_ALT_4-fold	m_OTHER_4-fold	m_AF_4-fold	p_value_4-fold	outlier_4-fold	fold-change_4-fold	z_stats_mean-4-fold	z_stats_median-4-fold	z_stats_median_wo0-4-fold
chr1	114713909	G	T	3131	34	0	0.010742496050552922	1.8846302e-31	0	0.14122051101675748	0.01946858185486272	0.01946858185486272	0.01946858185486272	1876	17	0	0.008980454305335447	1.7097314e-18	0	-0.013488794039350882	-0.0018284035706403092	-0.0018284035706403092	-0.0018284035706403092	1585	12	0	0.007514088916718848	5.6868447e-18	0	-0.19075431837952028	-0.026116383813596683	-0.026116383813596683	-0.026116383813596683	1438	11	0	0.00759144237405107	1.5779709e-18	0	-0.23234661815776414	-0.03283893095299176	-0.03283893095299176	-0.03283893095299176
chr1	114713915	C	T	3313	27	2	0.008083832335329342	2.4980378e-22	0	-0.14122051101675748	-0.01946858185486272	-0.01946858185486272	-0.01946858185486272	1933	18	0	0.009226037929267043	1.1819815e-19	0	0.013488794039351104	0.001828403570640335	0.001828403570640335	0.001828403570640335	1610	18	0	0.011056511056511056	2.220602e-28	0	0.1907543183795204	0.026116383813596693	0.026116383813596693	0.026116383813596693	1459	18	0	0.012186865267433988	1.3729255e-31	0	0.23234661815776425	0.03283893095299176	0.03283893095299176	0.03283893095299176
