#CHROM_A	START_A	END_A	CHROM_B	START_B	END_B	ID	QUAL	STRAND_A	STRAND_B	TYPE	FILTER	NAME_A	REF_A	ALT_A	NAME_B	REF_B	ALT_B	INFO_A	INFO_B	FORMAT	23014LRa023L2_01
chr1	31102218	31102218	chr1	31104484	31104484	Sniffles2.DEL.6DS0	60	.	.	DEL	PASS	Sniffles2.DEL.6DS0	GGGAGGCTGAGGCAGGAGAATTGCTTGAACCTGGGAGGCGGAGGTTGCAGTGAGCTGAGATCATGCCACTGCACTCCAGCCTGGTGCCAGAGCAAGACCCTGTATCAAAAAAAAAAAAAAAAAAGAACTTTAAAATAAATAAATAAATAAATAAATAAATAAATAAATAAATAAATGATTTGCACAGCAACTTTGTGAACAGAGCCCCCTTCCCTTTCATTTTCTGCCTGACTACCCACAACAGAGTCCCGGGTGGGGGTGGGAGGGTCAGGGATGGGCTGTGGCGTCTGCATGCAGGCTTGCCTCCACTGGCCTGAATCTCAGCAGGAAGAAGCAGCTCTTCCCTCAGGCCAAGCAGGAAATGATTCTCCCACAAAACACCTGACCCTGAGACCTTCCCAGGGAGTTGCACAAATTCGTTTTATAACCAGCAAAGCAATTCTGAGGGTTTTAGAGTGGGAAGGGCTTGCTCCTAGTTCTCCTAAGACTGTCTACTGTTTAATTACGAAAGCCACTGTTGTGCTCAACAGCTGAGGAAACACAGGAAGGATCAAGAAGTGAACTTTCCCTGACTCCACCTCCCCATACTGCCTCAGAGACCCAGGAACAGGCTGTCCCCCAGAAAGGGATGCCTGGGAGGACTGAGCAGGCACTGACCGCTCATGCTAGGGAACCAGGCCAGTGAATGCAGCTTTGAATCTACGCTGGATCACCTCCATGTCCTCATCTGTAAAATCATGCCAGGCACGTCACATGCTTGGTACACATTCATTCATTGCATTTGGGCCACAACCCTATGAGGGAGGTGTTATTATCATCTTTGTTTTACCGAGAAACCTAAGGCACAGAGAGGGTAAGAATGTTACTGGGCCAGGTGCAGTGGTTCATGCCTGTAATCCCAGCACTTTGGGAGGCTGAGGCTGAGCCTGGAGTATCGCTTGAGCCCAGGAGTTCAAGACCAGCTTGGGCAACATAGTGAGACCCCCATTTCTACAAAAAGTAGAAAAATTAGCTGGGCTGTTGCACGAGACTGTGGTCCCAGCCACTTGGGAGGCTGAACAGGAGGATGAGGATCACTTGAGCCCAGGAGGTAGAGGCTGCAGGGAGCCATGATGGTGCCACTGCACTCCAGCCCCAGTGAGAGTGAGACCATGTCTCAAAAAAAAAAAAAAGTTACTAAGGCCATATATCTTGTGCATGTATACCTGAAATTTGAGACCAGGCAACCGGGTACCACTAGGCTGTACTGCTCCTATGAGGAGCACACACTTACCTGTACCTGTCTCAGAGAATCTCTTCGAATTAAAGGAGATAATGCACGTAAGGTGCTCTGAACAGAGTCTGGGACTTAGTACTCTCAGTAAACACAAGTCCAACATCATCATCATCATCAATAGTCTTACCTATTCAGAATTCTTTATTATTATTATTGTTATAGAAAGGGTCTCACTGTGTCACCCAGGCTGGAGTGCAGTGGCATGTTCATAGCTCACTGCAGCCTCAAACTCCTGGGCTCAAGCTATCCTCCCATCCCAGCCTCCCAAAGTGCTAGGATTACACCAAACCTGGCCCAGTCAGAATTCTGAAGCAGTCGCACTCCTGGTCCTGGCTGCACAAACATGGTGGAAACTTATATGCTTAAAAAAAAAATTGTACTGGGGCCGGGCACGGTGGCTCATGCCTATAATCCCAGCACTTTGGGAGGCCGAGGCAGGCAGATCACGAGGTCAAGAGTTCGAGACCAGCTTGGCCAACATGGCGAAACCCTGTGTCTACTAAAAATACAAAATTTAGCCTGGCATGGTGGTGGGCACCTGTAATCCCAGCTACTCAGGAGGCTGAGGCAGGAGAATCGCTTGAACCCGGGAGACAGAAGTTGCAGTGAGCCAAGATCACACCACTGTACTCTAGCCTGGGCGACAGAGTGAGACTCCGTCTCAAAAAAAACAAAACAAAACAAAAAAACCAAATTGCTTTTAGTGGTTATTGCCAAGCAGGGTTGTAGGGGAAACTCATTTTCATAGACCTCTATAATCATAACTATTTTATATAGTAATCATGTATTATTTTGTAATTAGAAAAATATGCATAGATAGGCCAGGTGCAGTGGCTCATGCCTATAATCCTAGCATTTAGGCCGAGGCAGGCAGATCACTTCAGGTCAGGAAGTCGAGACCAGCCTGGCCAAAATGGTGAAACCCCTTCTCTACTAAAAATACAAAAATTAGCAGGGTGTGATGGCATGCGCCTGTAATCCCAGCTACTCA	G	.	.	.	PRECISE;SVTYPE=DEL;POS=31102218;SVLEN=-2266;END=31104484;SUPPORT=25;COVERAGE=60,52,47,50,50;STRAND=+-;AF=0.500;STDEV_LEN=0.000;STDEV_POS=0.000	.	GT:GQ:DR:DV:PS	0/1:60:25:25:.
chr1	31176904	31176906	chr1	31177031	31177033	Sniffles2.DEL.7CS0	60	.	.	DEL	PASS	Sniffles2.DEL.7CS0	GGGAGGTGGGGGGGTCAGCCCCCCGCCCGGCCAGCCGCCCCGTCCGGGAGGTGAGGGGCGCCTCTGCCCGGCCGCCCCTACTGGGAAGTGAGGAGCCCCTCTGCCCGGCCAGCCGCCCCGTCCGGGAA	G	.	.	.	PRECISE;SVTYPE=DEL;POS=31176905;SVLEN=-127;END=31177032;SUPPORT=69;COVERAGE=67,69,69,69,60;STRAND=+-;AF=1.000;STDEV_LEN=0.447;STDEV_POS=3.805	.	GT:GQ:DR:DV:PS	1/1:60:0:69:.
chr1	31252032	31252032	chr1	31252031	31252033	Sniffles2.INS.1BS0	60	.	.	INS	PASS	Sniffles2.INS.1BS0	C	CTATATATATAACATATATATATATACACTATATATATAACATATATATACACAA	.	.	.	PRECISE;SVTYPE=INS;POS=31252032;SVLEN=54;END=31252032;SUPPORT=14;COVERAGE=53,42,42,41,43;STRAND=+-;AF=0.333;STDEV_LEN=0.926;STDEV_POS=0.000;SUPPORT_LONG=0	.	GT:GQ:DR:DV:PS	0/1:60:28:14:.
chr1	31345547	31345547	chr1	31345546	31345548	Sniffles2.INS.28S0	60	.	.	INS	PASS	Sniffles2.INS.28S0	T	TATATATATATATATATTATATTATATATATATATTATAATATATATATATAATATA	.	.	.	PRECISE;SVTYPE=INS;POS=31345547;SVLEN=56;END=31345547;SUPPORT=43;COVERAGE=52,43,43,42,29;STRAND=+-;AF=1.000;STDEV_LEN=1.432;STDEV_POS=0.000;SUPPORT_LONG=0	.	GT:GQ:DR:DV:PS	1/1:60:0:43:.
chr1	31431742	31431746	chr1	31432230	31432234	Sniffles2.DUP.EBS0	54	.	.	DUP	GT	Sniffles2.DUP.EBS0	T	<DUP>	.	.	.	PRECISE;SVTYPE=DUP;POS=31431744;SVLEN=488;END=31432232;SUPPORT=14;COVERAGE=59,66,12,46,45;STRAND=+-;AF=0.212;STDEV_LEN=2.892;STDEV_POS=3.041	.	GT:GQ:DR:DV:PS	0/0:4:52:14:.
chr1	31431760	31431792	chr1	31431770	31431782	Sniffles2.INS.31S0	59	.	.	INS	PASS	Sniffles2.INS.31S0	A	AATAGGGTGGTTAGGGTGGTTAGGGTGGATAGGACGGTTAGGGTGGATAGGGTGGATAGGGTGGATAGGGTGG	.	.	.	IMPRECISE;SVTYPE=INS;POS=31431776;SVLEN=97;END=31431776;SUPPORT=85;COVERAGE=59,66,66,64,46;STRAND=+-;AF=1.000;STDEV_LEN=25.528;STDEV_POS=72.715;SUPPORT_LONG=0	.	GT:GQ:DR:DV:PS	1/1:60:0:85:.
chr1	31431831	31432159	chr1	31431879	31432111	Sniffles2.INS.34S0	60	.	.	INS	PASS	Sniffles2.INS.34S0	A	ATAGGGTGGTTAGGGTGGATGGGTGGATGGGTGGATGGGTGGGTGGGTGATAGGGTGGACAGGGTGGACAGGGTGGAGACGGGTGGACAGGGTGGGAGGCCAGGGTGGACAGGGTGGACAGGGTGGACAGGGTGGTCAGGGTGGACAGGGTGGACAGGGTGGACGGGTGGACAGGGTGGAATAGGGTGGACAGGGTGGACAGGGTGAACAGGTGGGAGTAGGGTGGACCAGGTGGGAGCAGGGTGGACAGGGTGGACAGGGTGGACAGGGTGGACAGGGTGGTTAGGGTGGTTAGGGTGGATAGGGTGGATGGGTGGTAGGGTGGTTGGGTGGATGGGTGGATAGGGTGGATGGGTGACAGGGTGGACAGGGTGGACAAGGTGGAGCAGGGTGGTAGGGGTGGATGGGTGGACAGGGTGGACAGGGTGGACGGGTGATAGGGTGGAATAGGGTGGACAGGGTGGACAGGGTGGACAGGGTCAACGGTGATAGGGTGGACAGGGTGGACGGGTGGACGGGTGGATGGGTGGACGGGTGGACCAGGTGAGGCACGGGTGGACAGGGTGGACAGGGTGGATGGGTGGTAGGGTGGTTAGGGTGGATAGGGTGGATGGGTGGTAGGGTGGTCAGGGTGGATAGGGTGGATAGGGTGGATAGGGTGGATGGGTGGGATAGGGTGGTTAGGGTGGATAGGGTGGATAGGGTGGACAGGGTGGACAGGGTGGAGCAGGGTGGACAGGGTGGATAGGGTGGACAGGGTGGACAGGGTGGACAGGGTGGACAGGGTGGTTAGGGTGGACAGGGTGGACAGGGTGGACAGGGTGGACAGGGTGGACAGGGTGGACAGGGTGGACAGGGTGGATGGGTGGACAGGGTGGACAGGGTGGACAGGGTGGACAGGGTGGACAGGGTGGTTAGGGTGGTTGGGTGGATAGGGTGGATAGGGTGGATAGGGTGGATAGGGTGGTTAGGGTGGATAGGGTGGTTAGGGTGGATGGGTGGATGGGTGGTTGGGTGGATAGGGTGGATGGGGTGGATAGGGTGGACAGGGTGATTAGGTGGGACAGGGTGGACAGGGTGGATAGGGTGGACAGGGTGGACAGGGTGGACAGGGTGGACAGGGTGGTTAGGGTGGATAGGGTGGACAGGGTGGACAGGGTGGACAGGGTGGACAGGGTGGACACGGTGACAGGGTGGACGGGTGGACAGGGTGGACAGGGTGGATAGGGTGGGACAGGGTGGACCAGGTGGAGCAGGGTGGACAGGGTGGATGGGTGGACGGGTGGACGGGTGATAGGGTGGTTAGGGTGAACAGGTGGATAGGGTGGACAGGGTGGACAGGGTGGACAGGGTGGACAGGGTGGACAGGGTGGTTAAGGTGGACAGGGTGGACAGGGTGGACAGGGTGGACAGGGTGGACAGGGTGGGGGTGGACAGGGTGGACAGGGTGGACAGGGTGGACAGGGTGGACAGGGTGGTTGGGTGGACAGGGTGGATAGGGTGGTTAGGGTGGATAGGGTGGTAGGGTGGATAGGGTGGTTAGGGTGGACAGGGTGGACAGGGTGGACAGGGTGGACAGGGTGGTTAGGGTGGACAGGGTGGATAGGGTGGACAGGGTGGATAGGGTGGTAGGGGTGGATAGGGTGGATAGGGTGGATAGGGTGGATGGGTCATAGGGTGAACAGGTGGAGCAGGGTGGACAGGGTGGTTAGGGTGGACAGGGTGGATAGGGTGAACAGGTGGATAGGGTAGTTAGGTGGGTGTAGGGTGGATAGGGTGGATAGGGTGGTTAGGGTCGATGGGTGGACGGGTGAACAGGTGGAGCAGGATGGTTAGGGTGGATCAGGTAGATGGGTCAATAGGTGGTAGGGTGGTTGGTAGATAGGGTGGATAGGGTGGACAGGGTGGACAGGGGCAGCAGTGGGAACATGGTGGGGACAGGGTGGACAGGGTGGACAGGGTGGACAGGGTGGACAGGGTGGTTCAGGTAGATAGGGTGGACAGGGTGGACCAGGTGGAGCAGGGTGAGAGGGTGGAGAGGGTGGACAGGGTGGATAGGGTGGACAGGGTGGACAGGGTGGACAGGGTGGACAGGATGGTTAGGGTGGATAGGGTGGATGGGTGGATGGGTGGATGGGGTGGACAGGGTGGACAGGGTGGACAGGGTGGACAGGGTGGACAGGGTGGACAGGGTGGATAGGGTGGACAGGGTGGACAGGGTGGACAGGGTGGACAGGGTGGACAGGGTGGAGCAGGGTGGACAGGGTGGACAGGGTGGAGAGGGTGGAGAGGGTGGAGAGGGTGAGAGGGTGAGAGGTGAGAGGTGGTTAGGTGAGAGGGTGAGAGGGTGAGAGGGTGAGAGGTGAGAGGTGAGAGGGTGGAGAGGGTGGTTAGGGTGGAGAGGGTGGACAGGGTGGACAGGGTGGACAGGGTGGACAGGGTGGATAGGGTGGACAGGGTGGATGGGTGGATGGGGGAGCAGGGTGGATAGGGTGGAGAGGGTGGAGGGTGAGAGGTGGTTGGGTGGCAGGGTGGACAGGGTGGATAGGGTGGACAGGGTGGACAGGGTGGATGGGTGGACAGGGTGGATAGGGTGGGAGTAGGGTGGATGGGTGGATAGGGTGGAGAGGGTGGAGAGGGTGGAGAGGGTGGTTAGGGTGAGAGGGTGGACAGGGTGGATAGGGTGGACAGGGTGGATAGGGTGGACAGGGTGGATAGGGTGGATGGGTGGATAGGGTGGATAGGGTGGACAGGGTGGACAGGGTGGACAGGGTGGATGGGTGGACAGGGTGACGGGTGGACAGGGTCGATGGGTGGAGAGGGTGAGAGGGTGGATAGGTGATAGGGTGGATGGGTGGATGGGTGGATGGGTGGGACAGGGTGGACAGGGTGGACAGGGTGGACAGGTGACAGGGTGGATAGGGTGGAGAGGGTGGAGAGGGTGGATGGGTGGAGAGGGTGAGAGGGTGGAGAGGGTGGAGAGGGTGGAGGGGTGGATAGGGTGGATGGGTGGATAGGATGGTTAGGGTGGATAGGGTGGATAGGATGGTTAGAGTGGAGAGAGTGGACAGGGTGGATGGGTGGATGGGTGGATGGGTGGATGGGTGGATAGGGTGGATAGGGTGGACAGGGTGGATGGGTGGATAGGGTGGACAGGGTGGATGGGTGGATGGGTGGTT	.	.	.	IMPRECISE;SVTYPE=INS;POS=31431995;SVLEN=3203;END=31431995;SUPPORT=4;COVERAGE=64,64,12,48,46;STRAND=+-;AF=0.667;STDEV_LEN=118.046;STDEV_POS=166.646;SUPPORT_LONG=0	.	GT:GQ:DR:DV:PS	0/1:17:4:8:.
chr1	31431887	31432425	chr1	31431646	31432666	Sniffles2.INS.35S0	60	.	.	INS	PASS	Sniffles2.INS.35S0	C	CGGTGGACAGGGTGGACAGGGTGGACAGGGTGGACAGGGTGGTTAGGGTGGATGGGTGGATCGGGTGGATGAGGTGGATAGGGTGGATAGGGTGGACAGGGTGGACAGGGTGGACAGGGTGGACAGGGTGGACAGGGTGGACAGGGTGGTTAGGGTGGATAGGGTGGTTAGGGTGGATGGGTGGATAGGGTGGACAGGGTGGACAGGGTGGACAGGGTGGACAGGGTGGACAGGGTGGACAGGGTGGATAGGGTGGTTAGGGTCGATGGGTGGAATAGGTGGAGCAGGGTGGACAGGGTGGACAGGGTGGACAGGGTGGACAGGGTGGTTAGGGTGGACAGGGTGGACAGGGTGGACAGGGTGGACAGGGTGGACAGGGTGGATAGGGTGGATGGGTGGATGGGTGGATAGGGTGGTTAGGGTGGATGGGTGGTTGGGTGGATGGGTGGACAGGGTGGAGCAGGGTGGACGGGTGAACAGGTGGACAGGGTGGACAGGGTGGATAGGGTGGACAGGGTGGACAGGGTGGACAGGGTGGACAGGGTGGACAGGGTGGACAGGGTGGACAGGGTGGACAGGGTGGATAGGGTGGATAGGGTGGATAGGGTGGATAGGGTGGACAGGGTGGACAGGGTGGTTAGGGTGGATAGGGTGGACAGGGTGGACAGGGTGGACAGGGTGGACAGGGTGGATAGGGTGGATAGGGTGGATAGGGTGGACAGGGTGGACAGGGTGGACAGGGTGGACAGGGTGGATAGGGTGGACAGGGTGGATAGGGTGGACAGGGTGGACAGGGTGGACAGGGTGGACAGGGTGGACAGGGTGGACAGGGTGGATGGCAGGGTGGGACAGGGTGGACAGGGTAGATAGGGTGAACAGGTGACAGGGTGGACAGGGTGGACAGGGTGGATAGGGTGGATAGGGTGGATAGGGTGGACAGGGTGGATAGGGTGGACAGGGTGGACAGGGTGGACAGGGTGGTTAGGGTCATAGGGTGGACAGGGTGGACAGGGTGGATAGGGTGGATAGGGTGGACAGGGTGGACAGGGTGGACAGGGTGGACAGGGTGGTTAGGGTGGATAGGGTGGATAGGGTGGATAGGGTGGATAGGGTGGTTAGGGTCAATAAGGTGGATAGGGTGGATAGGGTGGACAGGGTGGACAGGGTGGATAGGGTGGATAGGGTGGACAGGGTGGACAGGGTGGACAGGGTGGACAGGGTGGTTAGGGTGGATAGGGTGGACAGGGTGGTTAGAGTGGACAGGGTGGACAGGGTGGACAGGGTGGACAGGGTGGACAGGGTGGATAGGGTGGATAGGGTGGATAGGGTGGATAGGGTGGTTAGGGTGGATAGGTAGATAGGTAGATAGGGTGGATAGGGTGGTTAGGGTGGATAGGGTGGATAGGGTGGACAGGGTGGACAGGGTGGATAGGGTGGACAGGGTGGACAGGGTGGACGGGTGGTTAGGGTGGGATAGGGTGGACAGGGTGGACAGGGTGGATAGGGTGGATAGGGTGGACAGGGTGGACAGGGTGGACAGGGTGGACAGGGTGGGGTGCGGGTGGATGGGTGGATAGGGTGGATAGGGTGGATGGGGTGGTTAGGGTGGATAGGGTGGATAGGGTGGATAGGGTGGACAGGGTGGACAGGGTGGATGGGTGGATAGGGTGGGAGCAGGGTGGACAGGGTGGACAGGGTGGACAGGGTGGTTGGCAGGTGGGTGGGGCAGGGTGGTTAGAGTGGACAGGGTGGACAGGGTGGACAGGGTGGACCAGGTGGACAGGGTGGATAGGGTGGATAGGGTGGATAGGGTGGATAGGGTGGTTAGGGTGGATAGGGTGGTAGGGTGGATCAGGTAGTAGGGTGGTTAGGGTGGATAGGGTGGACAGGGTGGATAGGGTGGACAGGGTGGACCAGGTGAGCAGGTGGCAACAACCACAGGGTCAACGTGGACAGGGTGACATGCTGTCAGGGTGGTTAGGGTGGATAGGGTGGATAGGGTGGATAGGGTGGTTAGGGTGGATAGGGTGGATAGGGTGGATAGGGTGGACAGGGTGGACAGGGTGGACAGGGTGGACAGGGTGGACAGGGTGGATCGGGTGGACAGGGTGGACAGGGTGGACAGGGTGGACAGGGTGGACAGGGTGGACAGGGTGGACAGGGTGGACACAGGTGGATGGGGTCGTTAGGGTGGATGGGGTGGATAGGGTGGACAGGGTGGACAGGGTGGACAGGGTGGACAGGGTGGTAGGGTGGATAGGGTGGTTAGGGTGGATGGGGCTGTGGGTGGACAGGGTGGACAGGGTGGACAGGGTGGACAGGGTGGACAGGGTGGACAGGGTGGACCAAGGGTGGACAGGGTGGACAGGGTGGACAGGGTGGTTAGGGTGGATGGGTGGATAGGGTGGACAGGGTGGACAGGGTGGACAGGGTGGACAGGGTGGATAGGGTGGATAGGGTGGTTAGGGTGGATGGGTGGATAGGGTGGATAGGGTGGATAGGGTGGACAGGGTGGATAGGGTGGACAGGGTGGACAGGGTGGGCAGGGTGGACAGGGTGGTTAGGGTGGATAGGGTGGACAGGGTGGACAGGGTGGATAGGGTGGATGGGTGGATAGGGTGGACAGGGTGGACAGGGTGGACAGGGTGGATAGGGTGGACAGGGTGGACAGGGTGGACAGGGTGGCCAGGGTGGACAGGGTGGACAGGGTGGATAGGGTGGACAGGGTGGACAGGGTGGACAGGGTGGACAGGGTGGACAGGGTGGACAGGGTGGACAGGGTGGATGAGGTAGTAGGGTGGACAGGGTGGATAGGGTGGATAGGGTGGACAGGGTGGACAGGGTGGACAGGGTGGTTAGGGTCATAGGGTGGACAGGGTGGACAGGGTGGATGGGTGGATGTGGGGCAGGGGCAGGGTGGCAGCAACAGTAGTAGGGTGGATAGGGTGGTTAGAGTGGACAGGGTGGACCAGGTAGACAGGTGGACAGGGTGGACAGGGTGGATAGGGTGGATAGGGTGGATAGGGTGGATGGGTGGTTAGGGTGGATAGGGTGGATAGGGTGGATAGGGTGGATGGGTGGATGGGTGGTTAGGGTGGATAGGGTGGATAGGGTGGATAGGGTGGACAGGGTGGACAGGGTGGACAGGGTGGACAGGGTGGACAGGGTGGACAGGGTGGACAGGGTGGTTGGGTGGTTAGGGTGGATAGGGTGGATAGGGTGGTAGGGGTGGTTGGGTGATCAGGTGACAGGGTGGACAGGGTGGACAGGGTGGACAGGGTGGACAGGGTGGACAGGGTGGACAGGGTGGACAGGGTGGATAGGGTGGACAGGGTGGAGCAGGGTGGACCAGGTGGACAGGGTGGATAGGGTGGACAGGGTGGAACAGGTGGAGCAGGTGATAGGGTGGACAGGGTGGACAGGGTGGACAGGGTGGACAGGGTGGACAGGGTGGACAGGGTGGTTGGGGTTGGTCAGGGTGGATGGGTGGATAGGGTGGATAGGGTGGTTAGGGTGGATAGGGTGGATAGGGTGGATAGGGTGGACAGGGTGGACAGGGTGGACAGGGTGGACAGGGTGGTTAGGGTCGATGGGTGGACAGGGTGGACAGGGTGGACAGGGTGGATAGGGTGGATAGGGTGGACAGGGTGGACAGGGTGGACAGGGTGGACAGGGTGGATAGGGTGGAGCAGGGTGGAGCAGGGTGGAGCAGGGTGGATGGGTGGACAGGGTGGACAGGGTGGACAGGGTGGACGGGTGGACCAGGTGGATGGGTGGGTGGGTGGGTGGATGGGGTGGATGGGGGTGGGTGGTTGGTAGATGGGTGGATGGGTGGATAGGGTGGATAGGGTGGATAGGGTGGTTAGGGTGGATAGGGTGGATAGGGTGGACAGGGTGGACAGGGTGGACAGGGTGGACAGGGTGGATAGGGTGGACAGGGTGGACAGGGTGGACAGGGTGGACAGGGTGGTTAGGGTGGACAGGTGGAGCAGGGTGGACAGGGTGGACAGGGTGGACAGGGTGGACAGGGTGGACAGGGTGGATAGGGTGGACAGGGTGGACAGGGTGGACAGGGTGGACAGGGTGGACAGGGTGGTTAGGGTGGTTAGGGTGGATAGGGTGGATAGGGTCGATAGGGTGGATGGGTGGTTCTAGGGTGGATAGGGTGGTTGAGGGTGGATAGGGTGGATAGGGTGGTTAGGGTGGATAGGGTGGATAGGGTGGATAGGGTGGACAGGGTGGTTAGGGTGGACAGGGTGGACAGGGTGGATAGGGTGGACAGGGTGGACAGGGTGGACAGGGTGGACAGGGTGGTTAGGGTGGTAGGGTGGACAGGGTGGACAGGGTGGACAGGGTGGACAGGGTGGACAGGGTGGACAGGGTGGACAGGGTGGACCAGGTGGGAGTAGGGTGGACAGGGTGGGACAGGGTGGACAGGGTGGACAGGGTGGATGGGTGGACAGGGTGGACAGGGTGGATAGGGTGGTTAGGGTGGACAGGGTGGATAGGGTGGACAGGTGAACAGGTGGAGCAGGGTGGACAGGGTGGACAGGGTGGTTGAGTTGGACAGGGTGGACAGGGTGGACAGGGTGGACAGGGTGGACAGGGTGGATAGGGTGGATAGGGTGGACAGGGTGGATAGGGTGGTTGAGGTGGATAAGGTGATAGGGTGGACAGGGTGGACAGGGTGGTTGGGTGGATGGGTGGATAGGGTGGATAGGGTGGTTAGGGTGGACAGGGTGGACAGGGTGGACAGGGTGGACAGGGTGGACAGGGTCCTAGGTGGACAGGGTGGATAGGGTGGTTAGGGTGGATATAGGGTGGATGGGTGGATGGGTGGTTAGGGTGGACAGGGTGGACAGGGTGGACAGGGTGGACAGGGTGGTTAGGGTGGACAGGGTGGATAGGGTGGACAGGGTGGATAGGGTGGTTAGGGTGGATAGGGTGGATAGGGTGGATAGGGTGGATAGGGTGGATAGGGTGGACAGGGTGGACAGGGTGGACAGGGTGGTTAGGGTGGACAGGGTGGATAGGGTGGACAGGGTGGATAGGGTGGTTAGGGTGGATAGGGTGGATGGGTGGATGGGTGGTTAGGGTGGATAGGGTGGACAGGGTGGACAGGGTGGACAGGATGAGTCTTGCAAGTCAGTGGGTGGGTGGGGCGGTGGCAGCAGTGACATAGGTGGATCAGGTGGATCAGGTAGCAGGGTGGACAGGGTGGACAGGGTGGACAGGGTGGATAGGATGGTTAGGGTGGACAGGGTGGACAGGGTCGACTTGCAGGGTGGACGGGTGGACAGGGTGGTTGGGTGGATAGGGTGGACAGGGTGGACAGGGTGGACAGGGTGGAGAGGGTGGAGAGGGTGGACAGGGTGGATAGGGTGGACAGGGTGGACAGGGTGGACAGGGTGGGAGCAGGATGGTTAGGGTGGATGGGTGGATGGGTGGATGGGTGGATGGGTGGACAGGGTGGACCAGGTGGAGCAGGGTGGACAGGGTGGACAGGGTGGACAGGGTCAATGCAGGGTGGACAGGGTGGACAGGGTGGACAGGGTGGACAGGTGGACAGTGGGGCAGGGGCCAGGCAGCAGACAGGTGGGGGAAGGGTGGGGAGAGGTCAGAGGTGAGAGGGTGAGAGGTGAGAGGGTGGTTAGGGTGGAGAGGGTGAGAGGGTGGAGAGGGTGGAGAGGGTGGAGAGGGTGAGAGGTGAGAGGGTGGTTAGGGTGGAGAGGGTGGACAGGGTGGAGCAGGGTGGACAAGGGTGGACAGGGTGGATAGGGTGGACAGGGTGGATAGGGTGAATAGGTGGAGCAGGGTGGATAGGGTGGAGAGGGTGGGAGAGGGTGGAGAGGGTGGTTAGGGTGGACAGGGTGGACAGGGTGGATAGGGTGGACAGGGTGGACAGGGTGGGAGTAGGGTGGACAGGGTGGATCGGGTGGATAGGGTGGATGGGTGGATGGGTGAGAGGGTGGAGAGGGTGGAGAGGGTGGTTAGGGTGAGAGGGTGGACAGGGTGGATAGGGTGGACAGGGTGGATAGGGTGGACAGGGTGGATAGGGTGGATAGGGTGGATAGGGTGGATAGGGTGGACAGGGTGGACAGGGTGGACAGGGTGGATAGGGTGGACAGGGTGGTTAGGGTGGACAGGGTGGATAGGGTGGAGAGGGTGGAGAGGGTGGATAGGGTGGATAGGGTGGATAGGGTGGATAGGGTGGATAGGGTGGACAGGGTGGACAGGGTGGACCAGGTGACAGGGTGGACAGGGTGGATAGGGTGGAGAGGGTGGAGAGGGTGGATCAGGTGGAGAGGGTGGAGAGGGTGGAGAGGGTGGAGAGGGTGAGAGGGTGGATAGGGTGGATAGGGTGGATAGGATGGTTAGGGTGGATAGGGTGGATGGATGGTTAGAGTGGAGAGAGTGGACAGGGTGGATGGGTGGATAGGGTGGATAGGGTGGATAGGGTGGATAGGGTGGATAGGGTGGACAGGGTGGATAGGGTGGGATAGGGTGGACAG	.	.	.	IMPRECISE;SVTYPE=INS;POS=31432156;SVLEN=6511;END=31432156;SUPPORT=3;COVERAGE=66,48,46,46,46;STRAND=+;AF=0.174;STDEV_LEN=449.967;STDEV_POS=237.066;SUPPORT_LONG=0	.	GT:GQ:DR:DV:PS	0/0:25:38:8:.
chr1	31432030	31432120	chr1	31431987	31432163	Sniffles2.INS.36S0	60	.	.	INS	PASS	Sniffles2.INS.36S0	C	CAGGGTGGATGGGTGGATAGGGTGGATAGGGTGGATAGGGTGGATAGGGTGGATAGGGTGGATGGGTGGATGGGTGGAGAGGGTGGTTAGGGTGTGTGGGTGAGAGGGTGGATAGGGTGGTTAGGGTGGATGGGTGGATGGGTGGATGGGTGGAGAGGGTGGAGAGGGTGGATAGGGTGGATAGGGTGGATAGGGTGGATAGGGTGGATAGGGTGGAGAGGGTGGATAGGGTGGACAGGGTGGACAGGGTGGATAGGGTGGAGAGGGTGGATAGGGTGGAGAGGGTGGATAGGGTGGAGAGGGTGGATAGGGTGGATGGGTGGTTGGGTGGATCAGGTGGAGGAGAGGGTGGAGAGGGTGGAGAGGGTGGATGGGTGGACAGGGTGGACAGGGTGGTTAGGGTGGATAGGGTGGAGAGGGTGGAGAGGGTGGAGAGGGTGGATAGGGTGGAGAGAGGGTGGAGAGGGTGGAGAGGGTGGATAGGGTGGAGAGGGTGGATAGGGTGGAGAGGGTGGAGAGGGTGGATGGGTGGATGAGGTAGACAGGTGGACAGGGTGGACAGGGTGGATAGGGTGGATGGGGTGGTTGGGTGAGAGGGTGGATAGGGTGGATAGGGTGGAGAGGGTGGATAGGGTGGTTAGGGTGGATGGGTGGATAGGGTGGATAGGGTGGATAGGGTGGATAGGGTGGATAGGGTGGATAGGATGGTTAGGGTGAGAGGGTGGATGGGTGGATGGGTGAGAGGGTGAGAGGGTGGAGAGGGTGGACAGGGTGGATAGGATGGTTAGGGTGAGAGGGTGGATGGGTGGATAGGGTGGATACGGTGAGAGGGTGGAGAGGGTGGATAGGGTGGACAGGGTGGGACAGGGTGGATAGGATGGTTAGGGTGGAGAGGGTGGATAGGGTGGATAGGGTGGAGAGGGTGGAGAGGGTGAGAGGGTGGATAGGGTGGTTAGGGTGGATAGGGTGGATGGACGGTTAGGGTGGAGAGGGTGGATAGGGTGGACAGGGTGGATAGGGTGGACAGGGTGGACAGGGTGGACAGGGTGGATAGGGTGGAGAGGGTGGACAGGGTGGATAGGGTGGATAGGGTGGATAGGGTGGATAGGGTGGATAGGGTGGATAGGGTGGATAGGGTGGAGAGGGTGGATAGGGTGGATAGGGTGGATAGGGTGGATAGGGTGGTTAGGGTGAGGGGTGGAGAGGGTGAGGGTGGTTAGGGTGGATAGGGTGGAGAGGGTGGATAGGGTGGATAGGGTGGATAGGGTGGATAGGGTGGAGAGGGTGGATAGGGTGGATAGGGTGGATAGGGTGGATAGGGTGGTTAGGGTGAGAGGGTGGATAGGGTGGAGAGGGTGGATAGGGTGGATAGGGTGAGAGGGTGATAGGGTGGATAGGGTGGATAGGGTGGATAGGGTGGAGAGGGTGGATAGGGTGGATAGGGTGGATAGGGTGGATAGGGTGGTTAGGGTGAGAGGTGAGAGGGTGGAGAGGGTGGTTAGGGTGGATAGGGTGGAGAGGGTGGAGAGGGTGGAGAGGGTGGAGAGAGGTGAGAGGGTGGATAGGGTGGATAGGGTGGTTAGGGTGGAGAGGGTGGAGAGGGTGGAGAGGGATGGTCAGGGTGGATAGGGTGGAGAGGGTGGAGAGGGTGGAGAGGGTGGAGAGGGTGGACAGGGTGGACAGGGTGGACAGGGTGGAGAGGGTGGAGAGGGTGGATAGGGTGGACAGGGTGGACAGGGTGGAGAGGGTGGACAGGGTGGACAGGGTGGACAGGGTGGACAGGGTGGACAGGGTGGACAGGGTGGATAGGGTGGACAGGGTGGACAGGGTGGACCGGGTGGACAGGGTGGACAGGGTGGATAGGGTGGTTAGGGTGGACAGGGTGGATAGGGTGGACAGGGTGGATAGGGTGGATAGGATGGTTAGGGTGGAGAGGGTGGATAGGGTGGATAGGGTGGAGAGGGTGGAGAGGGTGAGAGGTAGACAGGTGGAGTAGGATGGTTAGGGTGAGAGGGTGGATAGGGTGGATAGGGTGGATAGGGTGGAGAGGGTGGAGAGGGTGGATAGGGTGGACAGGGTGGACAGGGTGGATAGGATGGTTAGGGTGGAGAGGGTGGATAGGGTGGATAGGGTGAGAGGTCAGAGGTGAGAGGGTGGATGAGGTGGTCAGGGTGGACCAGGTGACAGGGTGGATAGGGTGGATAGGGTGGATAGGGTGGATAGGACGGTTACAGGTGAGGGGTGGTGGGGTGAGGGTGGATAGGGTGGACAGGGTGGACAGGGTGGACAGGGTGGATAGGGTGAGAGGGTGGACAGGGTGGATAGGGTGGATAGGGTGGATAGGGTGGATAGGGTGGATGGGTGGATAGGGTGGATAGGGTGGAGAGGGTGGATAGGGTGGATAGGGTGGATAGGGTGGATAGGGTGGTTAGGGTGAGAGGGTGGAGAGAGGTGAGAGGGTGGTTAGGGTGGATAGGGTGGAGAGGGTGGATAGGGTGGATAGGGTGGATGGGGTGGATAGGGTGAGAGGGTGGATAGGGTGGATAGGGTGGATAGGGTGGATGGGTGGTTAGGGTGGAGAGGGTGGATAGGGTGGAGAGGGTGGATAGGGTGGATGGGTGGAGAGGGTGGATGGGTGGATAGGGTGGATGGGTGGATGGGTGGAGAGGGTGGATAGGGTGGATAGGGTGGATAGGGTGGATAGGGTGGTTAGGGTGGAGAGGGTGAGAGGGTGGAGAGGGTGGTTAGGGTGGATAGGGTGGAGAGGGTGAGAGGGTGGGAAGGGGTGGAGGGTGAGAGGTGGATGGGTGGATGGGTGGTTAGGGTGGAGAGGGTGGAGAGGGTGGAGAGGGTGGTTAGGGTGGATAGGGTGGAGAGGTGAGAGGGTGGAGAGGGTGGAGAGGGTGGACAGGGTGGACAGGGTGGACAGGGTGGAGAGGGTGAGGGTGGATAGGGTGGACAGGGTGGACAGGGTGGAGAGGGTGGACAGGGTGGACAGGGTGGACAGGGTGGACGGGTGGACAGGGTGGACAGGGTGGATAGGGTGGATAGGGTGGACAGGGTGGACAGGGTGGACAGGGTGGAGCAGGGTGGATAGGGTGGTTAGGGTGGACAGGGTGGATAGGGTGGACAGGGTGGATAGGGTGGATAGGGTGGATAGGATGGTTAGGGTGGACAGGGTGGATGGGTGGATAGGGTGGTTAGGGTGGATGGGTGGAGTAGGGTGGATAGGGTGGATAGGGTGGACAGGGTGGACAGGGTGGACAGGGTGGATAGGGTGGATAGGGTGGATAGGGTGGATCGGGTGGACAGGGTGGACAGGGTGGACAGGGTGGTTAGGGTGGACAGGGTGGACAGGGTGGACAGGGTGGACAGGGTGGACAGGGTGGACAGGGTGGACAGGGTGGACAGGGTGGACAGGGTGGTTAGGGTGGATAGGGTGGACAGGGTGGATAGGGTGGATAGGGTGGTTAGGGTGGATAGGGTGGACAGGGTGGTTAGGGTGGATAGGGTGGACAGGGTGGATAGGGTGGTTAGGGTGGATAGGGTGGACAGGGTGGATAGGGTGGATAGGGTGGATGAGGGTGGATAGGGTGGATAGGGTGGACAGGGTGGACAGGGTGGACAGGGTGGACAGGGTGGACAGGGTGGACAGGGTGGACAGGGTGGACAGGGTGGACAGGGTGGATAGGGTGGTTAGGGTGGATAGGGTGGACAGGGTGGACAGGGTGGACAGGGTGAACAGGTGGAGCAGGGTGGACAGGGTGGACAGGGTGGATAGGGTGGATAGGGTGGATAGGGTTGGACAGGGTGGATAGGATGGTTAGGGTGGATAGGGTGGATGGGTGGACGGGTGGATAGGATGGACAGGGTGGATAGGGTGGATAGGATGGTTAGGGTGGACAGGGTGGACAGGGTGGACAGGGTGGACAGGGTGGATAGGGTGGATAGGGTGGTTGGGTGGATAGGGTGGATGGGTGGATAGGGTGGACGGGTGGATAGGATGGTTAGGGTGGATAGGGTGGATAGGGTGGATAGGGTGGATAGGGTGGATAGGGTGGATAGGGTGGATAGGGTGGACAGGGTGGATAGGATGGACAGGGTGGATAGGGTGGATAGGATGGTTAGGGTGGACAGGGTGGACAGGGTGGACAGGGTGGACAGGGTGGACAGGGTGGATAGGGTGGATGGGTGGACAGGGTGGATGGGTGGATAGGGTGGATAGGGTGGATAGGGTGGACAGGGTGGACAGGGTGGATAGGGTGGACAGGGTGGATAGGGTGGATAGGGTGGACAGGGTGGTTAGGGTGGATAGGGTGGATAGGGTGGTTAGGGTGGATAGGGTGGATAGGGTGGATAGGGTGGTTAGGGTGGATAGGGTGGATAGGGTGGACAGGGTGGATAGGGTGGATGGGTGGACAGGGTGGTTAGGGTGGATAGGGTGGATAGGGTGGTTAGGGTGGATGGGTGGATAGGGTGGATAGGGTGGATAGGGTGGTTAGGGTGGATAGGGTGGTTAGGGTGGATAGGGTGGTTGGGTGGACAGGGTGGACAGGGTGGACAGGGTGGACAGGGTGGACCAGGTGGAGCAGGGTGGACAGGGTGGACAGGGTGGATGGGTGGTTAGGGTGGATAGGGTGGACAGGGTGGACAGGGTGGACAGGGTGGATAGGGTGGACAGGGTGGACAGGGTGGACGGGTGGACAGGGTGGACAGGGTGGATAGGGTGGATAGGGTGGTTAGGGTGGATAGGGTGGATAGGGTGGACAGGGTGGATAGGATGGACAGGTAGTAGGGTGGATGGGGTGGTTAGGGTGGACAGGGTGGACAGGGTGGACAGGGTGGACAGGGTGGATAGGGTGGATAGGGTGGTTAGGGTGGATGGGTGGACATAGGTGGGTATAGGGTGGACAGGGTGGATAGGATGGTTAGGGTGGATAGGGTGGATAGGGTGGATAGGGTGGATAGGGTGGATAGGGTGGATAGGGTGGATAGGGTGGATAGGGTGGGATAGGGTGGACAGGGTGGATAGGATGGACAGGGTGGATAGGGTGGATAGGATGGTTAGGGTGGACAGGGTGGACAGGGTGGACAGGGTGGACAGGGTGGACAGGGTGGATAGGGTGGATAGGGTGGACAGGGTGGATAGGGTGGATAGGGTGGATAGGGTGGATAGGGTGGACAGGGTGGTTAGGGTGGATAGGGTGGATAGGGTGGTTAGGGTGGATAGGGTGGATAGGGTGGATAGGGTGGTTAGGGTGGATAGGGTGGATAGGGTGGACAGGGTGGATAGGGTGGATAGGGTGGACAGGGTGGTTAGGTAGTAGGGTGGATGGGTGGTTAGGGTGGATAGGGTGGATAGGGTGGATAGGGTGGTTAGGGTGGATAGGGTGGATAGGGTGGACAGGGTGGATAGGGTGGATAGGGTGGACAGGGTGGTTAGGGTGGATAGGGTGGATAGGGTGGTTAGGGTGGATGGGTGGATAGGGTGGATAGGGTGGACGGGTGGATAGGGTGGATAGGGTGGAGCAGGGTGGATAGGGTGGATAGGGTGGATAGGGTGGTTGGGTGGATGGGTGGATAGGGTGGATAGGGTGGTAGGGTGGATAGGGTGGTTAGGGTGGATGGGTGGGACAGGGTGGACAGGGTGGATAGGGTGGATAGGGTGGACAGGGTGGTTAGGGTGGATAGGGTGGTTAGGGTGGATAGGGTGGATAGGGTGGACAGGGTGGAGAGGGTGGATAGGGTGGTTAGGGTGGATAGGGTGGATAGGGTGGATAGGGTGGTTAGGGTGGATAGGGTGGATAGGGTGGATAGGATGGACGGGTGGATAGGGTGGATAGGATGGTTAGGGTGGATAGGGTGGATAGGGTGGATAGGGTGGTTGGGTGGATAGGGTGGATAGGGTGGATAGGGTGGATAGGGTGGATAGGGTGGATAGGGTGGATAGGATGGTTAGGGTGGACAGGGTGGATGGGTGGATAGGGTGGTTAGGGTGGATAGGGTGGAGGCAGGGTGGACAGGGTGGACAGGGTGGACAGGGTGGAGGCCAGGGTGGACAGGGTGGACAGGGTGGTTAGGGTGGACAGGGTGGAGCAGGGTGGACAGGGTGGACAGGGTGGACAGGGTGGACAGGTCGACAGGTGGATAGGGTGGTTAGGGTGGACAGGGTGGATAGGGTGGATAGGGTGGACAGGGTGGATAGGGTGGATAGGGTGGATAGGATGGTTAGGGTGGACAGGGTGGATAGGGTGGATAGGGTGGTTAGGGTGGATAGGGTGGATAGGGTGGATAGGATGGACAGGGTGGACAGGGTGGATAGGGTGGACAGGGTGGATGGGTGGAAGCTGGGTTGGACAGGGTGGATAGGGTGGTTAGGGTGGATAGGGTGGATGGGTGGATGGGTGGATGGGGTGGTTAGGGTGGATAGGGTGGATGGGTGGATAGGGTGGTTAGGGTGGATAGGGTGGATAGGGTGGATAGGGTGGATGGATGGTTAGGTAGTAGGTGAGAGGGTGGATAGGATGGTTAGGGTGGATAGGGTGGAGAGGGTGGATAGGATGGTTAGGGTGGACAGGGTGGATAGGGTGGATAGGATGGATAGGGTGGATAGGGTGGATAGGATGGTTAGGGTGGATAGGGTGGATAGGGTGGATAGGGTGGATAGGATGGTTAGGGTGGATAGGGTGGATAGGGTGGATGGGTGGATAGGGTGGATAGGGTGGATAGGGTGGATAGGATGGTTAGGGTGGACAGGGTGGATAGGGTGGATAGGGTGAGATGGGTGGATAGGGTGGTTAGAGTGGACAGGGTGGACAGGGTGGATGGGTGGACAGGGTGGACAGGGTGGTTAGGGTGGATGGGTGGATGGGTGGATAGGGTGGATGGGTGGATAGGGTGGAGAGGGTGGAGAGGGTGGATAGGGTGGACAGGGTGGAGAGGGTGGATAGGGTGGATAGGGTGGATAGGGTGGATGGGTGGATAGGGTGGATAGGATGGTTAGGTTGGATAGGGTGGATAGGGTGGATAGGGTGGATAGATGGTTAGGGTGGATGGGTGGTAGGGTGGATAGGGTGGATGGGTGGATAGGGTGGATAGGGTGGATAGGGTGGATAGGGTGGTTAGAGTGGACAGGGTGGACAGGGTGGAGGCACGGGTGGACAGGGTGGATAGGGTGGACAGGGTGGACAGGGTGGATAGGGTGGATAGGGTGGATAGGGTGGATAGGGTGGATAGGGTGGATAGGGTGGATAGGGTGGATAGGGTGGATAGGATGGTTAGGGTGGACAGGGTGGATAGGGTGGACAGGGTGGACAGGGTGGATAGGGTGGACAGGGTGGACAGGGTGGATAGGGTGGATAGGGTGGATAGGGTGGATAGGGTGGTTAGAGTGGACAGGGTGGACAGGGTGGATAGGGTGGATAGGGTGGATAGGGTGGACAGGGTGGTAGGGTGGATAGGGTGGACAGGGTGGACAGGGTGGAGAGGGTGGAGAGGGTGGAGAGGGTGGAGAGGGTGGAGAGGGTGGATAGGGTGGATAGGGTGGACAGGGTGGTTAGGGTGGATGGGTGGATAGGGTGGATAGGGTGGAGAGGGTGGACAGGGTGAGAGGGTGGATAGGGTGGACAGGGTGGACAGGGTGGACAGGGTGGATAGGGTGGATGGGTGGATGGGTGGACAGGGTGGTTAGGGTGGATAGGGTGGATAGGGTGGACAGGGTGGACAGGGTGGAGAGGGTGGAGAGGGTGGAGAGGGTGGAGAGGGTGGAGAGGGTGGATAGGGTGGACAGGGTGGACAGGGTGGAGAGGGTGGATAGGGTGGACAGGGTGGAGAGGGTGGATAGGGTGGATAGGGTGGACAGGGTGGACAGGGTGGAGAGGGTGAGAGGGTGGAGAGGGTGGATGGGGTGGACAGGGTGGACAGGGTGAGAGGGTGGTAGGGTGGATAGGGTGGATAGGGTGGACAGGGTGGAATAGGTGATAGGGTGGCAGGGTGGAGAGGGTGGATAGGGTGGATAGGGTGGATAGGGTGGATAGGGTGGATAGGGTGGACAGGGTGGACAGGGTGGATAGGGTGGATAGGGTGGATAGGGTGGATAGGATGGTTAGGGTGGACAGGGTGGATGGGTGGAGCAGGGTGGACAGGGTGGATGGGTGGACAGGGTGGACCAGGTGGATAGGGTGGATAGGGTGGACAGGGTGGACAGGGTGGACAGGGTGGAGAGGGTGGATAGGGTGGACAGGGTGGACAGGTGGACCGGTGGACAGGGTGAGCAGGGTGGAGCAGGGTGGACAGGGTGGAGAGGGTGGAGAGGGTGGATAGGGTGGATAGGGTGGATAGGGTGGATAGGGTGGATAGGGTGGTTAGGGTGGATAGGGTGGAGAGGGTGGAGAGGGTGGATAGGGTGGAGAGGGTGGAGAGGGTGGAGAGGGTGGATGGGTGGAGAGGGTGGAGAGGGTGGATAGGGTGGTTAGGGTGGATAGGGTGGATAGGGTGGTTAGGGTGGATGGGTGGATGGGGACGGGAGTAGGGTGGATAGGGTGGATAGGGTGGACAGGGTGGACAGGGTGGATAGGGTGGATAGGGTGGAGAGGGTGGAGAGGGTGGATAGGGTGGAGAGGGTGGATAGGGTGGAGAGGGTGGTTAGGGTGGACAGGGTGGACAGGGTGGACAGGGTGGATAGGGTGGATAGGGTGGTTAGGGTGGATAGGGTGGACAGGGTGGACAGGGTGGATAGGGTGGATAGGGTGGATAGGATGGTTAGGGTGGATGGGGTGGACAGGTAGCAGGGTGGACAGGGTGGATAGGGTGGATAGGATGGTTAGGGTGGATAGGGTGGACAGGGTGGATAGGGTGGATAGGGTGGACAGGGTGGATAGGATGGTTAGGGTGGATAGGGTGGATAGGGTGGACAGGGTGGATAGGGTGGACAGGGTGGATAGGGTGGTTAGGGTGGATAGGGTGGATAGGGTGGATAGGGTGGACAGGGTGGATAGGGTGGACAGGGTGGATAGGGTGGTTAGGGTGAGAGGGTGGAGAGGGTGGATAGGATGGTTAGGGTGGATAGGGTGGATAGGGTGGACAGGGTGGATAGGGTGGACAGGGTGGATAGGGTGGTTAGGGTGAGAGGGTGGAGAGGGTGGATAGGGTGGATGGGTGGATGGGTGGATAGGGTGGACGGGTGGATGGGTGGATAGGGTGGAC	.	.	.	IMPRECISE;SVTYPE=INS;POS=31432075;SVLEN=9203;END=31432075;SUPPORT=5;COVERAGE=66,12,48,46,46;STRAND=+-;AF=0.292;STDEV_LEN=100.007;STDEV_POS=50.649;SUPPORT_LONG=0	.	GT:GQ:DR:DV:PS	0/1:45:34:14:.
chr1	31495080	31495080	chr1	31495071	31495089	Sniffles2.INS.3BS0	58	.	.	INS	PASS	Sniffles2.INS.3BS0	T	TATATATAATATATTTTATATATATTATATATAATACATGTATATATAATATATTTTATATATAATATATAATACATGTATTATATATTATATATTTTTATATATAATATATAATACATGTATTATATATTATATATTTTTATATATAATATATAATACATGTATTATATATTATATGTTATATATTTTTATATATAATACATATATTATATATTTTTTATATATATAATAC	.	.	.	IMPRECISE;SVTYPE=INS;POS=31495080;SVLEN=231;END=31495080;SUPPORT=54;COVERAGE=49,54,58,56,55;STRAND=+-;AF=0.931;STDEV_LEN=31.355;STDEV_POS=0.000;SUPPORT_LONG=0	.	GT:GQ:DR:DV:PS	1/1:60:4:54:.
chr1	31807411	31807413	chr1	31807410	31807414	Sniffles2.INS.50S0	60	.	.	INS	PASS	Sniffles2.INS.50S0	A	AGGGAGGGGAGGGGAGGGAAGGGAGGGGAGGGGAGGGGAGGGGAGGGGAGGGGAGGGGAGGGGAGGGGGAGGGGAGGGGAGGGGGAGGGAGGGGAGGGGGAGGGGAGGGGAGGGGGAGGGGAGGGGAGGGGAGGGGGAGGGGAGGGGAGGGGAGGGGGGAGGGGAGGGGAGGGGAGGGGGGAGGGAGGGGGAGGGGAGGGGAGGGGGAGGGGAGGGGGGAGGGAGGGAGGGGAGGGGGGAGGGAGGGGGAG	.	.	.	PRECISE;SVTYPE=INS;POS=31807412;SVLEN=253;END=31807412;SUPPORT=54;COVERAGE=52,55,55,51,50;STRAND=+-;AF=0.982;STDEV_LEN=4.933;STDEV_POS=3.038;SUPPORT_LONG=0	.	GT:GQ:DR:DV:PS	1/1:60:1:54:.
chr1	31908110	31908112	chr1	31908162	31908164	Sniffles2.DEL.CBS0	60	.	.	DEL	PASS	Sniffles2.DEL.CBS0	AAAATATATATATATATATATATATTATATTATATATATATATATATATATAT	A	.	.	.	PRECISE;SVTYPE=DEL;POS=31908111;SVLEN=-52;END=31908163;SUPPORT=27;COVERAGE=54,54,52,52,50;STRAND=+-;AF=0.509;STDEV_LEN=0.976;STDEV_POS=0.976	.	GT:GQ:DR:DV:PS	0/1:60:26:27:.
chr2	123452328	123452328	chr1	31939202	31939202	Sniffles2.BND.18S1	60	.	.	BND	PASS	Sniffles2.BND.18S1	T	]chr1:31939202]T	.	.	.	PRECISE;SVTYPE=BND;POS=123452328;SUPPORT=2;COVERAGE=0,0,2,2,2;STRAND=+-;AF=1.000;CHR2=chr1;STDEV_POS=0.000	.	GT:GQ:DR:DV:PS	1/1:5:0:2:.
chr3	159884981	159884981	chr1	31551726	31551726	Sniffles2.BND.14S2	60	.	.	BND	PASS	Sniffles2.BND.14S2	T	[chr1:31551726[T	.	.	.	PRECISE;SVTYPE=BND;POS=159884981;SUPPORT=2;COVERAGE=0,0,2,0,0;STRAND=+-;AF=1.000;CHR2=chr1;STDEV_POS=0.000	.	GT:GQ:DR:DV:PS	1/1:5:0:2:.
chr4	183667816	183667816	chr1	31366650	31366650	Sniffles2.BND.1AS3	60	.	.	BND	PASS	Sniffles2.BND.1AS3	G	[chr1:31366650[G	.	.	.	PRECISE;SVTYPE=BND;POS=183667816;SUPPORT=2;COVERAGE=0,0,2,2,2;STRAND=+-;AF=1.000;CHR2=chr1;STDEV_POS=0.000	.	GT:GQ:DR:DV:PS	1/1:5:0:2:.
chr6	20007246	20007246	chr1	31980646	31980646	Sniffles2.BND.4S5	60	.	.	BND	PASS	Sniffles2.BND.4S5	G	]chr1:31980646]G	.	.	.	PRECISE;SVTYPE=BND;POS=20007246;SUPPORT=2;COVERAGE=0,0,2,2,0;STRAND=+-;AF=1.000;CHR2=chr1;STDEV_POS=0.000	.	GT:GQ:DR:DV:PS	1/1:5:0:2:.
chr13	72884004	72884004	chr1	31855253	31855253	Sniffles2.BND.7SC	60	.	.	BND	PASS	Sniffles2.BND.7SC	A	]chr1:31855253]A	.	.	.	PRECISE;SVTYPE=BND;POS=72884004;SUPPORT=2;COVERAGE=0,0,2,0,0;STRAND=+-;AF=1.000;CHR2=chr1;STDEV_POS=0.000	.	GT:GQ:DR:DV:PS	1/1:5:0:2:.
chr14	88070983	88070983	chr1	31238093	31238093	Sniffles2.BND.BSD	60	.	.	BND	PASS	Sniffles2.BND.BSD	G	[chr1:31238093[G	.	.	.	PRECISE;SVTYPE=BND;POS=88070983;SUPPORT=2;COVERAGE=0,0,2,0,0;STRAND=+-;AF=1.000;CHR2=chr1;STDEV_POS=0.000	.	GT:GQ:DR:DV:PS	1/1:5:0:2:.
chr15	65601938	65601938	chr1	31218114	31218114	Sniffles2.BND.6SE	60	.	.	BND	PASS	Sniffles2.BND.6SE	G	[chr1:31218114[G	.	.	.	PRECISE;SVTYPE=BND;POS=65601938;SUPPORT=2;COVERAGE=0,0,2,0,0;STRAND=+-;AF=1.000;CHR2=chr1;STDEV_POS=0.000	.	GT:GQ:DR:DV:PS	1/1:5:0:2:.
chr16	30617862	30617862	chr1	31107962	31107962	Sniffles2.BND.7SF	60	.	.	BND	PASS	Sniffles2.BND.7SF	A	]chr1:31107962]A	.	.	.	PRECISE;SVTYPE=BND;POS=30617862;SUPPORT=2;COVERAGE=0,0,2,2,2;STRAND=+-;AF=1.000;CHR2=chr1;STDEV_POS=0.000	.	GT:GQ:DR:DV:PS	1/1:5:0:2:.
chr21	42183301	42183301	chr1	31009979	31009979	Sniffles2.BND.4S14	60	.	.	BND	PASS	Sniffles2.BND.4S14	G	[chr1:31009979[G	.	.	.	PRECISE;SVTYPE=BND;POS=42183301;SUPPORT=2;COVERAGE=0,0,2,2,2;STRAND=+-;AF=1.000;CHR2=chr1;STDEV_POS=0.000	.	GT:GQ:DR:DV:PS	1/1:5:0:2:.
chr22	31414643	31414653	chr1	31480793	31480793	Sniffles2.BND.0S15	60	.	.	BND	PASS	Sniffles2.BND.0S15	G	[chr1:31480793[G	.	.	.	PRECISE;SVTYPE=BND;POS=31414648;SUPPORT=2;COVERAGE=0,0,2,2,2;STRAND=+-;AF=1.000;CHR2=chr1;STDEV_POS=3.536	.	GT:GQ:DR:DV:PS	1/1:5:0:2:.
chrMT	13951	13951	chr1	31491931	31491931	Sniffles2.BND.1S18	60	.	.	BND	PASS	Sniffles2.BND.1S18	T	[chr1:31491931[T	.	.	.	PRECISE;SVTYPE=BND;POS=13951;SUPPORT=2;COVERAGE=0,0,2,2,0;STRAND=+-;AF=1.000;CHR2=chr1;STDEV_POS=0.000	.	GT:GQ:DR:DV:PS	1/1:5:0:2:.
