chr1	30985985	31148083	30985986
chr1	31214031	31431302	31214032
chr1	31459786	31652559	31459787
chr1	31684380	32016726	31684381
