#pgs_id	trait	score	percentile	build	variants_in_prs	variants_low_depth	pgp_id	citation
OCAC_36	Ovarian cancer	-0.0707415	69	GRCh38	36	36	undefined	CanRisk (https://canrisk.atlassian.net/wiki/spaces/FAQS/pages/35979266/What+variants+are+used+in+the+PRS)
PGS000004	Breast Cancer	-0.221896	55	GRCh38	313	313	PGP000002	Mavaddat N et al. Am J Hum Genet (2018). doi:10.1016/j.ajhg.2018.11.002
