<?xml version="1.0" encoding="ISO-8859-1"?>
<?xml-stylesheet type="text/xml" href="#stylesheet"?>
<!DOCTYPE catelog [
  <!ATTLIST xsl:stylesheet
  id  ID  #REQUIRED>
  ]>
<qcML version="0.0.8" xmlns="http://www.prime-xs.eu/ms/qcml" >
  <runQuality ID="rq0001">
    <metaDataParameter ID="md0001" name="creation software" value="VariantQC 2024_02-2-g676f0ad1" cvRef="QC" accession="QC:1000002"/>
    <metaDataParameter ID="md0002" name="creation software parameters" value="" cvRef="QC" accession="QC:1000003"/>
    <metaDataParameter ID="md0003" name="creation date" value="2024-03-06T13:28:00" cvRef="QC" accession="QC:1000004"/>
    <metaDataParameter ID="md0004" name="source file" value="annotate_wSlV6S.vcf" cvRef="QC" accession="QC:1000005"/>
    <qualityParameter ID="qp0001" name="variant count" description="Total number of variants in the target region." value="1606" cvRef="QC" accession="QC:2000013"/>
    <qualityParameter ID="qp0002" name="known variants percentage" description="Percentage of variants that are known polymorphisms in the dbSNP database." value="98.94" cvRef="QC" accession="QC:2000014"/>
    <qualityParameter ID="qp0003" name="high-impact variants percentage" description="Percentage of variants with high impact on the protein, i.e. stop-gain, stop-loss, frameshift, splice-acceptor or splice-donor variants." value="0.00" cvRef="QC" accession="QC:2000015"/>
    <qualityParameter ID="qp0004" name="homozygous variants percentage" description="Percentage of variants that are called as homozygous." value="38.73" cvRef="QC" accession="QC:2000016"/>
    <qualityParameter ID="qp0005" name="indel variants percentage" description="Percentage of variants that are insertions/deletions." value="11.33" cvRef="QC" accession="QC:2000017"/>
    <qualityParameter ID="qp0006" name="transition/transversion ratio" description="Transition/transversion ratio of single nucleotide variants." value="2.41" cvRef="QC" accession="QC:2000018"/>
    <qualityParameter ID="qp0007" name="mean phasing block size" description="Mean size of all annotated phasing blocks." value="225932.50" cvRef="QC" accession="QC:2000133"/>
    <qualityParameter ID="qp0008" name="median phasing block size" description="Median size of all annotated phasing blocks." value="204643.00" cvRef="QC" accession="QC:2000134"/>
    <qualityParameter ID="qp0009" name="phasing block count" description="Number of different phasing bocks." value="4" cvRef="QC" accession="QC:2000135"/>
    <qualityParameter ID="qp0010" name="phased variants percentage" description="Percentage of (heterozygous) variants which contains phasing annotations." value="97.72" cvRef="QC" accession="QC:2000136"/>
    <attachment ID="qp0011" name="phasing block distribution plot" description="Plots a histogram of phasing block size distribution." cvRef="QC" accession="QC:2000137">
      <binary>iVBORw0KGgoAAAANSUhEUgAAA3UAAAF4CAYAAADzD9DXAAAABHNCSVQICAgIfAhkiAAAAAlwSFlzAAAPYQAAD2EBqD+naQAAADh0RVh0U29mdHdhcmUAbWF0cGxvdGxpYiB2ZXJzaW9uMy4xLjIsIGh0dHA6Ly9tYXRwbG90bGliLm9yZy8li6FKAAAgAElEQVR4nO3de3gU5f3//9fmHDThTJINJIRzIDTgcmjQAAkajBXwCIhCFCgfmiCSFFFLKREPQa6K1HK2lpNWQhWoVWoMDScBC4SkRRACyKdBSKRQICQgwWR+f3w/7M91E0jC4mbI83Fdc5W555573rM30/bFzOxaDMMwBAAAAAAwJQ93FwAAAAAAqDtCHQAAAACYGKEOAAAAAEyMUAcAAAAAJkaoAwAAAAATI9QBAAAAgIkR6gAAAADAxAh1AAAAAGBihDoAAAAAMDFCnRtdvnxZ6enpunz5srtLgYswp7cW5vPWw5zeepjTWwvzeethTn8cFsMwDHcX0VCVlJSocePGOn/+vAIDA91dDlyAOb21MJ+3Hub01sOc3lqYz1sPc/rj4E4dAAAAAJgYoQ4AAAAATMzL3QU0ZJWVlZKk8+fPu7kSuEpJSYnDf8LcmM9bD3N662FOby3M562HOa05wzB04cIFWa1WeXjU7t4b79S50VdffaX27du7uwwAAAAA9cTx48fVunXrWu3DnTo3at68uaT/N3G8OAoAAAA0XCUlJWrTpo0CAgJqvS+hzo0sFoskKTAwkFAHAAAAwJ4RaoMvSgEAAAAAEyPUAQAAAICJEeoAAAAAwMQIdQAAAABgYoQ6AAAAADAxQh0AAAAAmBihDgAAAABMjFAHAAAAACZGqAMAAAAAEyPUAQAAAICJEeoAAAAAwMQIdQAAAABgYoQ6AAAAADAxQh0AAAAAmBihDgAAAABMjFAHAAAAACZGqAMAAAAAEyPUAQAAAICJEeoAAAAAwMQIdQAAAABgYoQ6AAAAADAxQh0AAAAAmBihDgAAAABMjFAHAAAAACZGqAMAAAAAEyPUAQAAAICJEeoAAAAAwMQIdQAAAABgYoQ6AAAAADAxQh0AAAAAmBihDgAAAABMjFAHAAAAACZGqAMAAAAAEyPUAQAAAICJEeoAAAAAwMQIdQAAAABgYoQ6AAAAADAxQh0AAAAAmBihDgAAAABMjFAHAAAAACZGqAMAAAAAEyPUAQAAAICJEeoAAAAAwMQIdQAAAABgYoQ6AAAAADAxQh0AAAAAmBihDgAAAABMjFAHAAAAACZGqAMAAAAAEyPUAQAAAICJEeoAAAAAwMQIdQAAAABgYoQ6AAAAADAxQh0AAAAAmBihDgAAAABMjFB3gz766CN17txZHTt21B/+8Ad3lwMAAACggfFydwFm9t133yktLU2bNm1SYGCg7rjjDj300ENq1qyZu0sDAAAA0EBwp+4G7Nq1S926dVNoaKgCAgJ03333KSsry91lAQAAAGhAGnSo27p1q4YMGSKr1SqLxaL169c79Vm4cKEiIiLk5+cnm82mbdu22bedPHlSoaGh9vXWrVvrxIkTP0rtAAAAACA18FBXVlam6OhozZ8/v8rtmZmZmjJliqZPn668vDzFxsYqMTFRhYWFkiTDMJz2sVgsN7VmAAAAAPi+Bv1OXWJiohITE6vdPnfuXI0bN07jx4+XJM2bN09ZWVlatGiRMjIyFBoa6nBn7uuvv1bfvn2rHe/y5cu6fPmyfb2kpMQFZwEAAADgVvHDjODr6ytfX99r7tOgQ921lJeXKzc3V88//7xDe0JCgnbs2CFJ6tOnj7744gudOHFCgYGB2rBhg37zm99UO2ZGRoZefPHFm1o3AKDm2j7/sduO/b+zf+a2Y98IPrO64XMD6q/6dn22adPGYX3mzJlKT0+/5jiEumqcPn1aFRUVCgoKcmgPCgpScXGxJMnLy0uvv/664uLiVFlZqWnTpql58+bVjvnCCy8oLS3Nvl5SUuI0aQAAAAAaruPHjyswMNC+fr27dBKh7rp++I6cYRgObUOHDtXQoUNrNFZNbp0CAAAAaLgCAwMdQl1NNOgvSrmWFi1ayNPT035X7qpTp0453b0DAAAAAHch1FXDx8dHNptN2dnZDu3Z2dnq16+fm6oCAAAAAEcN+vHL0tJSHTlyxL5+7Ngx5efnq1mzZgoLC1NaWppGjx6tXr16KSYmRkuXLlVhYaEmTpzoxqoBAAAA4P/XoEPdnj17FBcXZ1+/+iUmSUlJWr58uUaMGKEzZ85o1qxZKioqUlRUlDZs2KDw8HB3lQwAAAAADhp0qBs4cGCVPyD+fcnJyUpOTv6RKgIAAACA2uGdOgAAAAAwMUIdAAAAAJgYoQ4AAAAATIxQBwAAAAAmRqgDAAAAABMj1AEAAACAiRHqAAAAAMDECHUAAAAAYGKEOgAAAAAwMUIdAAAAAJgYoQ4AAAAATIxQBwAAAAAmRqgDAAAAABMj1AEAAACAiRHqAAAAAMDECHUAAAAAYGKEOgAAAAAwMUIdAAAAAJgYoQ4AAAAATIxQBwAAAAAmRqgDAAAAABMj1AEAAACAiRHqAAAAAMDECHUu9OCDD6pp06Z65JFH3F0KAAAAgAaCUOdCkydP1sqVK91dBgAAAIAGhFDnQnFxcQoICHB3GQAAAAAaELeHugsXLmjKlCkKDw+Xv7+/+vXrp927d7v0GFu3btWQIUNktVplsVi0fv36KvstXLhQERER8vPzk81m07Zt21xaBwAAAAC4mttD3fjx45Wdna1Vq1Zp3759SkhI0N13360TJ05U2X/79u26cuWKU/vBgwdVXFxc5T5lZWWKjo7W/Pnzq60jMzNTU6ZM0fTp05WXl6fY2FglJiaqsLDQ3sdmsykqKsppOXnyZC3PGgAAAABcw62h7tKlS/rggw80Z84c9e/fXx06dFB6eroiIiK0aNEip/6VlZVKSUnRqFGjVFFRYW8vKChQXFxcte+zJSYm6uWXX9ZDDz1UbS1z587VuHHjNH78eEVGRmrevHlq06aNQx25ubn64osvnBar1XoDnwIAAAAA1J1bQ913332niooK+fn5ObT7+/vrs88+c+rv4eGhDRs2KC8vT2PGjFFlZaWOHj2q+Ph4DR06VNOmTatTHeXl5crNzVVCQoJDe0JCgnbs2FGnMa9lwYIF6tq1q3r37u3ysQEAAACYV+/evdW1a1ctWLCgxvt43cR6risgIEAxMTF66aWXFBkZqaCgIL333nv6xz/+oY4dO1a5j9VqVU5Ojvr3769Ro0Zp586dGjRokBYvXlznOk6fPq2KigoFBQU5tAcFBVX7SGdVBg8erL1796qsrEytW7fWunXrqgxuKSkpSklJUUlJiRo3blznugEAAADcWnbv3q3AwMBa7ePWUCdJq1at0tixYxUaGipPT0/dcccdGjVqlPbu3VvtPmFhYVq5cqUGDBigdu3a6e2335bFYrnhWn44hmEYtRo3KyvrhmsAAAAAgNpw+xeltG/fXlu2bFFpaamOHz+uXbt26cqVK4qIiKh2n2+++UYTJkzQkCFDdPHiRaWmpt5QDS1atJCnp6fTXblTp0453b0DAAAAgPrE7aHuqttuu00hISE6e/assrKyNGzYsCr7nT59WoMGDVJkZKTWrl2rnJwcrVmzRlOnTq3zsX18fGSz2ZSdne3Qnp2drX79+tV5XAAAAAC42dz++GVWVpYMw1Dnzp115MgRPfvss+rcubOeeuopp76VlZW69957FR4erszMTHl5eSkyMlIbN25UXFycQkNDq7xrV1paqiNHjtjXjx07pvz8fDVr1kxhYWGSpLS0NI0ePVq9evVSTEyMli5dqsLCQk2cOPHmnTwAAAAA3CC3h7rz58/rhRde0Ndff61mzZrp4Ycf1iuvvCJvb2+nvh4eHsrIyFBsbKx8fHzs7d27d9fGjRvVvHnzKo+xZ88excXF2dfT0tIkSUlJSVq+fLkkacSIETpz5oxmzZqloqIiRUVFacOGDQoPD3fh2QIAAACAa7k91A0fPlzDhw+vcf977rmnyvYePXpUu8/AgQNlGMZ1x05OTlZycnKNawEAAAAAd6s379QBAAAAAGqPUAcAAAAAJkaoAwAAAAATI9QBAAAAgIkR6gAAAADAxAh1AAAAAGBihDoAAAAAMDFCHQAAAACYGKEOAAAAAEyMUAcAAAAAJkaoAwAAAAATI9QBAAAAgIkR6gAAAADAxAh1AAAAAGBihDoAAAAAMDFCHQAAAACYGKEOAAAAAEyMUAcAAAAAJkaoAwAAAAATI9QBAAAAgIkR6gAAAADAxAh1AAAAAGBihDoAAAAAMDFCHQAAAACYGKEOAAAAAEyMUAcAAAAAJkaoAwAAAAATq1Ooi4+P17lz55zaS0pKFB8ff8NFmdWDDz6opk2b6pFHHnF3KQAAAAAaiDqFus2bN6u8vNyp/dtvv9W2bdtuuCizmjx5slauXOnuMgAAAAA0IF616fyvf/3L/ucDBw6ouLjYvl5RUaFPPvlEoaGhrqvOZOLi4rR582Z3lwEAAACgAanVnboePXqoZ8+eslgsio+PV48ePeyLzWbTyy+/rN/85je1KuC7777Tr3/9a0VERMjf31/t2rXTrFmzVFlZWatxrmXr1q0aMmSIrFarLBaL1q9fX2W/hQsXKiIiQn5+frLZbA36riMAAAAAc6jVnbpjx47JMAy1a9dOu3btUsuWLe3bfHx81KpVK3l6etaqgNdee02LFy/WihUr1K1bN+3Zs0dPPfWUGjdurGeeecap//bt29WnTx95e3s7tB88eFBNmjRRcHCw0z5lZWWKjo7WU089pYcffrjKOjIzMzVlyhQtXLhQd955p5YsWaLExEQdOHBAYWFhkiSbzabLly877fvpp5/KarXW6rwBAAAAwBVqFerCw8MlyaV30Xbu3Klhw4bpZz/7mSSpbdu2eu+997Rnzx6nvpWVlUpJSVHHjh21evVqe4AsKChQXFycUlNTNW3aNKf9EhMTlZiYeM065s6dq3Hjxmn8+PGSpHnz5ikrK0uLFi1SRkaGJCk3N/eGzhUAAAAAXK1Woe77CgoKtHnzZp06dcop5NXmEcy77rpLixcvVkFBgTp16qR//vOf+uyzzzRv3jynvh4eHtqwYYP69++vMWPGaNWqVTp27Jji4+M1dOjQKgNdTZSXlys3N1fPP/+8Q3tCQoJ27NhRpzGvZcGCBVqwYIEqKipcPjYAAAAA8+rdu7c8PT2VkpKilJSUGu1Tp1D31ltv6Re/+IVatGih4OBgWSwW+zaLxVKrUPfcc8/p/Pnz6tKlizw9PVVRUaFXXnlFjz32WJX9rVarcnJy1L9/f40aNUo7d+7UoEGDtHjx4rqciiTp9OnTqqioUFBQkEN7UFCQw5fBXM/gwYO1d+9elZWVqXXr1lq3bp169+7t1O/qBJWUlKhx48Z1rhsAAADArWX37t0KDAys1T51CnUvv/yyXnnlFT333HN12d1BZmam3nnnHf3pT39St27dlJ+frylTpshqtSopKanKfcLCwrRy5UoNGDBA7dq109tvv+0QLOvqh2MYhlGrcbOysm64BgAAAACojTr9Tt3Zs2f16KOPuqSAZ599Vs8//7xGjhyp7t27a/To0UpNTbW/x1aVb775RhMmTNCQIUN08eJFpaam3lANLVq0kKenp9NduVOnTjndvQMAAACA+qROoe7RRx/Vp59+6pICLl68KA8PxzI8PT2r/TKW06dPa9CgQYqMjNTatWuVk5OjNWvWaOrUqXWuwcfHRzabTdnZ2Q7t2dnZ6tevX53HBQAAAICbrU6PX3bo0EEzZszQ559/ru7duzv9vMDkyZNrPNaQIUP0yiuvKCwsTN26dVNeXp7mzp2rsWPHOvWtrKzUvffeq/DwcGVmZsrLy0uRkZHauHGj4uLiFBoaWuVdu9LSUh05csS+fuzYMeXn56tZs2b2nytIS0vT6NGj1atXL8XExGjp0qUqLCzUxIkTa3wuAAAAAPBjq1OoW7p0qW6//XZt2bJFW7ZscdhmsVhqFep+//vfa8aMGUpOTtapU6dktVr1P//zP1V+2YqHh4cyMjIUGxsrHx8fe3v37t21ceNGNW/evMpj7NmzR3Fxcfb1tLQ0SVJSUpKWL18uSRoxYoTOnDmjWbNmqaioSFFRUdqwYYP9ZxwAAAAAoD6qU6g7duyYywoICAjQvHnzqvwJg6rcc889Vbb36NGj2n0GDhwowzCuO3ZycrKSk5NrVAcAAAAA1Ad1eqcOAAAAAFA/1OlOXVXvu33fH//4xzoVAwAAAAConTqFurNnzzqsX7lyRV988YXOnTun+Ph4lxQGAAAAALi+OoW6devWObVVVlYqOTlZ7dq1u+GiAAAAAAA147J36jw8PJSamqo33njDVUMCAAAAAK7DpV+UcvToUX333XeuHBIAAAAAcA11evzy6u+8XWUYhoqKivTxxx8rKSnJJYUBAAAAAK6vTqEuLy/PYd3Dw0MtW7bU66+/ft1vxgQAAAAAuE6dQt2mTZtcXQcAAAAAoA7qFOqu+s9//qNDhw7JYrGoU6dOatmypavqAgAAAADUQJ2+KKWsrExjx45VSEiI+vfvr9jYWFmtVo0bN04XL150dY0AAAAAgGrUKdSlpaVpy5Yt+utf/6pz587p3Llz+stf/qItW7bol7/8patrBAAAAABUo06PX37wwQd6//33NXDgQHvbfffdJ39/fw0fPlyLFi1yVX0AAAAAgGuo0526ixcvKigoyKm9VatWPH4JAAAAAD+iOoW6mJgYzZw5U99++6297dKlS3rxxRcVExPjsuIAAAAAANdWp8cv582bp8TERLVu3VrR0dGyWCzKz8+Xr6+vPv30U1fXCAAAAACoRp1CXffu3XX48GG98847OnjwoAzD0MiRI/X444/L39/f1TUCAAAAAKpRp1CXkZGhoKAg/fznP3do/+Mf/6j//Oc/eu6551xSHAAAAADg2ur0Tt2SJUvUpUsXp/Zu3bpp8eLFN1wUAAAAAKBm6hTqiouLFRIS4tTesmVLFRUV3XBRAAAAAICaqVOoa9OmjbZv3+7Uvn37dlmt1hsuCgAAAABQM3V6p278+PGaMmWKrly5ovj4eEnS3//+d02bNk2//OUvXVogAAAAAKB6dQp106ZN03//+18lJyervLxckuTn56fnnntOL7zwgksLBAAAAABUr06hzmKx6LXXXtOMGTP05Zdfyt/fXx07dpSvr6+r6wMAAAAAXEOdQt1Vt99+u3r37u2qWgAAAAAAtVSnL0oBAAAAANQPhDoAAAAAMDFCHQAAAACYGKEOAAAAAEyMUAcAAAAAJkaoAwAAAAATI9QBAAAAgIkR6gAAAADAxAh1LvTggw+qadOmeuSRR9xdCgAAAIAGglDnQpMnT9bKlSvdXQYAAACABoRQ50JxcXEKCAhwdxkAAAAAGhC3h7q2bdvKYrE4LSkpKS47xtatWzVkyBBZrVZZLBatX7++yn4LFy5URESE/Pz8ZLPZtG3bNpfVAAAAAAA3g9tD3e7du1VUVGRfsrOzJUmPPvpolf23b9+uK1euOLUfPHhQxcXFVe5TVlam6OhozZ8/v9o6MjMzNWXKFE2fPl15eXmKjY1VYmKiCgsL7X1sNpuioqKclpMnT9bmlAEAAADAZbzcXUDLli0d1mfPnq327dtrwIABTn0rKyuVkpKijh07avXq1fL09JQkFRQUKC4uTqmpqZo2bZrTfomJiUpMTLxmHXPnztW4ceM0fvx4SdK8efOUlZWlRYsWKSMjQ5KUm5tbp3MEAAAAgJvF7Xfqvq+8vFzvvPOOxo4dK4vF4rTdw8NDGzZsUF5ensaMGaPKykodPXpU8fHxGjp0aJWBrqbHzc3NVUJCgkN7QkKCduzYUacxr2XBggXq2rWrevfu7fKxAQAAAJhX79691bVrVy1YsKDG+7j9Tt33rV+/XufOndOTTz5ZbR+r1aqcnBz1799fo0aN0s6dOzVo0CAtXry4zsc9ffq0KioqFBQU5NAeFBRU7SOdVRk8eLD27t2rsrIytW7dWuvWrasyuKWkpCglJUUlJSVq3LhxnesGAAAAcGvZvXu3AgMDa7VPvQp1b7/9thITE2W1Wq/ZLywsTCtXrtSAAQPUrl07vf3221Xe2autH45hGEatxs3KyrrhGgAAAACgNurN45f//ve/tXHjRvs7bdfyzTffaMKECRoyZIguXryo1NTUGzp2ixYt5Onp6XRX7tSpU0537wAAAACgPqk3oW7ZsmVq1aqVfvazn12z3+nTpzVo0CBFRkZq7dq1ysnJ0Zo1azR16tQ6H9vHx0c2m83+zZtXZWdnq1+/fnUeFwAAAAButnrx+GVlZaWWLVumpKQkeXlVX1JlZaXuvfdehYeHKzMzU15eXoqMjNTGjRsVFxen0NDQKu/alZaW6siRI/b1Y8eOKT8/X82aNVNYWJgkKS0tTaNHj1avXr0UExOjpUuXqrCwUBMnTnT9CQMAAACAi9SLULdx40YVFhZq7Nix1+zn4eGhjIwMxcbGysfHx97evXt3bdy4Uc2bN69yvz179iguLs6+npaWJklKSkrS8uXLJUkjRozQmTNnNGvWLBUVFSkqKkobNmxQeHj4DZ4dAAAAANw89SLUJSQkyDCMGvW95557qmzv0aNHtfsMHDiwRuMnJycrOTm5RnUAAAAAQH1Qb96pAwAAAADUHqEOAAAAAEyMUAcAAAAAJkaoAwAAAAATI9QBAAAAgIkR6gAAAADAxAh1AAAAAGBihDoAAAAAMDFCHQAAAACYGKEOAAAAAEyMUAcAAAAAJkaoAwAAAAATI9QBAAAAgIkR6gAAAADAxAh1AAAAAGBihDoAAAAAMDFCHQAAAACYGKEOAAAAAEyMUAcAAAAAJkaoAwAAAAATI9QBAAAAgIkR6gAAAADAxAh1AAAAAGBihDoAAAAAMDFCHQAAAACYGKEOAAAAAEyMUAcAAAAAJkaoAwAAAAATI9QBAAAAgIkR6gAAAADAxAh1AAAAAGBihDoAAAAAMDFCHQAAAACYGKEOAAAAAEyMUAcAAAAAJkaoAwAAAAATI9QBAAAAgIkR6gAAAADAxAh1AAAAAGBihDoAAAAAMDFCHQAAAACYGKHOhR588EE1bdpUjzzyiLtLAQAAANBAEOpcaPLkyVq5cqW7ywAAAADQgBDqXCguLk4BAQHuLgMAAABAA1IvQt2JEyf0xBNPqHnz5mrUqJF69Oih3Nxcl42/detWDRkyRFarVRaLRevXr6+y38KFCxURESE/Pz/ZbDZt27bNZTUAAAAAwM3g9lB39uxZ3XnnnfL29tbf/vY3HThwQK+//rqaNGlSZf/t27frypUrTu0HDx5UcXFxlfuUlZUpOjpa8+fPr7aOzMxMTZkyRdOnT1deXp5iY2OVmJiowsJCex+bzaaoqCin5eTJk7U8awAAAABwDS93F/Daa6+pTZs2WrZsmb2tbdu2VfatrKxUSkqKOnbsqNWrV8vT01OSVFBQoLi4OKWmpmratGlO+yUmJioxMfGadcydO1fjxo3T+PHjJUnz5s1TVlaWFi1apIyMDEly6d1DAAAAAHAFt9+p+/DDD9WrVy89+uijatWqlXr27Km33nqryr4eHh7asGGD8vLyNGbMGFVWVuro0aOKj4/X0KFDqwx0NVFeXq7c3FwlJCQ4tCckJGjHjh11GvNaFixYoK5du6p3794uHxsAAACAefXu3Vtdu3bVggULaryP2+/UffXVV1q0aJHS0tL0q1/9Srt27dLkyZPl6+urMWPGOPW3Wq3KyclR//79NWrUKO3cuVODBg3S4sWL61zD6dOnVVFRoaCgIIf2oKCgah/prMrgwYO1d+9elZWVqXXr1lq3bl2VwS0lJUUpKSkqKSlR48aN61w3AAAAgFvL7t27FRgYWKt93B7qKisr1atXL7366quSpJ49e2r//v1atGhRlaFOksLCwrRy5UoNGDBA7dq109tvvy2LxXLDtfxwDMMwajVuVlbWDdcAAAAAALXh9scvQ0JC1LVrV4e2yMhIhy8o+aFvvvlGEyZM0JAhQ3Tx4kWlpqbeUA0tWrSQp6en0125U6dOOd29AwAAAID6xO2h7s4779ShQ4cc2goKChQeHl5l/9OnT2vQoEGKjIzU2rVrlZOTozVr1mjq1Kl1rsHHx0c2m03Z2dkO7dnZ2erXr1+dxwUAAACAm83tj1+mpqaqX79+evXVVzV8+HDt2rVLS5cu1dKlS536VlZW6t5771V4eLgyMzPl5eWlyMhIbdy4UXFxcQoNDa3yrl1paamOHDliXz927Jjy8/PVrFkzhYWFSZLS0tI0evRo9erVSzExMVq6dKkKCws1ceLEm3fyAAAAAHCD3B7qevfurXXr1umFF17QrFmzFBERoXnz5unxxx936uvh4aGMjAzFxsbKx8fH3t69e3dt3LhRzZs3r/IYe/bsUVxcnH09LS1NkpSUlKTly5dLkkaMGKEzZ85o1qxZKioqUlRUlDZs2FDtHUMAAAAAqA/cHuok6f7779f9999fo7733HNPle09evSodp+BAwfKMIzrjp2cnKzk5OQa1QEAAAAA9YHb36kDAAAAANQdoQ4AAAAATIxQBwAAAAAmRqgDAAAAABMj1AEAAACAiRHqAAAAAMDECHUAAAAAYGKEOgAAAAAwMUIdAAAAAJgYoQ4AAAAATIxQBwAAAAAmRqgDAAAAABMj1AEAAACAiRHqAAAAAMDECHUAAAAAYGKEOgAAAAAwMUIdAAAAAJgYoQ4AAAAATIxQBwAAAAAmRqgDAAAAABMj1AEAAACAiRHqAAAAAMDECHUAAAAAYGKEOgAAAAAwMUIdAAAAAJgYoQ4AAAAATIxQBwAAAAAmRqgDAAAAABMj1AEAAACAiRHqAAAAAMDECHUAAAAAYGKEOgAAAAAwMUIdAAAAAJgYoQ4AAAAATIxQBwAAAAAmRqgDAAAAABMj1AEAAACAiRHqAAAAAMDECHUAAAAAYGKEOgAAAAAwMUIdAAAAAJgYoQ4AAAAATIxQBwAAAAAmRqgDAAAAABMj1AEAAACAiRHqAAAAAMDECHUAAAyAHokAABgRSURBVAAAYGKEOgAAAAAwMUIdAAAAAJgYoQ4AAAAATIxQ50IPPvigmjZtqkceecTdpQAAAABoIAh1LjR58mStXLnS3WUAAAAAaEAIdS4UFxengIAAd5cBAAAAoAFxe6hLT0+XxWJxWIKDg116jK1bt2rIkCGyWq2yWCxav359lf0WLlyoiIgI+fn5yWazadu2bS6tAwAAAABcze2hTpK6deumoqIi+7Jv375q+27fvl1Xrlxxaj948KCKi4ur3KesrEzR0dGaP39+teNmZmZqypQpmj59uvLy8hQbG6vExEQVFhba+9hsNkVFRTktJ0+erMXZAgAAAIDreLm7AEny8vKq0d25yspKpaSkqGPHjlq9erU8PT0lSQUFBYqLi1NqaqqmTZvmtF9iYqISExOvOfbcuXM1btw4jR8/XpI0b948ZWVladGiRcrIyJAk5ebm1vbUrskwDElSSUmJS8cFANRM5eWLbju2Wf+7n8+sbvjcgPqrvlyfV/98NSPUiuFmM2fONBo1amSEhIQYbdu2NUaMGGEcPXq02v4nTpww2rdvb4waNcqoqKgwjhw5YoSGhhoTJkyo0fEkGevWrXNou3z5suHp6WmsXbvWoX3y5MlG//79a3U+mzZtMh5++OFr9pk/f74RGRlptGvXzpDEwsLCwsLCwsLCwsJiSDLat29vREZGGvPnz69xBnH7nbq+fftq5cqV6tSpk7755hu9/PLL6tevn/bv36/mzZs79bdarcrJyVH//v01atQo7dy5U4MGDdLixYvrXMPp06dVUVGhoKAgh/agoKBqH+msyuDBg7V3716VlZWpdevWWrdunXr37u3ULyUlRSkpKTp37pyaNm2qwsJCNW7cuM71o/4oKSlRmzZtdPz4cQUGBrq7HNwg5vPWw5zeepjTWwvzeethTmvOMAxduHBBVqtVHh61e0vO7aHu+49Fdu/eXTExMWrfvr1WrFihtLS0KvcJCwvTypUrNWDAALVr105vv/22LBbLDdfywzEMw6jVuFlZWbU63tXJaty4MX/JbzGBgYHM6S2E+bz1MKe3Hub01sJ83nqY05qp642eevFFKd932223qXv37jp8+HC1fb755htNmDBBQ4YM0cWLF5WamnpDx2zRooU8PT2d7sqdOnXK6e4dAAAAANQn9S7UXb58WV9++aVCQkKq3H769GkNGjRIkZGRWrt2rXJycrRmzRpNnTq1zsf08fGRzWZTdna2Q3t2drb69etX53EBAAAA4GbzTE9PT3dnAVOnTpWvr68Mw1BBQYEmTZqkgoICLVmyRE2aNHHoW1lZqQEDBig0NFTvv/++vL291bJlS917771KTU2Vt7e3YmJinI5RWlqqAwcOqLi4WEuWLFHfvn3l7++v8vJy+y3OwMBAzZgxQ6GhofLz89Orr76qTZs2admyZU51uJKnp6cGDhwoLy+3PwkLF2FOby3M562HOb31MKe3Fubz1sOc3nwWw6jLd2a6zsiRI7V161adPn1aLVu21E9/+lO99NJL6tq1a5X9s7OzFRsbKz8/P4f2/Px8NW/eXG3atHHaZ/PmzYqLi3NqT0pK0vLly+3rCxcu1Jw5c1RUVKSoqCi98cYb6t+//42dIAAAAADcRG4PdQAAAACAuqt379QBAAAAAGqOUAcAAAAAJkaoAwAAAAATI9S50cKFCxURESE/Pz/ZbDZt27bN3SWhBtLT02WxWByW4OBg+3bDMJSeni6r1Sp/f38NHDhQ+/fvd2PF+KGtW7dqyJAhslqtslgsWr9+vcP2mszh5cuX9fTTT6tFixa67bbbNHToUH399dc/5mng/1xvPp988kmna/anP/2pQx/ms/7IyMhQ7969FRAQoFatWumBBx7QoUOHHPpwjZpLTeaU69Q8Fi1apJ/85Cf2HxOPiYnR3/72N/t2rk/3INS5SWZmpqZMmaLp06crLy9PsbGxSkxMVGFhobtLQw1069ZNRUVF9mXfvn32bXPmzNHcuXM1f/587d69W8HBwbrnnnt04cIFN1aM7ysrK1N0dLTmz59f5faazOGUKVO0bt06rV69Wp999plKS0t1//33q6Ki4sc6Dfyf682nJN17770O1+yGDRsctjOf9ceWLVuUkpKizz//XNnZ2fruu++UkJCgsrIyex+uUXOpyZxKXKdm0bp1a82ePVt79uzRnj17FB8fr2HDhtmDG9enmxhwiz59+hgTJ050aOvSpYvx/PPPu6ki1NTMmTON6OjoKrdVVlYawcHBxuzZs+1t3377rdG4cWNj8eLFP1aJqAVJxrp16+zrNZnDc+fOGd7e3sbq1avtfU6cOGF4eHgYn3zyyY9XPJz8cD4NwzCSkpKMYcOGVbsP81m/nTp1ypBkbNmyxTAMrtFbwQ/n1DC4Ts2uadOmxh/+8AeuTzfiTp0blJeXKzc3VwkJCQ7tCQkJ2rFjh5uqQm0cPnxYVqtVERERGjlypL766itJ0rFjx1RcXOwwt76+vhowYABzaxI1mcPc3FxduXLFoY/ValVUVBTzXE9t3rxZrVq1UqdOnfTzn/9cp06dsm9jPuu38+fPS5KaNWsmiWv0VvDDOb2K69R8KioqtHr1apWVlSkmJobr040IdW5w+vRpVVRUKCgoyKE9KChIxcXFbqoKNdW3b1+tXLlSWVlZeuutt1RcXKx+/frpzJkz9vljbs2rJnNYXFwsHx8fNW3atNo+qD8SExP17rvvKicnR6+//rp2796t+Ph4Xb58WRLzWZ8ZhqG0tDTdddddioqKksQ1anZVzanEdWo2+/bt0+233y5fX19NnDhR69atU9euXbk+3cjL3QU0ZBaLxWHdMAynNtQ/iYmJ9j93795dMTExat++vVasWGF/qZu5Nb+6zCHzXD+NGDHC/ueoqCj16tVL4eHh+vjjj/XQQw9Vux/z6X6TJk3Sv/71L3322WdO27hGzam6OeU6NZfOnTsrPz9f586d0wcffKCkpCRt2bLFvp3r88fHnTo3aNGihTw9PZ3+NeLUqVNO/7KB+u+2225T9+7ddfjwYfu3YDK35lWTOQwODlZ5ebnOnj1bbR/UXyEhIQoPD9fhw4clMZ/11dNPP60PP/xQmzZtUuvWre3tXKPmVd2cVoXrtH7z8fFRhw4d1KtXL2VkZCg6Olq/+93vuD7diFDnBj4+PrLZbMrOznZoz87OVr9+/dxUFerq8uXL+vLLLxUSEqKIiAgFBwc7zG15ebm2bNnC3JpETebQZrPJ29vboU9RUZG++OIL5tkEzpw5o+PHjyskJEQS81nfGIahSZMmae3atcrJyVFERITDdq5R87nenFaF69RcDMPQ5cuXuT7dyDM9PT3d3UU0RIGBgZoxY4ZCQ0Pl5+enV199VZs2bdKyZcvUpEkTd5eHa5g6dap8fX1lGIYKCgo0adIkFRQUaMmSJWrSpIkqKiqUkZGhzp07q6KiQr/85S914sQJLV26VL6+vu4uH5JKS0t14MABFRcXa8mSJerbt6/8/f1VXl5eozn08/PTyZMnNX/+fEVHR+v8+fOaOHGiAgIC9Nprr8nDg38v+zFdaz49PT31q1/9SgEBAaqoqFB+fr7Gjx+vK1euaP78+cxnPZSSkqJ3331X77//vqxWq0pLS1VaWipPT095e3vLYrFwjZrM9ea0tLSU69REfvWrX8nHx0eGYej48eN688039c4772jOnDlq374916e7/Ojftwm7BQsWGOHh4YaPj49xxx13OHy1L+qvESNGGCEhIYa3t7dhtVqNhx56yNi/f799e2VlpTFz5kwjODjY8PX1Nfr372/s27fPjRXjhzZt2mRIclqSkpIMw6jZHF66dMmYNGmS0axZM8Pf39+4//77jcLCQjecDa41nxcvXjQSEhKMli1bGt7e3kZYWJiRlJTkNFfMZ/1R1VxKMpYtW2bvwzVqLtebU65Tcxk7dqz9/7+2bNnSGDRokPHpp5/at3N9uofFMAzjxwyRAAAAAADX4f4mAAAAAJgYoQ4AAAAATIxQBwAAAAAmRqgDAAAAABMj1AEAAACAiRHqAAAAAMDECHUAAAAAYGKEOgDAj6pt27aaN2/eTRt/+fLlatKkyU0b/6r09HT16NHjmn2efPJJPfDAAy47pqvHs1gsWr9+vcvGq8qhQ4cUHBysCxcuSLr+/GzevFkWi0Xnzp2rts9HH32knj17qrKy0uX1AoAZEeoAALeUESNGqKCgwN1lmEJRUZESExNv6jGmT5+ulJQUBQQEuGzM+++/XxaLRX/6059cNiYAmBmhDgBwS/H391erVq3cXYYpBAcHy9fX96aN//XXX+vDDz/UU0895fKxn3rqKf3+9793+bgAYEaEOgCAywwcOFCTJk3SpEmT1KRJEzVv3ly//vWvZRiGQ7+LFy9q7NixCggIUFhYmJYuXeqw/bnnnlOnTp3UqFEjtWvXTjNmzNCVK1fs2//5z38qLi5OAQEBCgwMlM1m0549eyQ5P9539THJVatWqW3btmrcuLFGjhxpfxxQki5cuKDHH39ct912m0JCQvTGG29o4MCBmjJlynXPecmSJWrTpo0aNWqkRx999JqPDV6+fFmTJ09Wq1at5Ofnp7vuuku7d+926LN//3797Gc/U2BgoAICAhQbG6ujR49WOV5ubq5atWqlV155pcrt5eXlmjRpkkJCQuTn56e2bdsqIyPDvv37j1+mp6fLYrE4LcuXL5ckGYahOXPmqF27dvL391d0dLTef//9a342a9asUXR0tFq3bl1tnzNnzqhPnz4aOnSovv32W3v79u3bFR0dLT8/P/Xt21f79u1z2G/o0KHatWuXvvrqq2vWAAANAaEOAOBSK1askJeXl/7xj3/ozTff1BtvvKE//OEPDn1ef/119erVS3l5eUpOTtYvfvELHTx40L49ICBAy5cv14EDB/S73/1Ob731lt544w379scff1ytW7fW7t27lZubq+eff17e3t7V1nT06FGtX79eH330kT766CNt2bJFs2fPtm9PS0vT9u3b9eGHHyo7O1vbtm3T3r17r3uuR44c0Zo1a/TXv/5Vn3zyifLz85WSklJt/2nTpumDDz7QihUrtHfvXnXo0EGDBw/Wf//7X0nSiRMn1L9/f/n5+SknJ0e5ubkaO3asvvvuO6exNm/erEGDBunFF1/U9OnTqzzem2++qQ8//FBr1qzRoUOH9M4776ht27ZV9p06daqKiorsy29/+1s1atRIvXr1kiT9+te/1rJly7Ro0SLt379fqampeuKJJ7Rly5Zqz3fr1q32/avy9ddfKzY2Vl26dNHatWvl5+dn3/bss8/qt7/9rXbv3q1WrVpp6NChDsE+PDxcrVq10rZt26odHwAaDAMAABcZMGCAERkZaVRWVtrbnnvuOSMyMtK+Hh4ebjzxxBP29crKSqNVq1bGokWLqh13zpw5hs1ms68HBAQYy5cvr7LvsmXLjMaNG9vXZ86caTRq1MgoKSmxtz377LNG3759DcMwjJKSEsPb29v485//bN9+7tw5o1GjRsYzzzxTbU0zZ840PD09jePHj9vb/va3vxkeHh5GUVGRYRiGkZSUZAwbNswwDMMoLS01vL29jXfffdfev7y83LBarcacOXMMwzCMF154wYiIiDDKy8urPObV8davX28EBAQYf/rTn6qtzzAM4+mnnzbi4+Md5uP7JBnr1q1zat+5c6fh5+dnZGZm2mv38/MzduzY4dBv3LhxxmOPPVbt8aOjo41Zs2Y5tF2dn0OHDhlhYWHG008/7VDfpk2bDEnG6tWr7W1nzpwx/P397fVc1bNnTyM9Pb3a4wNAQ8GdOgCAS/30pz+VxWKxr8fExOjw4cOqqKiwt/3kJz+x/9lisSg4OFinTp2yt73//vu66667FBwcrNtvv10zZsxQYWGhfXtaWprGjx+vu+++W7Nnz6728cSr2rZt6/BFHSEhIfbjffXVV7py5Yr69Olj3964cWN17tz5uucaFhbm8GhhTEyMKisrdejQIae+R48e1ZUrV3TnnXfa27y9vdWnTx99+eWXkqT8/HzFxsZe867jP/7xDz388MNasWKFHnvssWvW9+STTyo/P1+dO3fW5MmT9emnn173nAoLC/XAAw9o6tSpGj58uCTpwIED+vbbb3XPPffo9ttvty8rV6685md/6dIlh7tv32+/66679MADD+jNN990+PtyVUxMjP3PzZo1U+fOne2f01X+/v66ePHidc8JAG51hDoAwI/uh6HFYrHYv57+888/18iRI5WYmKiPPvpIeXl5mj59usrLy+3909PT7e+e5eTkqGvXrlq3bl2djmf83/t+PwwWxg/eA6yJq2NUFVKudZyrbf7+/tc9Rvv27dWlSxf98Y9/dPhMqnLHHXfo2LFjeumll3Tp0iUNHz5cjzzySLX9y8rKNHToUMXExGjWrFn29quf1ccff6z8/Hz7cuDAgWu+V9eiRQudPXvWqd3X11d33323Pv74Y3399dfXO2W7H352//3vf9WyZcsa7w8AtypCHQDApT7//HOn9Y4dO8rT07NG+2/fvl3h4eGaPn26evXqpY4dO+rf//63U79OnTopNTVVn376qR566CEtW7asTvW2b99e3t7e2rVrl72tpKREhw8fvu6+hYWFOnnypH19586d8vDwUKdOnZz6dujQQT4+Pvrss8/sbVeuXNGePXsUGRkp6f/dwdy2bZvDu2M/1KJFC+Xk5Ojo0aMaMWLENftKUmBgoEaMGKG33npLmZmZ+uCDD+zv8H2fYRh64oknVFlZqVWrVjkEqK5du8rX11eFhYXq0KGDw9KmTZtqj92zZ08dOHDAqd3Dw0OrVq2SzWZTfHy8w2d41ff/Hp09e1YFBQXq0qWLve3bb7/V0aNH1bNnz2uePwA0BIQ6AIBLHT9+XGlpaTp06JDee+89/f73v9czzzxT4/07dOigwsJCrV69WkePHtWbb77pcBfu0qVLmjRpkjZv3qx///vf2r59u3bv3m0PRrUVEBCgpKQkPfvss9q0aZP279+vsWPHysPDo8o7bt/n5+enpKQk/fOf/9S2bds0efJkDR8+XMHBwU59b7vtNv3iF7/Qs88+q08++UQHDhzQz3/+c128eFHjxo2TJE2aNEklJSUaOXKk9uzZo8OHD2vVqlVOj3O2atVKOTk5OnjwoB577LEqv0hFkt544w2tXr1aBw8eVEFBgf785z8rODi4yh//Tk9P18aNG7VkyRKVlpaquLhYxcXFunTpkgICAjR16lSlpqZqxYoVOnr0qPLy8rRgwQKtWLGi2s9n8ODB2rlzp8Ojt1d5enrq3XffVXR0tOLj41VcXOywfdasWfr73/+uL774Qk8++aRatGjh8MPrn3/+uXx9fR0e0wSAhopQBwBwqTFjxujSpUvq06ePUlJS9PTTT2vChAk13n/YsGFKTU3VpEmT1KNHD+3YsUMzZsywb/f09NSZM2c0ZswYderUScOHD1diYqJefPHFOtc8d+5cxcTE6P7779fdd9+tO++8U5GRkVW+D/Z9HTp00EMPPaT77rtPCQkJioqK0sKFC6vtP3v2bD388MMaPXq07rjjDh05ckRZWVlq2rSpJKl58+bKyclRaWmpBgwYIJvNprfeeqvKd+yCg4OVk5Ojffv26fHHH68yON1+++167bXX1KtXL/Xu3Vv/+7//qw0bNsjDw/l//rds2aLS0lL169dPISEh9iUzM1OS9NJLL+k3v/mNMjIyFBkZqcGDB+uvf/2rIiIiqj3f++67T97e3tq4cWOV2728vPTee++pW7duio+Pd3ivcvbs2XrmmWdks9lUVFSkDz/8UD4+Pvbt7733nh5//HE1atSo2uMDQENhMery0gAAAFUYOHCgevTooXnz5rm7lBtSVlam0NBQvf766/a7aKibhQsX6i9/+YuysrJcNuZ//vMfdenSRXv27LlmqASAhsLL3QUAAOBueXl5OnjwoPr06aPz58/bvyRk2LBhbq7M/CZMmKCzZ8/qwoULDt9AeiOOHTumhQsXEugA4P8Q6gAAkPTb3/5Whw4dko+Pj2w2m7Zt26YWLVq4uyzT8/LyqvbH0euqT58+Dj9BAQANHY9fAgAAAICJ8UUpAAAAAGBihDoAAAAAMDFCHQAAAACYGKEOAAAAAEyMUAcAAAAAJkaoAwAAAAATI9QBAAAAgIkR6gAAAADAxAh1AAAAAGBi/x9s8UY9N9j7RgAAAABJRU5ErkJggg==</binary>
    </attachment>
  </runQuality>
  <cvList>
    <cv uri="https://raw.githubusercontent.com/imgag/ngs-bits/master/src/cppNGS/Resources/qcML.obo" ID="QC" fullName="QC" version="0.1"/>
  </cvList>
  <xsl:stylesheet id="stylesheet" version="1.0" xmlns:xsl="http://www.w3.org/1999/XSL/Transform" xmlns:ns="http://www.prime-xs.eu/ms/qcml" xmlns="">
      <xsl:template match="/">
          <html>
            <style type="text/css">
            table {border: 1px solid #bbb; border-collapse: collapse; }
            td {border: 1px solid #bbb; padding: 1px 2px 1px 2px; vertical-align: top; }
            th {border: 1px solid #bbb; padding: 1px 2px 1px 2px; text-align: left; background-color: #eee; }
            </style>
              <body>
                  <h2>Meta data:</h2>
                  <table>
                    <tr>
                      <th>Accession</th><th>Name</th><th>Value</th>
                    </tr>
                    <xsl:for-each select="ns:qcML/ns:runQuality">
                      <xsl:for-each select="ns:metaDataParameter">
                        <tr>
                          <td><xsl:value-of select="@accession"/></td>
                          <td><span title="{@description}"><xsl:value-of select="@name"/></span></td>
                          <td>
                            <xsl:choose>
                              <xsl:when test="@accession = 'QC:1000006'"><a href="{@uri}" title="{@uri}" target="blank"><xsl:value-of select="@value"/></a></xsl:when>
                              <xsl:otherwise><xsl:value-of select="@value"/></xsl:otherwise>
                            </xsl:choose>
                          </td>
                        </tr>
                      </xsl:for-each>
                    </xsl:for-each>
                  </table>
                  <h2>Quality parameters:</h2>
                  <table>
                    <tr>
                      <th>Accession</th><th>Name</th><th>Value</th>
                    </tr>
                    <xsl:for-each select="ns:qcML/ns:runQuality">
                      <xsl:for-each select="ns:qualityParameter">
                        <tr>
                          <td><xsl:value-of select="@accession"/></td>
                          <td><span title="{@description}"><xsl:value-of select="@name"/></span></td>
                          <td><xsl:value-of select="@value"/></td>
                        </tr>
                      </xsl:for-each>
                    </xsl:for-each>
                    <xsl:for-each select="ns:qcML/ns:runQuality">
                      <xsl:for-each select="ns:attachment">
                          <xsl:choose>
                              <xsl:when test="ns:binary">
                                <tr>
                                  <td><xsl:value-of select="@accession"/></td>
                                  <td><span title="{@description}"><xsl:value-of select="@name"/></span></td>
                                  <td>
                                    <img>
                                      <xsl:attribute name="src">
                                        data:image/png;base64,<xsl:value-of select="ns:binary"/>
                                      </xsl:attribute>
                                    </img>
                                  </td>
                                </tr>
                              </xsl:when>
                          </xsl:choose>
                      </xsl:for-each>
                    </xsl:for-each>
                  </table>
              </body>
          </html>
      </xsl:template>
  </xsl:stylesheet>
</qcML>
