#track graphtype=points viewLimits=-0.2:1.2 maxHeightPixels=80:80:80
Chromosome	Start	End	Feature	23014LRa023L2_01 BAF
chr1	31062315	31062316	.	0.6070
chr1	31196955	31196956	.	0.9230
chr1	31216895	31216896	.	0.4330
chr1	31249565	31249566	.	0.4930
chr1	31305800	31305801	.	0.4200
chr1	31384960	31384961	.	0.9270
chr1	31434254	31434255	.	0.8590
chr1	31471891	31471892	.	1.0000
chr1	31510930	31510931	.	0.4260
chr1	31542015	31542016	.	1.0000
chr1	31599301	31599302	.	0.9690
chr1	31689682	31689683	.	0.4170
chr1	31818044	31818045	.	0.4440
chr1	31924722	31924723	.	0.4080
