#track graphtype=points viewLimits=-0.2:1.2 maxHeightPixels=80:80:80
Chromosome	Start	End	Feature	23014LRa023L2_02 BAF
chr1	31063895	31063896	.	0.5930
chr1	31198527	31198528	.	0.9380
chr1	31217011	31217012	.	0.4700
chr1	31251041	31251042	.	0.3900
chr1	31308431	31308432	.	0.4760
chr1	31384918	31384919	.	0.5000
chr1	31432118	31432119	.	0.5780
chr1	31471568	31471569	.	0.9030
chr1	31509519	31509520	.	0.4070
chr1	31536889	31536890	.	0.9580
chr1	31595437	31595438	.	0.9860
chr1	31679407	31679408	.	0.9730
chr1	31806832	31806833	.	0.4330
chr1	31912938	31912939	.	0.4790
