Sample_GS110168/GS110168_stats_fastq.qcML:    <qualityParameter ID="qp0001" name="read count" description="Total number of reads (forward and reverse reads of paired-end sequencing count as two reads)." value="994008" cvRef="QC" accession="QC:2000005"/>
Sample_GS110168/GS110168_stats_fastq.qcML:    <qualityParameter ID="qp0002" name="read length" description="Raw read length of a single read before trimming. Comma-separated list of lenghs or length range, if reads have different lengths." value="76" cvRef="QC" accession="QC:2000006"/>
Sample_GS110168/GS110168_stats_fastq.qcML:    <qualityParameter ID="qp0003" name="bases sequenced (MB)" description="Bases sequenced in total (in megabases)." value="75.54" cvRef="QC" accession="QC:2000049"/>
Sample_GS110168/GS110168_stats_fastq.qcML:    <qualityParameter ID="qp0004" name="Q20 read percentage" description="The percentage of reads with a mean base quality score greater than Q20." value="96.91" cvRef="QC" accession="QC:2000007"/>
Sample_GS110168/GS110168_stats_fastq.qcML:    <qualityParameter ID="qp0005" name="Q30 base percentage" description="The percentage of bases with a minimum quality score of Q30." value="87.75" cvRef="QC" accession="QC:2000008"/>
Sample_GS110168/GS110168_stats_fastq.qcML:    <qualityParameter ID="qp0006" name="no base call percentage" description="The percentage of bases without base call (N)." value="0.00" cvRef="QC" accession="QC:2000009"/>
Sample_GS110168/GS110168_stats_fastq.qcML:    <qualityParameter ID="qp0007" name="gc content percentage" description="The percentage of bases that are called to be G or C." value="50.93" cvRef="QC" accession="QC:2000010"/>
Sample_GS110168/GS110168_stats_map.qcML:    <qualityParameter ID="qp0001" name="trimmed base percentage" description="Percentage of bases that were trimmed during to adapter or quality trimming." value="7.02" cvRef="QC" accession="QC:2000019"/>
Sample_GS110168/GS110168_stats_map.qcML:    <qualityParameter ID="qp0002" name="clipped base percentage" description="Percentage of the bases that are soft-clipped or hand-clipped during mapping." value="0.10" cvRef="QC" accession="QC:2000052"/>
Sample_GS110168/GS110168_stats_map.qcML:    <qualityParameter ID="qp0003" name="mapped read percentage" description="Percentage of reads that could be mapped to the reference genome." value="99.96" cvRef="QC" accession="QC:2000020"/>
Sample_GS110168/GS110168_stats_map.qcML:    <qualityParameter ID="qp0004" name="on-target read percentage" description="Percentage of reads that could be mapped to the target region." value="80.53" cvRef="QC" accession="QC:2000021"/>
Sample_GS110168/GS110168_stats_map.qcML:    <qualityParameter ID="qp0005" name="properly-paired read percentage" description="Percentage of properly paired reads (for paired-end reads only)." value="99.41" cvRef="QC" accession="QC:2000022"/>
Sample_GS110168/GS110168_stats_map.qcML:    <qualityParameter ID="qp0006" name="insert size" description="Mean insert size (for paired-end reads only)." value="111.83" cvRef="QC" accession="QC:2000023"/>
Sample_GS110168/GS110168_stats_map.qcML:    <qualityParameter ID="qp0007" name="duplicate read percentage" description="Percentage of reads removed because they were duplicates (PCR, optical, etc)" value="6.33" cvRef="QC" accession="QC:2000024"/>
Sample_GS110168/GS110168_stats_map.qcML:    <qualityParameter ID="qp0008" name="bases usable (MB)" description="Bases sequenced that are usable for variant calling (in megabases)." value="43.36" cvRef="QC" accession="QC:2000050"/>
Sample_GS110168/GS110168_stats_map.qcML:    <qualityParameter ID="qp0009" name="target region read depth" description="Average sequencing depth in target region." value="1.09" cvRef="QC" accession="QC:2000025"/>
Sample_GS110168/GS110168_stats_map.qcML:    <qualityParameter ID="qp0010" name="target region 10x percentage" description="Percentage of the target region that is covered at least 10-fold." value="1.00" cvRef="QC" accession="QC:2000026"/>
Sample_GS110168/GS110168_stats_map.qcML:    <qualityParameter ID="qp0011" name="target region 20x percentage" description="Percentage of the target region that is covered at least 20-fold." value="0.94" cvRef="QC" accession="QC:2000027"/>
Sample_GS110168/GS110168_stats_map.qcML:    <qualityParameter ID="qp0012" name="target region 30x percentage" description="Percentage of the target region that is covered at least 30-fold." value="0.88" cvRef="QC" accession="QC:2000028"/>
Sample_GS110168/GS110168_stats_map.qcML:    <qualityParameter ID="qp0013" name="target region 50x percentage" description="Percentage of the target region that is covered at least 50-fold." value="0.73" cvRef="QC" accession="QC:2000029"/>
Sample_GS110168/GS110168_stats_map.qcML:    <qualityParameter ID="qp0014" name="target region 100x percentage" description="Percentage of the target region that is covered at least 100-fold." value="0.41" cvRef="QC" accession="QC:2000030"/>
Sample_GS110168/GS110168_stats_map.qcML:    <qualityParameter ID="qp0015" name="target region 200x percentage" description="Percentage of the target region that is covered at least 200-fold." value="0.11" cvRef="QC" accession="QC:2000031"/>
Sample_GS110168/GS110168_stats_map.qcML:    <qualityParameter ID="qp0016" name="target region 500x percentage" description="Percentage of the target region that is covered at least 500-fold." value="0.01" cvRef="QC" accession="QC:2000032"/>
Sample_GS110168/GS110168_stats_map.qcML:    <qualityParameter ID="qp0019" name="SNV allele frequency deviation" description="Percentage of common SNPs that deviate from the expected allele frequency (i.e. 0.0, 0.5 or 1.0 for diploid organisms)" value="1.28" cvRef="QC" accession="QC:2000051"/>
Sample_GS110168/GS110168_stats_map.qcML:    <qualityParameter ID="qp0020" name="error estimation read depth" description="Average read depth on the special target region used for error estimation after mapping: chr1:152057442-152060019, chr9:5919683-5923309, chr18:19995536-19997774." value="0.00" cvRef="QC" accession="QC:2000033"/>
Sample_GS110168/GS110168_stats_map.qcML:    <qualityParameter ID="qp0021" name="error estimation N percentage" description="No base call (N) percentage determined on special target region after mapping." value="n/a (average depth too low)" cvRef="QC" accession="QC:2000034"/>
Sample_GS110168/GS110168_stats_map.qcML:    <qualityParameter ID="qp0022" name="error estimation SNV percentage" description="SNV error percentage determined on special target region after mapping." value="n/a (average depth too low)" cvRef="QC" accession="QC:2000035"/>
Sample_GS110168/GS110168_stats_map.qcML:    <qualityParameter ID="qp0023" name="error estimation indel percentage" description="INDEL error percentage determined on special target region after mapping." value="n/a (average depth too low)" cvRef="QC" accession="QC:2000036"/>
Sample_GS110169/GS110169_stats_fastq.qcML:    <qualityParameter ID="qp0001" name="read count" description="Total number of reads (forward and reverse reads of paired-end sequencing count as two reads)." value="950726" cvRef="QC" accession="QC:2000005"/>
Sample_GS110169/GS110169_stats_fastq.qcML:    <qualityParameter ID="qp0002" name="read length" description="Raw read length of a single read before trimming. Comma-separated list of lenghs or length range, if reads have different lengths." value="76" cvRef="QC" accession="QC:2000006"/>
Sample_GS110169/GS110169_stats_fastq.qcML:    <qualityParameter ID="qp0003" name="bases sequenced (MB)" description="Bases sequenced in total (in megabases)." value="72.26" cvRef="QC" accession="QC:2000049"/>
Sample_GS110169/GS110169_stats_fastq.qcML:    <qualityParameter ID="qp0004" name="Q20 read percentage" description="The percentage of reads with a mean base quality score greater than Q20." value="97.47" cvRef="QC" accession="QC:2000007"/>
Sample_GS110169/GS110169_stats_fastq.qcML:    <qualityParameter ID="qp0005" name="Q30 base percentage" description="The percentage of bases with a minimum quality score of Q30." value="89.65" cvRef="QC" accession="QC:2000008"/>
Sample_GS110169/GS110169_stats_fastq.qcML:    <qualityParameter ID="qp0006" name="no base call percentage" description="The percentage of bases without base call (N)." value="0.01" cvRef="QC" accession="QC:2000009"/>
Sample_GS110169/GS110169_stats_fastq.qcML:    <qualityParameter ID="qp0007" name="gc content percentage" description="The percentage of bases that are called to be G or C." value="50.50" cvRef="QC" accession="QC:2000010"/>
Sample_GS110169/GS110169_stats_map.qcML:    <qualityParameter ID="qp0001" name="trimmed base percentage" description="Percentage of bases that were trimmed during to adapter or quality trimming." value="7.03" cvRef="QC" accession="QC:2000019"/>
Sample_GS110169/GS110169_stats_map.qcML:    <qualityParameter ID="qp0002" name="clipped base percentage" description="Percentage of the bases that are soft-clipped or hand-clipped during mapping." value="0.11" cvRef="QC" accession="QC:2000052"/>
Sample_GS110169/GS110169_stats_map.qcML:    <qualityParameter ID="qp0003" name="mapped read percentage" description="Percentage of reads that could be mapped to the reference genome." value="99.96" cvRef="QC" accession="QC:2000020"/>
Sample_GS110169/GS110169_stats_map.qcML:    <qualityParameter ID="qp0004" name="on-target read percentage" description="Percentage of reads that could be mapped to the target region." value="79.86" cvRef="QC" accession="QC:2000021"/>
Sample_GS110169/GS110169_stats_map.qcML:    <qualityParameter ID="qp0005" name="properly-paired read percentage" description="Percentage of properly paired reads (for paired-end reads only)." value="99.28" cvRef="QC" accession="QC:2000022"/>
Sample_GS110169/GS110169_stats_map.qcML:    <qualityParameter ID="qp0006" name="insert size" description="Mean insert size (for paired-end reads only)." value="107.21" cvRef="QC" accession="QC:2000023"/>
Sample_GS110169/GS110169_stats_map.qcML:    <qualityParameter ID="qp0007" name="duplicate read percentage" description="Percentage of reads removed because they were duplicates (PCR, optical, etc)" value="7.65" cvRef="QC" accession="QC:2000024"/>
Sample_GS110169/GS110169_stats_map.qcML:    <qualityParameter ID="qp0008" name="bases usable (MB)" description="Bases sequenced that are usable for variant calling (in megabases)." value="40.66" cvRef="QC" accession="QC:2000050"/>
Sample_GS110169/GS110169_stats_map.qcML:    <qualityParameter ID="qp0009" name="target region read depth" description="Average sequencing depth in target region." value="1.02" cvRef="QC" accession="QC:2000025"/>
Sample_GS110169/GS110169_stats_map.qcML:    <qualityParameter ID="qp0010" name="target region 10x percentage" description="Percentage of the target region that is covered at least 10-fold." value="0.99" cvRef="QC" accession="QC:2000026"/>
Sample_GS110169/GS110169_stats_map.qcML:    <qualityParameter ID="qp0011" name="target region 20x percentage" description="Percentage of the target region that is covered at least 20-fold." value="0.92" cvRef="QC" accession="QC:2000027"/>
Sample_GS110169/GS110169_stats_map.qcML:    <qualityParameter ID="qp0012" name="target region 30x percentage" description="Percentage of the target region that is covered at least 30-fold." value="0.85" cvRef="QC" accession="QC:2000028"/>
Sample_GS110169/GS110169_stats_map.qcML:    <qualityParameter ID="qp0013" name="target region 50x percentage" description="Percentage of the target region that is covered at least 50-fold." value="0.70" cvRef="QC" accession="QC:2000029"/>
Sample_GS110169/GS110169_stats_map.qcML:    <qualityParameter ID="qp0014" name="target region 100x percentage" description="Percentage of the target region that is covered at least 100-fold." value="0.38" cvRef="QC" accession="QC:2000030"/>
Sample_GS110169/GS110169_stats_map.qcML:    <qualityParameter ID="qp0015" name="target region 200x percentage" description="Percentage of the target region that is covered at least 200-fold." value="0.10" cvRef="QC" accession="QC:2000031"/>
Sample_GS110169/GS110169_stats_map.qcML:    <qualityParameter ID="qp0016" name="target region 500x percentage" description="Percentage of the target region that is covered at least 500-fold." value="0.01" cvRef="QC" accession="QC:2000032"/>
Sample_GS110169/GS110169_stats_map.qcML:    <qualityParameter ID="qp0019" name="SNV allele frequency deviation" description="Percentage of common SNPs that deviate from the expected allele frequency (i.e. 0.0, 0.5 or 1.0 for diploid organisms)" value="1.75" cvRef="QC" accession="QC:2000051"/>
Sample_GS110169/GS110169_stats_map.qcML:    <qualityParameter ID="qp0020" name="error estimation read depth" description="Average read depth on the special target region used for error estimation after mapping: chr1:152057442-152060019, chr9:5919683-5923309, chr18:19995536-19997774." value="0.00" cvRef="QC" accession="QC:2000033"/>
Sample_GS110169/GS110169_stats_map.qcML:    <qualityParameter ID="qp0021" name="error estimation N percentage" description="No base call (N) percentage determined on special target region after mapping." value="n/a (average depth too low)" cvRef="QC" accession="QC:2000034"/>
Sample_GS110169/GS110169_stats_map.qcML:    <qualityParameter ID="qp0022" name="error estimation SNV percentage" description="SNV error percentage determined on special target region after mapping." value="n/a (average depth too low)" cvRef="QC" accession="QC:2000035"/>
Sample_GS110169/GS110169_stats_map.qcML:    <qualityParameter ID="qp0023" name="error estimation indel percentage" description="INDEL error percentage determined on special target region after mapping." value="n/a (average depth too low)" cvRef="QC" accession="QC:2000036"/>
Sample_GS150344_01/GS150344_01_stats_fastq.qcML:    <qualityParameter ID="qp0001" name="read count" description="Total number of reads (forward and reverse reads of paired-end sequencing count as two reads)." value="40836" cvRef="QC" accession="QC:2000005"/>
Sample_GS150344_01/GS150344_01_stats_fastq.qcML:    <qualityParameter ID="qp0002" name="read length" description="Raw read length of a single read before trimming. Comma-separated list of lenghs or length range, if reads have different lengths." value="158" cvRef="QC" accession="QC:2000006"/>
Sample_GS150344_01/GS150344_01_stats_fastq.qcML:    <qualityParameter ID="qp0003" name="bases sequenced (MB)" description="Bases sequenced in total (in megabases)." value="6.45" cvRef="QC" accession="QC:2000049"/>
Sample_GS150344_01/GS150344_01_stats_fastq.qcML:    <qualityParameter ID="qp0004" name="Q20 read percentage" description="The percentage of reads with a mean base quality score greater than Q20." value="99.76" cvRef="QC" accession="QC:2000007"/>
Sample_GS150344_01/GS150344_01_stats_fastq.qcML:    <qualityParameter ID="qp0005" name="Q30 base percentage" description="The percentage of bases with a minimum quality score of Q30." value="95.73" cvRef="QC" accession="QC:2000008"/>
Sample_GS150344_01/GS150344_01_stats_fastq.qcML:    <qualityParameter ID="qp0006" name="no base call percentage" description="The percentage of bases without base call (N)." value="0.00" cvRef="QC" accession="QC:2000009"/>
Sample_GS150344_01/GS150344_01_stats_fastq.qcML:    <qualityParameter ID="qp0007" name="gc content percentage" description="The percentage of bases that are called to be G or C." value="38.94" cvRef="QC" accession="QC:2000010"/>
Sample_GS150344_01/GS150344_01_stats_map.qcML:    <qualityParameter ID="qp0001" name="trimmed base percentage" description="Percentage of bases that were trimmed during to adapter or quality trimming." value="10.62" cvRef="QC" accession="QC:2000019"/>
Sample_GS150344_01/GS150344_01_stats_map.qcML:    <qualityParameter ID="qp0002" name="clipped base percentage" description="Percentage of the bases that are soft-clipped or hand-clipped during mapping." value="1.65" cvRef="QC" accession="QC:2000052"/>
Sample_GS150344_01/GS150344_01_stats_map.qcML:    <qualityParameter ID="qp0003" name="mapped read percentage" description="Percentage of reads that could be mapped to the reference genome." value="99.91" cvRef="QC" accession="QC:2000020"/>
Sample_GS150344_01/GS150344_01_stats_map.qcML:    <qualityParameter ID="qp0004" name="on-target read percentage" description="Percentage of reads that could be mapped to the target region." value="95.19" cvRef="QC" accession="QC:2000021"/>
Sample_GS150344_01/GS150344_01_stats_map.qcML:    <qualityParameter ID="qp0005" name="properly-paired read percentage" description="Percentage of properly paired reads (for paired-end reads only)." value="96.51" cvRef="QC" accession="QC:2000022"/>
Sample_GS150344_01/GS150344_01_stats_map.qcML:    <qualityParameter ID="qp0006" name="insert size" description="Mean insert size (for paired-end reads only)." value="156.66" cvRef="QC" accession="QC:2000023"/>
Sample_GS150344_01/GS150344_01_stats_map.qcML:    <qualityParameter ID="qp0007" name="duplicate read percentage" description="Percentage of reads removed because they were duplicates (PCR, optical, etc)" value="5.62" cvRef="QC" accession="QC:2000024"/>
Sample_GS150344_01/GS150344_01_stats_map.qcML:    <qualityParameter ID="qp0008" name="bases usable (MB)" description="Bases sequenced that are usable for variant calling (in megabases)." value="4.20" cvRef="QC" accession="QC:2000050"/>
Sample_GS150344_01/GS150344_01_stats_map.qcML:    <qualityParameter ID="qp0009" name="target region read depth" description="Average sequencing depth in target region." value="31.04" cvRef="QC" accession="QC:2000025"/>
Sample_GS150344_01/GS150344_01_stats_map.qcML:    <qualityParameter ID="qp0010" name="target region 10x percentage" description="Percentage of the target region that is covered at least 10-fold." value="13.62" cvRef="QC" accession="QC:2000026"/>
Sample_GS150344_01/GS150344_01_stats_map.qcML:    <qualityParameter ID="qp0011" name="target region 20x percentage" description="Percentage of the target region that is covered at least 20-fold." value="13.62" cvRef="QC" accession="QC:2000027"/>
Sample_GS150344_01/GS150344_01_stats_map.qcML:    <qualityParameter ID="qp0012" name="target region 30x percentage" description="Percentage of the target region that is covered at least 30-fold." value="13.62" cvRef="QC" accession="QC:2000028"/>
Sample_GS150344_01/GS150344_01_stats_map.qcML:    <qualityParameter ID="qp0013" name="target region 50x percentage" description="Percentage of the target region that is covered at least 50-fold." value="13.62" cvRef="QC" accession="QC:2000029"/>
Sample_GS150344_01/GS150344_01_stats_map.qcML:    <qualityParameter ID="qp0014" name="target region 100x percentage" description="Percentage of the target region that is covered at least 100-fold." value="13.59" cvRef="QC" accession="QC:2000030"/>
Sample_GS150344_01/GS150344_01_stats_map.qcML:    <qualityParameter ID="qp0015" name="target region 200x percentage" description="Percentage of the target region that is covered at least 200-fold." value="10.21" cvRef="QC" accession="QC:2000031"/>
Sample_GS150344_01/GS150344_01_stats_map.qcML:    <qualityParameter ID="qp0016" name="target region 500x percentage" description="Percentage of the target region that is covered at least 500-fold." value="0.00" cvRef="QC" accession="QC:2000032"/>
Sample_GS150344_01/GS150344_01_stats_map.qcML:    <qualityParameter ID="qp0019" name="SNV allele frequency deviation" description="Percentage of common SNPs that deviate from the expected allele frequency (i.e. 0.0, 0.5 or 1.0 for diploid organisms)" value="n/a" cvRef="QC" accession="QC:2000051"/>
Sample_GS150344_01/GS150344_01_stats_map.qcML:    <qualityParameter ID="qp0020" name="error estimation read depth" description="Average read depth on the special target region used for error estimation after mapping: chr1:152057442-152060019, chr9:5919683-5923309, chr18:19995536-19997774." value="0.00" cvRef="QC" accession="QC:2000033"/>
Sample_GS150344_01/GS150344_01_stats_map.qcML:    <qualityParameter ID="qp0021" name="error estimation N percentage" description="No base call (N) percentage determined on special target region after mapping." value="n/a (average depth too low)" cvRef="QC" accession="QC:2000034"/>
Sample_GS150344_01/GS150344_01_stats_map.qcML:    <qualityParameter ID="qp0022" name="error estimation SNV percentage" description="SNV error percentage determined on special target region after mapping." value="n/a (average depth too low)" cvRef="QC" accession="QC:2000035"/>
Sample_GS150344_01/GS150344_01_stats_map.qcML:    <qualityParameter ID="qp0023" name="error estimation indel percentage" description="INDEL error percentage determined on special target region after mapping." value="n/a (average depth too low)" cvRef="QC" accession="QC:2000036"/>
