    <qualityParameter ID="qp0001" name="sample correlation" description="SNP-based sample correlation of tumor / normal." value="1.00" cvRef="QC" accession="QC:2000040"/>
    <qualityParameter ID="qp0002" name="variant count" description="Total number of variants in the target region." value="7" cvRef="QC" accession="QC:2000013"/>
    <qualityParameter ID="qp0003" name="somatic variant count" description="Total number of somatic variants in the target region." value="3" cvRef="QC" accession="QC:2000041"/>
    <qualityParameter ID="qp0004" name="known somatic variants percentage" description="Percentage of somatic variants that are listed as germline variants in public datbases (e.g. AF&gt;1% in ExAC)." value="0.00" cvRef="QC" accession="QC:2000045"/>
    <qualityParameter ID="qp0005" name="somatic indel percentage" description="Percentage of somatic variants that are insertions/deletions." value="0.00" cvRef="QC" accession="QC:2000042"/>
    <qualityParameter ID="qp0006" name="somatic transition/transversion ratio" description="Somatic Transition/transversion ratio of SNV variants." value="2.00" cvRef="QC" accession="QC:2000043"/>
    <qualityParameter ID="qp0007" name="somatic variant rate" description="Categorized somatic variant rate (high/intermediate/low) followed by the somatic variant rate [variants/Mb] normalized for the target region and corrected for truncating variant(s) in tumor suppressors / oncogenes." value="low (0.08 var/Mb)" cvRef="QC" accession="QC:2000053"/>
    <qualityParameter ID="qp0008" name="tumor content estimate" description="Estimate of tumor content." value="n/a (too few variants)" cvRef="QC" accession="QC:2000054"/>
