OMIM
607139 [GENE=FANCA PHENOS=Fanconi anemia,complementation group A,227650,Autosomal recessive]
