NA12878_03_stats_fastq.qcML:    <qualityParameter ID="qp0001" name="read count" description="Total number of reads (forward and reverse reads of paired-end sequencing count as two reads)." value="1059810" cvRef="QC" accession="QC:2000005"/>
NA12878_03_stats_fastq.qcML:    <qualityParameter ID="qp0002" name="read length" description="Raw read length of a single read before trimming. Comma-separated list of lenghs or length range, if reads have different lengths." value="158" cvRef="QC" accession="QC:2000006"/>
NA12878_03_stats_fastq.qcML:    <qualityParameter ID="qp0003" name="bases sequenced (MB)" description="Bases sequenced in total (in megabases)." value="167.45" cvRef="QC" accession="QC:2000049"/>
NA12878_03_stats_fastq.qcML:    <qualityParameter ID="qp0004" name="Q20 read percentage" description="The percentage of reads with a mean base quality score greater than Q20." value="98.60" cvRef="QC" accession="QC:2000007"/>
NA12878_03_stats_fastq.qcML:    <qualityParameter ID="qp0005" name="Q30 base percentage" description="The percentage of bases with a minimum quality score of Q30." value="94.48" cvRef="QC" accession="QC:2000008"/>
NA12878_03_stats_fastq.qcML:    <qualityParameter ID="qp0006" name="no base call percentage" description="The percentage of bases without base call (N)." value="0.00" cvRef="QC" accession="QC:2000009"/>
NA12878_03_stats_fastq.qcML:    <qualityParameter ID="qp0007" name="gc content percentage" description="The percentage of bases that are called to be G or C." value="45.43" cvRef="QC" accession="QC:2000010"/>
NA12878_03_stats_map.qcML:    <qualityParameter ID="qp0001" name="trimmed base percentage" description="Percentage of bases that were trimmed during to adapter or quality trimming." value="13.91" cvRef="QC" accession="QC:2000019"/>
NA12878_03_stats_map.qcML:    <qualityParameter ID="qp0002" name="clipped base percentage" description="Percentage of the bases that are soft-clipped or hand-clipped during mapping." value="0.11" cvRef="QC" accession="QC:2000052"/>
NA12878_03_stats_map.qcML:    <qualityParameter ID="qp0003" name="mapped read percentage" description="Percentage of reads that could be mapped to the reference genome." value="99.77" cvRef="QC" accession="QC:2000020"/>
NA12878_03_stats_map.qcML:    <qualityParameter ID="qp0004" name="on-target read percentage" description="Percentage of reads that could be mapped to the target region." value="86.22" cvRef="QC" accession="QC:2000021"/>
NA12878_03_stats_map.qcML:    <qualityParameter ID="qp0005" name="properly-paired read percentage" description="Percentage of properly paired reads (for paired-end reads only)." value="99.64" cvRef="QC" accession="QC:2000022"/>
NA12878_03_stats_map.qcML:    <qualityParameter ID="qp0006" name="insert size" description="Mean insert size (for paired-end reads only)." value="176.58" cvRef="QC" accession="QC:2000023"/>
NA12878_03_stats_map.qcML:    <qualityParameter ID="qp0007" name="duplicate read percentage" description="Percentage of reads removed because they were duplicates (PCR, optical, etc)." value="n/a (no duplicates marked or duplicates removed during data analysis)" cvRef="QC" accession="QC:2000024"/>
NA12878_03_stats_map.qcML:    <qualityParameter ID="qp0008" name="bases usable (MB)" description="Bases sequenced that are usable for variant calling (in megabases)." value="74.23" cvRef="QC" accession="QC:2000050"/>
NA12878_03_stats_map.qcML:    <qualityParameter ID="qp0009" name="target region read depth" description="Average sequencing depth in target region." value="300.14" cvRef="QC" accession="QC:2000025"/>
NA12878_03_stats_map.qcML:    <qualityParameter ID="qp0010" name="target region 10x percentage" description="Percentage of the target region that is covered at least 10-fold." value="96.71" cvRef="QC" accession="QC:2000026"/>
NA12878_03_stats_map.qcML:    <qualityParameter ID="qp0011" name="target region 20x percentage" description="Percentage of the target region that is covered at least 20-fold." value="93.46" cvRef="QC" accession="QC:2000027"/>
NA12878_03_stats_map.qcML:    <qualityParameter ID="qp0012" name="target region 30x percentage" description="Percentage of the target region that is covered at least 30-fold." value="89.84" cvRef="QC" accession="QC:2000028"/>
NA12878_03_stats_map.qcML:    <qualityParameter ID="qp0013" name="target region 50x percentage" description="Percentage of the target region that is covered at least 50-fold." value="82.40" cvRef="QC" accession="QC:2000029"/>
NA12878_03_stats_map.qcML:    <qualityParameter ID="qp0014" name="target region 100x percentage" description="Percentage of the target region that is covered at least 100-fold." value="64.40" cvRef="QC" accession="QC:2000030"/>
NA12878_03_stats_map.qcML:    <qualityParameter ID="qp0015" name="target region 200x percentage" description="Percentage of the target region that is covered at least 200-fold." value="43.17" cvRef="QC" accession="QC:2000031"/>
NA12878_03_stats_map.qcML:    <qualityParameter ID="qp0016" name="target region 500x percentage" description="Percentage of the target region that is covered at least 500-fold." value="21.71" cvRef="QC" accession="QC:2000032"/>
NA12878_03_stats_map.qcML:    <qualityParameter ID="qp0019" name="SNV allele frequency deviation" description="Percentage of common SNPs that deviate from the expected allele frequency (i.e. 0.0, 0.5 or 1.0 for diploid organisms)" value="4.11" cvRef="QC" accession="QC:2000051"/>
NA12878_03_stats_vc.qcML:    <qualityParameter ID="qp0001" name="variant count" description="Total number of variants in the target region." value="155" cvRef="QC" accession="QC:2000013"/>
NA12878_03_stats_vc.qcML:    <qualityParameter ID="qp0002" name="known variants percentage" description="Percentage of variants that are known polymorphisms in the dbSNP database." value="97.42" cvRef="QC" accession="QC:2000014"/>
NA12878_03_stats_vc.qcML:    <qualityParameter ID="qp0003" name="high-impact variants percentage" description="Percentage of variants with high impact on the protein, i.e. stop-gain, stop-loss, frameshift, splice-acceptor or splice-donor variants." value="0.65" cvRef="QC" accession="QC:2000015"/>
NA12878_03_stats_vc.qcML:    <qualityParameter ID="qp0004" name="homozygous variants percentage" description="Percentage of variants that are called as homozygous." value="40.00" cvRef="QC" accession="QC:2000016"/>
NA12878_03_stats_vc.qcML:    <qualityParameter ID="qp0005" name="indel variants percentage" description="Percentage of variants that are insertions/deletions." value="3.87" cvRef="QC" accession="QC:2000017"/>
NA12878_03_stats_vc.qcML:    <qualityParameter ID="qp0006" name="transition/transversion ratio" description="Transition/transversion ratio of SNV variants." value="3.03" cvRef="QC" accession="QC:2000018"/>
